Archive member included to satisfy reference by file (symbol)

e:/workspace/clion/gcc-arm-none-eabi-10.3-2021.10/bin/../lib/gcc/arm-none-eabi/10.3.1/../../../../arm-none-eabi/lib/thumb/v7-m/nofp\libg.a(lib_a-errno.o)
                              CMakeFiles/pro1.elf.dir/Core/Src/retarget.c.obj (__errno)
e:/workspace/clion/gcc-arm-none-eabi-10.3-2021.10/bin/../lib/gcc/arm-none-eabi/10.3.1/../../../../arm-none-eabi/lib/thumb/v7-m/nofp\libg.a(lib_a-exit.o)
                              e:/workspace/clion/gcc-arm-none-eabi-10.3-2021.10/bin/../lib/gcc/arm-none-eabi/10.3.1/../../../../arm-none-eabi/lib/thumb/v7-m/nofp/crt0.o (exit)
e:/workspace/clion/gcc-arm-none-eabi-10.3-2021.10/bin/../lib/gcc/arm-none-eabi/10.3.1/../../../../arm-none-eabi/lib/thumb/v7-m/nofp\libg.a(lib_a-impure.o)
                              e:/workspace/clion/gcc-arm-none-eabi-10.3-2021.10/bin/../lib/gcc/arm-none-eabi/10.3.1/../../../../arm-none-eabi/lib/thumb/v7-m/nofp\libg.a(lib_a-exit.o) (_global_impure_ptr)
e:/workspace/clion/gcc-arm-none-eabi-10.3-2021.10/bin/../lib/gcc/arm-none-eabi/10.3.1/../../../../arm-none-eabi/lib/thumb/v7-m/nofp\libg.a(lib_a-init.o)
                              e:/workspace/clion/gcc-arm-none-eabi-10.3-2021.10/bin/../lib/gcc/arm-none-eabi/10.3.1/../../../../arm-none-eabi/lib/thumb/v7-m/nofp/crt0.o (__libc_init_array)
e:/workspace/clion/gcc-arm-none-eabi-10.3-2021.10/bin/../lib/gcc/arm-none-eabi/10.3.1/../../../../arm-none-eabi/lib/thumb/v7-m/nofp\libg.a(lib_a-memset.o)
                              e:/workspace/clion/gcc-arm-none-eabi-10.3-2021.10/bin/../lib/gcc/arm-none-eabi/10.3.1/../../../../arm-none-eabi/lib/thumb/v7-m/nofp/crt0.o (memset)
e:/workspace/clion/gcc-arm-none-eabi-10.3-2021.10/bin/../lib/gcc/arm-none-eabi/10.3.1/../../../../arm-none-eabi/lib/thumb/v7-m/nofp\libg.a(lib_a-printf.o)
                              CMakeFiles/pro1.elf.dir/Core/Src/main.c.obj (printf)
e:/workspace/clion/gcc-arm-none-eabi-10.3-2021.10/bin/../lib/gcc/arm-none-eabi/10.3.1/../../../../arm-none-eabi/lib/thumb/v7-m/nofp\libg.a(lib_a-puts.o)
                              CMakeFiles/pro1.elf.dir/Core/Src/main.c.obj (puts)
e:/workspace/clion/gcc-arm-none-eabi-10.3-2021.10/bin/../lib/gcc/arm-none-eabi/10.3.1/../../../../arm-none-eabi/lib/thumb/v7-m/nofp\libg.a(lib_a-setvbuf.o)
                              CMakeFiles/pro1.elf.dir/Core/Src/retarget.c.obj (setvbuf)
e:/workspace/clion/gcc-arm-none-eabi-10.3-2021.10/bin/../lib/gcc/arm-none-eabi/10.3.1/../../../../arm-none-eabi/lib/thumb/v7-m/nofp\libg.a(lib_a-strlen-stub.o)
                              e:/workspace/clion/gcc-arm-none-eabi-10.3-2021.10/bin/../lib/gcc/arm-none-eabi/10.3.1/../../../../arm-none-eabi/lib/thumb/v7-m/nofp\libg.a(lib_a-puts.o) (strlen)
e:/workspace/clion/gcc-arm-none-eabi-10.3-2021.10/bin/../lib/gcc/arm-none-eabi/10.3.1/../../../../arm-none-eabi/lib/thumb/v7-m/nofp\libg.a(lib_a-vfprintf.o)
                              e:/workspace/clion/gcc-arm-none-eabi-10.3-2021.10/bin/../lib/gcc/arm-none-eabi/10.3.1/../../../../arm-none-eabi/lib/thumb/v7-m/nofp\libg.a(lib_a-printf.o) (_vfprintf_r)
e:/workspace/clion/gcc-arm-none-eabi-10.3-2021.10/bin/../lib/gcc/arm-none-eabi/10.3.1/../../../../arm-none-eabi/lib/thumb/v7-m/nofp\libg.a(lib_a-wsetup.o)
                              e:/workspace/clion/gcc-arm-none-eabi-10.3-2021.10/bin/../lib/gcc/arm-none-eabi/10.3.1/../../../../arm-none-eabi/lib/thumb/v7-m/nofp\libg.a(lib_a-vfprintf.o) (__swsetup_r)
e:/workspace/clion/gcc-arm-none-eabi-10.3-2021.10/bin/../lib/gcc/arm-none-eabi/10.3.1/../../../../arm-none-eabi/lib/thumb/v7-m/nofp\libg.a(lib_a-__call_atexit.o)
                              e:/workspace/clion/gcc-arm-none-eabi-10.3-2021.10/bin/../lib/gcc/arm-none-eabi/10.3.1/../../../../arm-none-eabi/lib/thumb/v7-m/nofp\libg.a(lib_a-exit.o) (__call_exitprocs)
e:/workspace/clion/gcc-arm-none-eabi-10.3-2021.10/bin/../lib/gcc/arm-none-eabi/10.3.1/../../../../arm-none-eabi/lib/thumb/v7-m/nofp\libg.a(lib_a-atexit.o)
                              e:/workspace/clion/gcc-arm-none-eabi-10.3-2021.10/bin/../lib/gcc/arm-none-eabi/10.3.1/../../../../arm-none-eabi/lib/thumb/v7-m/nofp\libg.a(lib_a-__call_atexit.o) (atexit)
e:/workspace/clion/gcc-arm-none-eabi-10.3-2021.10/bin/../lib/gcc/arm-none-eabi/10.3.1/../../../../arm-none-eabi/lib/thumb/v7-m/nofp\libg.a(lib_a-dtoa.o)
                              e:/workspace/clion/gcc-arm-none-eabi-10.3-2021.10/bin/../lib/gcc/arm-none-eabi/10.3.1/../../../../arm-none-eabi/lib/thumb/v7-m/nofp\libg.a(lib_a-vfprintf.o) (_dtoa_r)
e:/workspace/clion/gcc-arm-none-eabi-10.3-2021.10/bin/../lib/gcc/arm-none-eabi/10.3.1/../../../../arm-none-eabi/lib/thumb/v7-m/nofp\libg.a(lib_a-fflush.o)
                              e:/workspace/clion/gcc-arm-none-eabi-10.3-2021.10/bin/../lib/gcc/arm-none-eabi/10.3.1/../../../../arm-none-eabi/lib/thumb/v7-m/nofp\libg.a(lib_a-setvbuf.o) (_fflush_r)
[...]
Memory Configuration

Name             Origin             Length             Attributes
RAM              0x20000000         0x00005000         xrw
FLASH            0x08000000         0x00010000         xr
*default*        0x00000000         0xffffffff

Linker script and memory map

LOAD e:/workspace/clion/gcc-arm-none-eabi-10.3-2021.10/bin/../lib/gcc/arm-none-eabi/10.3.1/thumb/v7-m/nofp/crti.o
LOAD e:/workspace/clion/gcc-arm-none-eabi-10.3-2021.10/bin/../lib/gcc/arm-none-eabi/10.3.1/thumb/v7-m/nofp/crtbegin.o
LOAD e:/workspace/clion/gcc-arm-none-eabi-10.3-2021.10/bin/../lib/gcc/arm-none-eabi/10.3.1/../../../../arm-none-eabi/lib/thumb/v7-m/nofp/crt0.o
LOAD CMakeFiles/pro1.elf.dir/Core/Src/adc.c.obj
LOAD CMakeFiles/pro1.elf.dir/Core/Src/dma.c.obj
LOAD CMakeFiles/pro1.elf.dir/Core/Src/gpio.c.obj
LOAD CMakeFiles/pro1.elf.dir/Core/Src/main.c.obj
LOAD CMakeFiles/pro1.elf.dir/Core/Src/retarget.c.obj
LOAD CMakeFiles/pro1.elf.dir/Core/Src/stm32f1xx_hal_msp.c.obj
LOAD CMakeFiles/pro1.elf.dir/Core/Src/stm32f1xx_it.c.obj
LOAD CMakeFiles/pro1.elf.dir/Core/Src/syscalls.c.obj
LOAD CMakeFiles/pro1.elf.dir/Core/Src/sysmem.c.obj
LOAD CMakeFiles/pro1.elf.dir/Core/Src/system_stm32f1xx.c.obj
LOAD CMakeFiles/pro1.elf.dir/Core/Src/usart.c.obj
LOAD CMakeFiles/pro1.elf.dir/Core/Startup/startup_stm32f103c8tx.s.obj
LOAD CMakeFiles/pro1.elf.dir/Drivers/STM32F1xx_HAL_Driver/Src/stm32f1xx_hal.c.obj
LOAD CMakeFiles/pro1.elf.dir/Drivers/STM32F1xx_HAL_Driver/Src/stm32f1xx_hal_adc.c.obj
LOAD CMakeFiles/pro1.elf.dir/Drivers/STM32F1xx_HAL_Driver/Src/stm32f1xx_hal_adc_ex.c.obj
LOAD CMakeFiles/pro1.elf.dir/Drivers/STM32F1xx_HAL_Driver/Src/stm32f1xx_hal_cortex.c.obj
LOAD CMakeFiles/pro1.elf.dir/Drivers/STM32F1xx_HAL_Driver/Src/stm32f1xx_hal_dma.c.obj
LOAD CMakeFiles/pro1.elf.dir/Drivers/STM32F1xx_HAL_Driver/Src/stm32f1xx_hal_exti.c.obj
LOAD CMakeFiles/pro1.elf.dir/Drivers/STM32F1xx_HAL_Driver/Src/stm32f1xx_hal_flash.c.obj
LOAD CMakeFiles/pro1.elf.dir/Drivers/STM32F1xx_HAL_Driver/Src/stm32f1xx_hal_flash_ex.c.obj
LOAD CMakeFiles/pro1.elf.dir/Drivers/STM32F1xx_HAL_Driver/Src/stm32f1xx_hal_gpio.c.obj
LOAD CMakeFiles/pro1.elf.dir/Drivers/STM32F1xx_HAL_Driver/Src/stm32f1xx_hal_gpio_ex.c.obj
LOAD CMakeFiles/pro1.elf.dir/Drivers/STM32F1xx_HAL_Driver/Src/stm32f1xx_hal_pwr.c.obj
LOAD CMakeFiles/pro1.elf.dir/Drivers/STM32F1xx_HAL_Driver/Src/stm32f1xx_hal_rcc.c.obj
LOAD CMakeFiles/pro1.elf.dir/Drivers/STM32F1xx_HAL_Driver/Src/stm32f1xx_hal_rcc_ex.c.obj
LOAD CMakeFiles/pro1.elf.dir/Drivers/STM32F1xx_HAL_Driver/Src/stm32f1xx_hal_tim.c.obj
LOAD CMakeFiles/pro1.elf.dir/Drivers/STM32F1xx_HAL_Driver/Src/stm32f1xx_hal_tim_ex.c.obj
LOAD CMakeFiles/pro1.elf.dir/Drivers/STM32F1xx_HAL_Driver/Src/stm32f1xx_hal_uart.c.obj
START GROUP
LOAD e:/workspace/clion/gcc-arm-none-eabi-10.3-2021.10/bin/../lib/gcc/arm-none-eabi/10.3.1/thumb/v7-m/nofp\libgcc.a
LOAD e:/workspace/clion/gcc-arm-none-eabi-10.3-2021.10/bin/../lib/gcc/arm-none-eabi/10.3.1/../../../../arm-none-eabi/lib/thumb/v7-m/nofp\libg.a
LOAD e:/workspace/clion/gcc-arm-none-eabi-10.3-2021.10/bin/../lib/gcc/arm-none-eabi/10.3.1/../../../../arm-none-eabi/lib/thumb/v7-m/nofp\libc.a
END GROUP
LOAD e:/workspace/clion/gcc-arm-none-eabi-10.3-2021.10/bin/../lib/gcc/arm-none-eabi/10.3.1/thumb/v7-m/nofp/crtend.o
LOAD e:/workspace/clion/gcc-arm-none-eabi-10.3-2021.10/bin/../lib/gcc/arm-none-eabi/10.3.1/thumb/v7-m/nofp/crtn.o
                0x20005000                _estack = (ORIGIN (RAM) + LENGTH (RAM))
                0x00000200                _Min_Heap_Size = 0x200
                0x00000400                _Min_Stack_Size = 0x400

.isr_vector     0x08000000      0x10c
                0x08000000                . = ALIGN (0x4)
 *(.isr_vector)
 .isr_vector    0x08000000      0x10c CMakeFiles/pro1.elf.dir/Core/Startup/startup_stm32f103c8tx.s.obj
                0x08000000                g_pfnVectors
                0x0800010c                . = ALIGN (0x4)

.text           0x08000110     0x8bd0
                0x08000110                . = ALIGN (0x4)
 *(.text)
 .text          0x08000110       0x40 e:/workspace/clion/gcc-arm-none-eabi-10.3-2021.10/bin/../lib/gcc/arm-none-eabi/10.3.1/thumb/v7-m/nofp/crtbegin.o
 .text          0x08000150       0xec e:/workspace/clion/gcc-arm-none-eabi-10.3-2021.10/bin/../lib/gcc/arm-none-eabi/10.3.1/../../../../arm-none-eabi/lib/thumb/v7-m/nofp\libg.a(lib_a-memcpy.o)
                0x08000150                memcpy
 .text          0x0800023c      0x378 e:/workspace/clion/gcc-arm-none-eabi-10.3-2021.10/bin/../lib/gcc/arm-none-eabi/10.3.1/thumb/v7-m/nofp\libgcc.a(_arm_addsubdf3.o)
                0x0800023c                __aeabi_drsub
                0x08000244                __aeabi_dsub
                0x08000244                __subdf3
                0x08000248                __aeabi_dadd
                0x08000248                __adddf3
                0x080004c0                __floatunsidf
                0x080004c0                __aeabi_ui2d
                0x080004e0                __floatsidf
                0x080004e0                __aeabi_i2d
                0x08000504                __aeabi_f2d
                0x08000504                __extendsfdf2
                0x08000548                __floatundidf
                0x08000548                __aeabi_ul2d
                0x08000558                __floatdidf
                0x08000558                __aeabi_l2d
 .text          0x080005b4      0x424 e:/workspace/clion/gcc-arm-none-eabi-10.3-2021.10/bin/../lib/gcc/arm-none-eabi/10.3.1/thumb/v7-m/nofp\libgcc.a(_arm_muldivdf3.o)
                0x080005b4                __aeabi_dmul
                0x080005b4                __muldf3
                0x08000808                __divdf3
                0x08000808                __aeabi_ddiv
 .text          0x080009d8      0x110 e:/workspace/clion/gcc-arm-none-eabi-10.3-2021.10/bin/../lib/gcc/arm-none-eabi/10.3.1/thumb/v7-m/nofp\libgcc.a(_arm_cmpdf2.o)
                0x080009d8                __gtdf2
                0x080009d8                __gedf2
                0x080009e0                __ltdf2
                0x080009e0                __ledf2
                0x080009e8                __nedf2
                0x080009e8                __eqdf2
                0x080009e8                __cmpdf2
                0x08000a64                __aeabi_cdrcmple
                0x08000a74                __aeabi_cdcmpeq
                0x08000a74                __aeabi_cdcmple
                0x08000a84                __aeabi_dcmpeq
                0x08000a98                __aeabi_dcmplt
                0x08000aac                __aeabi_dcmple
                0x08000ac0                __aeabi_dcmpge
                0x08000ad4                __aeabi_dcmpgt
 .text          0x08000ae8       0x2c e:/workspace/clion/gcc-arm-none-eabi-10.3-2021.10/bin/../lib/gcc/arm-none-eabi/10.3.1/thumb/v7-m/nofp\libgcc.a(_arm_unorddf2.o)
                0x08000ae8                __unorddf2
                0x08000ae8                __aeabi_dcmpun
 .text          0x08000b14       0x50 e:/workspace/clion/gcc-arm-none-eabi-10.3-2021.10/bin/../lib/gcc/arm-none-eabi/10.3.1/thumb/v7-m/nofp\libgcc.a(_arm_fixdfsi.o)
                0x08000b14                __aeabi_d2iz
                0x08000b14                __fixdfsi
 .text          0x08000b64       0x30 e:/workspace/clion/gcc-arm-none-eabi-10.3-2021.10/bin/../lib/gcc/arm-none-eabi/10.3.1/thumb/v7-m/nofp\libgcc.a(_aeabi_uldivmod.o)
                0x08000b64                __aeabi_uldivmod
 .text          0x08000b94      0x2d4 e:/workspace/clion/gcc-arm-none-eabi-10.3-2021.10/bin/../lib/gcc/arm-none-eabi/10.3.1/thumb/v7-m/nofp\libgcc.a(_udivmoddi4.o)
                0x08000b94                __udivmoddi4
 .text          0x08000e68        0x4 e:/workspace/clion/gcc-arm-none-eabi-10.3-2021.10/bin/../lib/gcc/arm-none-eabi/10.3.1/thumb/v7-m/nofp\libgcc.a(_dvmd_tls.o)
                0x08000e68                __aeabi_idiv0
                0x08000e68                __aeabi_ldiv0
 *(.text*)
 .text.MX_ADC1_Init
                0x08000e6c       0x58 CMakeFiles/pro1.elf.dir/Core/Src/adc.c.obj
                0x08000e6c                MX_ADC1_Init
 .text.HAL_ADC_MspInit
                0x08000ec4       0x98 CMakeFiles/pro1.elf.dir/Core/Src/adc.c.obj
                0x08000ec4                HAL_ADC_MspInit
 .text.MX_DMA_Init
                0x08000f5c       0x34 CMakeFiles/pro1.elf.dir/Core/Src/dma.c.obj
                0x08000f5c                MX_DMA_Init
 .text.MX_GPIO_Init
                0x08000f90       0x78 CMakeFiles/pro1.elf.dir/Core/Src/gpio.c.obj
                0x08000f90                MX_GPIO_Init
 .text.__io_putchar
                0x08001008       0x20 CMakeFiles/pro1.elf.dir/Core/Src/main.c.obj
                0x08001008                __io_putchar
 .text.Error_Handler
                0x08001028        0x4 CMakeFiles/pro1.elf.dir/Core/Src/main.c.obj
                0x08001028                Error_Handler
 .text.SystemClock_Config
                0x0800102c       0x84 CMakeFiles/pro1.elf.dir/Core/Src/main.c.obj
                0x0800102c                SystemClock_Config
 .text.main     0x080010b0       0x58 CMakeFiles/pro1.elf.dir/Core/Src/main.c.obj
                0x080010b0                main
 .text.RetargetInit
                0x08001108       0x20 CMakeFiles/pro1.elf.dir/Core/Src/retarget.c.obj
                0x08001108                RetargetInit
 .text._isatty  0x08001128       0x16 CMakeFiles/pro1.elf.dir/Core/Src/retarget.c.obj
                0x08001128                _isatty
 .text._close   0x0800113e       0x18 CMakeFiles/pro1.elf.dir/Core/Src/retarget.c.obj
                0x0800113e                _close
 *fill*         0x08001156        0x2 
 .text.HAL_MspInit
                0x08001158       0x44 CMakeFiles/pro1.elf.dir/Core/Src/stm32f1xx_hal_msp.c.obj
                0x08001158                HAL_MspInit
 .text.NMI_Handler
                0x0800119c        0x2 CMakeFiles/pro1.elf.dir/Core/Src/stm32f1xx_it.c.obj
                0x0800119c                NMI_Handler
 .text.HardFault_Handler
                0x0800119e        0x2 CMakeFiles/pro1.elf.dir/Core/Src/stm32f1xx_it.c.obj
                0x0800119e                HardFault_Handler
 .text.MemManage_Handler
                0x080011a0        0x2 CMakeFiles/pro1.elf.dir/Core/Src/stm32f1xx_it.c.obj
                0x080011a0                MemManage_Handler
 .text.BusFault_Handler
                0x080011a2        0x2 CMakeFiles/pro1.elf.dir/Core/Src/stm32f1xx_it.c.obj
                0x080011a2                BusFault_Handler
 .text.UsageFault_Handler
                0x080011a4        0x2 CMakeFiles/pro1.elf.dir/Core/Src/stm32f1xx_it.c.obj
                0x080011a4                UsageFault_Handler
 .text.SVC_Handler
                0x080011a6        0x2 CMakeFiles/pro1.elf.dir/Core/Src/stm32f1xx_it.c.obj
                0x080011a6                SVC_Handler
 .text.DebugMon_Handler
                0x080011a8        0x2 CMakeFiles/pro1.elf.dir/Core/Src/stm32f1xx_it.c.obj
                0x080011a8                DebugMon_Handler
 .text.PendSV_Handler
                0x080011aa        0x2 CMakeFiles/pro1.elf.dir/Core/Src/stm32f1xx_it.c.obj
                0x080011aa                PendSV_Handler
 .text.SysTick_Handler
                0x080011ac        0x8 CMakeFiles/pro1.elf.dir/Core/Src/stm32f1xx_it.c.obj
                0x080011ac                SysTick_Handler
 .text.DMA1_Channel1_IRQHandler
                0x080011b4       0x10 CMakeFiles/pro1.elf.dir/Core/Src/stm32f1xx_it.c.obj
                0x080011b4                DMA1_Channel1_IRQHandler
 .text._getpid  0x080011c4        0x4 CMakeFiles/pro1.elf.dir/Core/Src/syscalls.c.obj
                0x080011c4                _getpid
 .text._kill    0x080011c8       0x10 CMakeFiles/pro1.elf.dir/Core/Src/syscalls.c.obj
                0x080011c8                _kill
 .text._exit    0x080011d8        0xc CMakeFiles/pro1.elf.dir/Core/Src/syscalls.c.obj
                0x080011d8                _exit
 .text._read    0x080011e4       0x20 CMakeFiles/pro1.elf.dir/Core/Src/syscalls.c.obj
                0x080011e4                _read
 .text._write   0x08001204       0x1c CMakeFiles/pro1.elf.dir/Core/Src/syscalls.c.obj
                0x08001204                _write
 .text._fstat   0x08001220        0xa CMakeFiles/pro1.elf.dir/Core/Src/syscalls.c.obj
                0x08001220                _fstat
 .text._lseek   0x0800122a        0x4 CMakeFiles/pro1.elf.dir/Core/Src/syscalls.c.obj
                0x0800122a                _lseek
 *fill*         0x0800122e        0x2 
 .text._sbrk    0x08001230       0x48 CMakeFiles/pro1.elf.dir/Core/Src/sysmem.c.obj
                0x08001230                _sbrk
 .text.SystemInit
                0x08001278        0x2 CMakeFiles/pro1.elf.dir/Core/Src/system_stm32f1xx.c.obj
                0x08001278                SystemInit
 *fill*         0x0800127a        0x2 
 .text.MX_USART1_UART_Init
                0x0800127c       0x34 CMakeFiles/pro1.elf.dir/Core/Src/usart.c.obj
                0x0800127c                MX_USART1_UART_Init
 .text.HAL_UART_MspInit
                0x080012b0       0x78 CMakeFiles/pro1.elf.dir/Core/Src/usart.c.obj
                0x080012b0                HAL_UART_MspInit
 .text.Reset_Handler
                0x08001328       0x48 CMakeFiles/pro1.elf.dir/Core/Startup/startup_stm32f103c8tx.s.obj
                0x08001328                Reset_Handler
 .text.Default_Handler
                0x08001370        0x2 CMakeFiles/pro1.elf.dir/Core/Startup/startup_stm32f103c8tx.s.obj
                0x08001370                RTC_Alarm_IRQHandler
                0x08001370                EXTI2_IRQHandler
                0x08001370                TIM1_CC_IRQHandler
                0x08001370                PVD_IRQHandler
                0x08001370                EXTI3_IRQHandler
                0x08001370                EXTI0_IRQHandler
                0x08001370                I2C2_EV_IRQHandler
                0x08001370                ADC1_2_IRQHandler
                0x08001370                SPI1_IRQHandler
                0x08001370                TAMPER_IRQHandler
                0x08001370                DMA1_Channel4_IRQHandler
                0x08001370                USART3_IRQHandler
                0x08001370                RTC_IRQHandler
                0x08001370                DMA1_Channel7_IRQHandler
                0x08001370                CAN1_RX1_IRQHandler
                0x08001370                TIM4_IRQHandler
                0x08001370                I2C1_EV_IRQHandler
                0x08001370                DMA1_Channel6_IRQHandler
                0x08001370                TIM3_IRQHandler
                0x08001370                RCC_IRQHandler
                0x08001370                TIM1_TRG_COM_IRQHandler
                0x08001370                Default_Handler
                0x08001370                EXTI15_10_IRQHandler
                0x08001370                EXTI9_5_IRQHandler
                0x08001370                SPI2_IRQHandler
                0x08001370                DMA1_Channel5_IRQHandler
                0x08001370                EXTI4_IRQHandler
                0x08001370                USB_LP_CAN1_RX0_IRQHandler
                0x08001370                USB_HP_CAN1_TX_IRQHandler
                0x08001370                DMA1_Channel3_IRQHandler
                0x08001370                TIM1_UP_IRQHandler
                0x08001370                WWDG_IRQHandler
                0x08001370                TIM2_IRQHandler
                0x08001370                TIM1_BRK_IRQHandler
                0x08001370                EXTI1_IRQHandler
                0x08001370                USART2_IRQHandler
                0x08001370                I2C2_ER_IRQHandler
                0x08001370                DMA1_Channel2_IRQHandler
                0x08001370                CAN1_SCE_IRQHandler
                0x08001370                FLASH_IRQHandler
                0x08001370                USART1_IRQHandler
                0x08001370                I2C1_ER_IRQHandler
                0x08001370                USBWakeUp_IRQHandler
 *fill*         0x08001372        0x2 
 .text.HAL_InitTick
                0x08001374       0x4c CMakeFiles/pro1.elf.dir/Drivers/STM32F1xx_HAL_Driver/Src/stm32f1xx_hal.c.obj
                0x08001374                HAL_InitTick
 .text.HAL_Init
                0x080013c0       0x24 CMakeFiles/pro1.elf.dir/Drivers/STM32F1xx_HAL_Driver/Src/stm32f1xx_hal.c.obj
                0x080013c0                HAL_Init
 .text.HAL_IncTick
                0x080013e4       0x18 CMakeFiles/pro1.elf.dir/Drivers/STM32F1xx_HAL_Driver/Src/stm32f1xx_hal.c.obj
                0x080013e4                HAL_IncTick
 .text.HAL_GetTick
                0x080013fc        0xc CMakeFiles/pro1.elf.dir/Drivers/STM32F1xx_HAL_Driver/Src/stm32f1xx_hal.c.obj
                0x080013fc                HAL_GetTick
 .text.HAL_ADC_ConvCpltCallback
                0x08001408        0x2 CMakeFiles/pro1.elf.dir/Drivers/STM32F1xx_HAL_Driver/Src/stm32f1xx_hal_adc.c.obj
                0x08001408                HAL_ADC_ConvCpltCallback
 .text.ADC_DMAConvCplt
                0x0800140a       0x52 CMakeFiles/pro1.elf.dir/Drivers/STM32F1xx_HAL_Driver/Src/stm32f1xx_hal_adc.c.obj
                0x0800140a                ADC_DMAConvCplt
 .text.HAL_ADC_ConvHalfCpltCallback
                0x0800145c        0x2 CMakeFiles/pro1.elf.dir/Drivers/STM32F1xx_HAL_Driver/Src/stm32f1xx_hal_adc.c.obj
                0x0800145c                HAL_ADC_ConvHalfCpltCallback
 .text.ADC_DMAHalfConvCplt
                0x0800145e        0xa CMakeFiles/pro1.elf.dir/Drivers/STM32F1xx_HAL_Driver/Src/stm32f1xx_hal_adc.c.obj
                0x0800145e                ADC_DMAHalfConvCplt
 .text.HAL_ADC_ErrorCallback
                0x08001468        0x2 CMakeFiles/pro1.elf.dir/Drivers/STM32F1xx_HAL_Driver/Src/stm32f1xx_hal_adc.c.obj
                0x08001468                HAL_ADC_ErrorCallback
 .text.ADC_DMAError
                0x0800146a       0x1a CMakeFiles/pro1.elf.dir/Drivers/STM32F1xx_HAL_Driver/Src/stm32f1xx_hal_adc.c.obj
                0x0800146a                ADC_DMAError
 .text.HAL_ADC_ConfigChannel
                0x08001484      0x144 CMakeFiles/pro1.elf.dir/Drivers/STM32F1xx_HAL_Driver/Src/stm32f1xx_hal_adc.c.obj
                0x08001484                HAL_ADC_ConfigChannel
 .text.ADC_Enable
                0x080015c8       0x88 CMakeFiles/pro1.elf.dir/Drivers/STM32F1xx_HAL_Driver/Src/stm32f1xx_hal_adc.c.obj
                0x080015c8                ADC_Enable
 .text.HAL_ADC_Start_DMA
                0x08001650      0x130 CMakeFiles/pro1.elf.dir/Drivers/STM32F1xx_HAL_Driver/Src/stm32f1xx_hal_adc.c.obj
                0x08001650                HAL_ADC_Start_DMA
 .text.ADC_ConversionStop_Disable
                0x08001780       0x56 CMakeFiles/pro1.elf.dir/Drivers/STM32F1xx_HAL_Driver/Src/stm32f1xx_hal_adc.c.obj
                0x08001780                ADC_ConversionStop_Disable
 *fill*         0x080017d6        0x2 
 .text.HAL_ADC_Init
                0x080017d8      0x108 CMakeFiles/pro1.elf.dir/Drivers/STM32F1xx_HAL_Driver/Src/stm32f1xx_hal_adc.c.obj
                0x080017d8                HAL_ADC_Init
 .text.HAL_ADCEx_Calibration_Start
                0x080018e0      0x100 CMakeFiles/pro1.elf.dir/Drivers/STM32F1xx_HAL_Driver/Src/stm32f1xx_hal_adc_ex.c.obj
                0x080018e0                HAL_ADCEx_Calibration_Start
 .text.HAL_NVIC_SetPriorityGrouping
                0x080019e0       0x24 CMakeFiles/pro1.elf.dir/Drivers/STM32F1xx_HAL_Driver/Src/stm32f1xx_hal_cortex.c.obj
                0x080019e0                HAL_NVIC_SetPriorityGrouping
 .text.HAL_NVIC_SetPriority
                0x08001a04       0x70 CMakeFiles/pro1.elf.dir/Drivers/STM32F1xx_HAL_Driver/Src/stm32f1xx_hal_cortex.c.obj
                0x08001a04                HAL_NVIC_SetPriority
 .text.HAL_NVIC_EnableIRQ
                0x08001a74       0x1c CMakeFiles/pro1.elf.dir/Drivers/STM32F1xx_HAL_Driver/Src/stm32f1xx_hal_cortex.c.obj
                0x08001a74                HAL_NVIC_EnableIRQ
 .text.HAL_SYSTICK_Config
                0x08001a90       0x28 CMakeFiles/pro1.elf.dir/Drivers/STM32F1xx_HAL_Driver/Src/stm32f1xx_hal_cortex.c.obj
                0x08001a90                HAL_SYSTICK_Config
 .text.DMA_SetConfig
                0x08001ab8       0x2c CMakeFiles/pro1.elf.dir/Drivers/STM32F1xx_HAL_Driver/Src/stm32f1xx_hal_dma.c.obj
 .text.HAL_DMA_Init
                0x08001ae4       0x6c CMakeFiles/pro1.elf.dir/Drivers/STM32F1xx_HAL_Driver/Src/stm32f1xx_hal_dma.c.obj
                0x08001ae4                HAL_DMA_Init
 .text.HAL_DMA_Start_IT
                0x08001b50       0x76 CMakeFiles/pro1.elf.dir/Drivers/STM32F1xx_HAL_Driver/Src/stm32f1xx_hal_dma.c.obj
                0x08001b50                HAL_DMA_Start_IT
 *fill*         0x08001bc6        0x2 
 .text.HAL_DMA_IRQHandler
                0x08001bc8      0x144 CMakeFiles/pro1.elf.dir/Drivers/STM32F1xx_HAL_Driver/Src/stm32f1xx_hal_dma.c.obj
                0x08001bc8                HAL_DMA_IRQHandler
 .text.HAL_GPIO_Init
                0x08001d0c      0x224 CMakeFiles/pro1.elf.dir/Drivers/STM32F1xx_HAL_Driver/Src/stm32f1xx_hal_gpio.c.obj
                0x08001d0c                HAL_GPIO_Init
 .text.HAL_GPIO_WritePin
                0x08001f30        0xc CMakeFiles/pro1.elf.dir/Drivers/STM32F1xx_HAL_Driver/Src/stm32f1xx_hal_gpio.c.obj
                0x08001f30                HAL_GPIO_WritePin
 .text.RCC_Delay
                0x08001f3c       0x2c CMakeFiles/pro1.elf.dir/Drivers/STM32F1xx_HAL_Driver/Src/stm32f1xx_hal_rcc.c.obj
 .text.HAL_RCC_OscConfig
                0x08001f68      0x410 CMakeFiles/pro1.elf.dir/Drivers/STM32F1xx_HAL_Driver/Src/stm32f1xx_hal_rcc.c.obj
                0x08001f68                HAL_RCC_OscConfig
 .text.HAL_RCC_GetSysClockFreq
                0x08002378       0x54 CMakeFiles/pro1.elf.dir/Drivers/STM32F1xx_HAL_Driver/Src/stm32f1xx_hal_rcc.c.obj
                0x08002378                HAL_RCC_GetSysClockFreq
 .text.HAL_RCC_ClockConfig
                0x080023cc      0x16c CMakeFiles/pro1.elf.dir/Drivers/STM32F1xx_HAL_Driver/Src/stm32f1xx_hal_rcc.c.obj
                0x080023cc                HAL_RCC_ClockConfig
 .text.HAL_RCC_GetHCLKFreq
                0x08002538        0xc CMakeFiles/pro1.elf.dir/Drivers/STM32F1xx_HAL_Driver/Src/stm32f1xx_hal_rcc.c.obj
                0x08002538                HAL_RCC_GetHCLKFreq
 .text.HAL_RCC_GetPCLK1Freq
                0x08002544       0x20 CMakeFiles/pro1.elf.dir/Drivers/STM32F1xx_HAL_Driver/Src/stm32f1xx_hal_rcc.c.obj
                0x08002544                HAL_RCC_GetPCLK1Freq
 .text.HAL_RCC_GetPCLK2Freq
                0x08002564       0x20 CMakeFiles/pro1.elf.dir/Drivers/STM32F1xx_HAL_Driver/Src/stm32f1xx_hal_rcc.c.obj
                0x08002564                HAL_RCC_GetPCLK2Freq
 .text.HAL_RCCEx_PeriphCLKConfig
                0x08002584      0x118 CMakeFiles/pro1.elf.dir/Drivers/STM32F1xx_HAL_Driver/Src/stm32f1xx_hal_rcc_ex.c.obj
                0x08002584                HAL_RCCEx_PeriphCLKConfig
 .text.HAL_RCCEx_GetPeriphCLKFreq
                0x0800269c       0xd8 CMakeFiles/pro1.elf.dir/Drivers/STM32F1xx_HAL_Driver/Src/stm32f1xx_hal_rcc_ex.c.obj
                0x0800269c                HAL_RCCEx_GetPeriphCLKFreq
 .text.UART_SetConfig
                0x08002774       0x94 CMakeFiles/pro1.elf.dir/Drivers/STM32F1xx_HAL_Driver/Src/stm32f1xx_hal_uart.c.obj
 .text.UART_WaitOnFlagUntilTimeout
                0x08002808       0x88 CMakeFiles/pro1.elf.dir/Drivers/STM32F1xx_HAL_Driver/Src/stm32f1xx_hal_uart.c.obj
 .text.HAL_UART_Init
                0x08002890       0x60 CMakeFiles/pro1.elf.dir/Drivers/STM32F1xx_HAL_Driver/Src/stm32f1xx_hal_uart.c.obj
                0x08002890                HAL_UART_Init
 .text.HAL_UART_Transmit
                0x080028f0       0xbe CMakeFiles/pro1.elf.dir/Drivers/STM32F1xx_HAL_Driver/Src/stm32f1xx_hal_uart.c.obj
                0x080028f0                HAL_UART_Transmit
 *fill*         0x080029ae        0x2 
 .text.__errno  0x080029b0        0xc e:/workspace/clion/gcc-arm-none-eabi-10.3-2021.10/bin/../lib/gcc/arm-none-eabi/10.3.1/../../../../arm-none-eabi/lib/thumb/v7-m/nofp\libg.a(lib_a-errno.o)
                0x080029b0                __errno
 .text.__libc_init_array
                0x080029bc       0x48 e:/workspace/clion/gcc-arm-none-eabi-10.3-2021.10/bin/../lib/gcc/arm-none-eabi/10.3.1/../../../../arm-none-eabi/lib/thumb/v7-m/nofp\libg.a(lib_a-init.o)
                0x080029bc                __libc_init_array
 .text.memset   0x08002a04       0xa4 e:/workspace/clion/gcc-arm-none-eabi-10.3-2021.10/bin/../lib/gcc/arm-none-eabi/10.3.1/../../../../arm-none-eabi/lib/thumb/v7-m/nofp\libg.a(lib_a-memset.o)
                0x08002a04                memset
 .text.printf   0x08002aa8       0x28 e:/workspace/clion/gcc-arm-none-eabi-10.3-2021.10/bin/../lib/gcc/arm-none-eabi/10.3.1/../../../../arm-none-eabi/lib/thumb/v7-m/nofp\libg.a(lib_a-printf.o)
                0x08002aa8                printf
 .text._puts_r  0x08002ad0       0x9c e:/workspace/clion/gcc-arm-none-eabi-10.3-2021.10/bin/../lib/gcc/arm-none-eabi/10.3.1/../../../../arm-none-eabi/lib/thumb/v7-m/nofp\libg.a(lib_a-puts.o)
                0x08002ad0                _puts_r
 .text.puts     0x08002b6c       0x10 e:/workspace/clion/gcc-arm-none-eabi-10.3-2021.10/bin/../lib/gcc/arm-none-eabi/10.3.1/../../../../arm-none-eabi/lib/thumb/v7-m/nofp\libg.a(lib_a-puts.o)
                0x08002b6c                puts
 .text.setvbuf  0x08002b7c      0x1b0 e:/workspace/clion/gcc-arm-none-eabi-10.3-2021.10/bin/../lib/gcc/arm-none-eabi/10.3.1/../../../../arm-none-eabi/lib/thumb/v7-m/nofp\libg.a(lib_a-setvbuf.o)
                0x08002b7c                setvbuf
 .text.strlen   0x08002d2c       0x5c e:/workspace/clion/gcc-arm-none-eabi-10.3-2021.10/bin/../lib/gcc/arm-none-eabi/10.3.1/../../../../arm-none-eabi/lib/thumb/v7-m/nofp\libg.a(lib_a-strlen-stub.o)
                0x08002d2c                strlen
 .text._vfprintf_r
                0x08002d88     0x1b58 e:/workspace/clion/gcc-arm-none-eabi-10.3-2021.10/bin/../lib/gcc/arm-none-eabi/10.3.1/../../../../arm-none-eabi/lib/thumb/v7-m/nofp\libg.a(lib_a-vfprintf.o)
                0x08002d88                _vfprintf_r
 .text.__sbprintf
                0x080048e0       0x84 e:/workspace/clion/gcc-arm-none-eabi-10.3-2021.10/bin/../lib/gcc/arm-none-eabi/10.3.1/../../../../arm-none-eabi/lib/thumb/v7-m/nofp\libg.a(lib_a-vfprintf.o)
 .text.__swsetup_r
                0x08004964       0xd4 e:/workspace/clion/gcc-arm-none-eabi-10.3-2021.10/bin/../lib/gcc/arm-none-eabi/10.3.1/../../../../arm-none-eabi/lib/thumb/v7-m/nofp\libg.a(lib_a-wsetup.o)
                0x08004964                __swsetup_r
 .text.startup.register_fini
                0x08004a38       0x14 e:/workspace/clion/gcc-arm-none-eabi-10.3-2021.10/bin/../lib/gcc/arm-none-eabi/10.3.1/../../../../arm-none-eabi/lib/thumb/v7-m/nofp\libg.a(lib_a-__call_atexit.o)
 .text.atexit   0x08004a4c        0xc e:/workspace/clion/gcc-arm-none-eabi-10.3-2021.10/bin/../lib/gcc/arm-none-eabi/10.3.1/../../../../arm-none-eabi/lib/thumb/v7-m/nofp\libg.a(lib_a-atexit.o)
                0x08004a4c                atexit
 .text.quorem   0x08004a58      0x12c e:/workspace/clion/gcc-arm-none-eabi-10.3-2021.10/bin/../lib/gcc/arm-none-eabi/10.3.1/../../../../arm-none-eabi/lib/thumb/v7-m/nofp\libg.a(lib_a-dtoa.o)
 *fill*         0x08004b84        0x4 
 .text._dtoa_r  0x08004b88      0xecc e:/workspace/clion/gcc-arm-none-eabi-10.3-2021.10/bin/../lib/gcc/arm-none-eabi/10.3.1/../../../../arm-none-eabi/lib/thumb/v7-m/nofp\libg.a(lib_a-dtoa.o)
                0x08004b88                _dtoa_r
 .text.__sflush_r
                0x08005a54      0x124 e:/workspace/clion/gcc-arm-none-eabi-10.3-2021.10/bin/../lib/gcc/arm-none-eabi/10.3.1/../../../../arm-none-eabi/lib/thumb/v7-m/nofp\libg.a(lib_a-fflush.o)
                0x08005a54                __sflush_r
 .text._fflush_r
                0x08005b78       0x5c e:/workspace/clion/gcc-arm-none-eabi-10.3-2021.10/bin/../lib/gcc/arm-none-eabi/10.3.1/../../../../arm-none-eabi/lib/thumb/v7-m/nofp\libg.a(lib_a-fflush.o)
                0x08005b78                _fflush_r
 .text._cleanup_r
                0x08005bd4        0xc e:/workspace/clion/gcc-arm-none-eabi-10.3-2021.10/bin/../lib/gcc/arm-none-eabi/10.3.1/../../../../arm-none-eabi/lib/thumb/v7-m/nofp\libg.a(lib_a-findfp.o)
                0x08005bd4                _cleanup_r
 .text.__sinit  0x08005be0      0x10c e:/workspace/clion/gcc-arm-none-eabi-10.3-2021.10/bin/../lib/gcc/arm-none-eabi/10.3.1/../../../../arm-none-eabi/lib/thumb/v7-m/nofp\libg.a(lib_a-findfp.o)
                0x08005be0                __sinit
 .text.__sfp_lock_acquire
                0x08005cec        0xc e:/workspace/clion/gcc-arm-none-eabi-10.3-2021.10/bin/../lib/gcc/arm-none-eabi/10.3.1/../../../../arm-none-eabi/lib/thumb/v7-m/nofp\libg.a(lib_a-findfp.o)
                0x08005cec                __sfp_lock_acquire
 .text.__sfp_lock_release
                0x08005cf8        0xc e:/workspace/clion/gcc-arm-none-eabi-10.3-2021.10/bin/../lib/gcc/arm-none-eabi/10.3.1/../../../../arm-none-eabi/lib/thumb/v7-m/nofp\libg.a(lib_a-findfp.o)
                0x08005cf8                __sfp_lock_release
 .text.__libc_fini_array
                0x08005d04       0x2c e:/workspace/clion/gcc-arm-none-eabi-10.3-2021.10/bin/../lib/gcc/arm-none-eabi/10.3.1/../../../../arm-none-eabi/lib/thumb/v7-m/nofp\libg.a(lib_a-fini.o)
                0x08005d04                __libc_fini_array
 .text._malloc_trim_r
                0x08005d30       0xa0 e:/workspace/clion/gcc-arm-none-eabi-10.3-2021.10/bin/../lib/gcc/arm-none-eabi/10.3.1/../../../../arm-none-eabi/lib/thumb/v7-m/nofp\libg.a(lib_a-freer.o)
                0x08005d30                _malloc_trim_r
 .text._free_r  0x08005dd0      0x200 e:/workspace/clion/gcc-arm-none-eabi-10.3-2021.10/bin/../lib/gcc/arm-none-eabi/10.3.1/../../../../arm-none-eabi/lib/thumb/v7-m/nofp\libg.a(lib_a-freer.o)
                0x08005dd0                _free_r
 .text.__sfvwrite_r
                0x08005fd0      0x2f0 e:/workspace/clion/gcc-arm-none-eabi-10.3-2021.10/bin/../lib/gcc/arm-none-eabi/10.3.1/../../../../arm-none-eabi/lib/thumb/v7-m/nofp\libg.a(lib_a-fvwrite.o)
                0x08005fd0                __sfvwrite_r
 .text._fwalk_reent
                0x080062c0       0x48 e:/workspace/clion/gcc-arm-none-eabi-10.3-2021.10/bin/../lib/gcc/arm-none-eabi/10.3.1/../../../../arm-none-eabi/lib/thumb/v7-m/nofp\libg.a(lib_a-fwalk.o)
                0x080062c0                _fwalk_reent
 .text._localeconv_r
                0x08006308        0x8 e:/workspace/clion/gcc-arm-none-eabi-10.3-2021.10/bin/../lib/gcc/arm-none-eabi/10.3.1/../../../../arm-none-eabi/lib/thumb/v7-m/nofp\libg.a(lib_a-localeconv.o)
                0x08006308                _localeconv_r
 .text.__retarget_lock_init_recursive
                0x08006310        0x4 e:/workspace/clion/gcc-arm-none-eabi-10.3-2021.10/bin/../lib/gcc/arm-none-eabi/10.3.1/../../../../arm-none-eabi/lib/thumb/v7-m/nofp\libg.a(lib_a-lock.o)
                0x08006310                __retarget_lock_init_recursive
 .text.__retarget_lock_close_recursive
                0x08006314        0x4 e:/workspace/clion/gcc-arm-none-eabi-10.3-2021.10/bin/../lib/gcc/arm-none-eabi/10.3.1/../../../../arm-none-eabi/lib/thumb/v7-m/nofp\libg.a(lib_a-lock.o)
                0x08006314                __retarget_lock_close_recursive
 .text.__retarget_lock_acquire_recursive
                0x08006318        0x4 e:/workspace/clion/gcc-arm-none-eabi-10.3-2021.10/bin/../lib/gcc/arm-none-eabi/10.3.1/../../../../arm-none-eabi/lib/thumb/v7-m/nofp\libg.a(lib_a-lock.o)
                0x08006318                __retarget_lock_acquire_recursive
 .text.__retarget_lock_release_recursive
                0x0800631c        0x4 e:/workspace/clion/gcc-arm-none-eabi-10.3-2021.10/bin/../lib/gcc/arm-none-eabi/10.3.1/../../../../arm-none-eabi/lib/thumb/v7-m/nofp\libg.a(lib_a-lock.o)
                0x0800631c                __retarget_lock_release_recursive
 .text.__smakebuf_r
                0x08006320       0xe0 e:/workspace/clion/gcc-arm-none-eabi-10.3-2021.10/bin/../lib/gcc/arm-none-eabi/10.3.1/../../../../arm-none-eabi/lib/thumb/v7-m/nofp\libg.a(lib_a-makebuf.o)
                0x08006320                __smakebuf_r
 .text.__swhatbuf_r
                0x08006400       0x60 e:/workspace/clion/gcc-arm-none-eabi-10.3-2021.10/bin/../lib/gcc/arm-none-eabi/10.3.1/../../../../arm-none-eabi/lib/thumb/v7-m/nofp\libg.a(lib_a-makebuf.o)
                0x08006400                __swhatbuf_r
 .text.malloc   0x08006460       0x10 e:/workspace/clion/gcc-arm-none-eabi-10.3-2021.10/bin/../lib/gcc/arm-none-eabi/10.3.1/../../../../arm-none-eabi/lib/thumb/v7-m/nofp\libg.a(lib_a-malloc.o)
                0x08006460                malloc
 .text._malloc_r
                0x08006470      0x558 e:/workspace/clion/gcc-arm-none-eabi-10.3-2021.10/bin/../lib/gcc/arm-none-eabi/10.3.1/../../../../arm-none-eabi/lib/thumb/v7-m/nofp\libg.a(lib_a-mallocr.o)
                0x08006470                _malloc_r
 .text.memchr   0x080069c8       0x90 e:/workspace/clion/gcc-arm-none-eabi-10.3-2021.10/bin/../lib/gcc/arm-none-eabi/10.3.1/../../../../arm-none-eabi/lib/thumb/v7-m/nofp\libg.a(lib_a-memchr-stub.o)
                0x080069c8                memchr
 .text.memmove  0x08006a58       0xf8 e:/workspace/clion/gcc-arm-none-eabi-10.3-2021.10/bin/../lib/gcc/arm-none-eabi/10.3.1/../../../../arm-none-eabi/lib/thumb/v7-m/nofp\libg.a(lib_a-memmove.o)
                0x08006a58                memmove
 .text.__malloc_lock
                0x08006b50        0xc e:/workspace/clion/gcc-arm-none-eabi-10.3-2021.10/bin/../lib/gcc/arm-none-eabi/10.3.1/../../../../arm-none-eabi/lib/thumb/v7-m/nofp\libg.a(lib_a-mlock.o)
                0x08006b50                __malloc_lock
 .text.__malloc_unlock
                0x08006b5c        0xc e:/workspace/clion/gcc-arm-none-eabi-10.3-2021.10/bin/../lib/gcc/arm-none-eabi/10.3.1/../../../../arm-none-eabi/lib/thumb/v7-m/nofp\libg.a(lib_a-mlock.o)
                0x08006b5c                __malloc_unlock
 .text._Balloc  0x08006b68       0x4c e:/workspace/clion/gcc-arm-none-eabi-10.3-2021.10/bin/../lib/gcc/arm-none-eabi/10.3.1/../../../../arm-none-eabi/lib/thumb/v7-m/nofp\libg.a(lib_a-mprec.o)
                0x08006b68                _Balloc
 .text._Bfree   0x08006bb4       0x14 e:/workspace/clion/gcc-arm-none-eabi-10.3-2021.10/bin/../lib/gcc/arm-none-eabi/10.3.1/../../../../arm-none-eabi/lib/thumb/v7-m/nofp\libg.a(lib_a-mprec.o)
                0x08006bb4                _Bfree
 .text.__multadd
                0x08006bc8       0xa4 e:/workspace/clion/gcc-arm-none-eabi-10.3-2021.10/bin/../lib/gcc/arm-none-eabi/10.3.1/../../../../arm-none-eabi/lib/thumb/v7-m/nofp\libg.a(lib_a-mprec.o)
                0x08006bc8                __multadd
 .text.__hi0bits
                0x08006c6c       0x40 e:/workspace/clion/gcc-arm-none-eabi-10.3-2021.10/bin/../lib/gcc/arm-none-eabi/10.3.1/../../../../arm-none-eabi/lib/thumb/v7-m/nofp\libg.a(lib_a-mprec.o)
                0x08006c6c                __hi0bits
 .text.__lo0bits
                0x08006cac       0x58 e:/workspace/clion/gcc-arm-none-eabi-10.3-2021.10/bin/../lib/gcc/arm-none-eabi/10.3.1/../../../../arm-none-eabi/lib/thumb/v7-m/nofp\libg.a(lib_a-mprec.o)
                0x08006cac                __lo0bits
 .text.__i2b    0x08006d04       0x5c e:/workspace/clion/gcc-arm-none-eabi-10.3-2021.10/bin/../lib/gcc/arm-none-eabi/10.3.1/../../../../arm-none-eabi/lib/thumb/v7-m/nofp\libg.a(lib_a-mprec.o)
                0x08006d04                __i2b
 .text.__multiply
                0x08006d60      0x15c e:/workspace/clion/gcc-arm-none-eabi-10.3-2021.10/bin/../lib/gcc/arm-none-eabi/10.3.1/../../../../arm-none-eabi/lib/thumb/v7-m/nofp\libg.a(lib_a-mprec.o)
                0x08006d60                __multiply
 .text.__pow5mult
                0x08006ebc       0xb8 e:/workspace/clion/gcc-arm-none-eabi-10.3-2021.10/bin/../lib/gcc/arm-none-eabi/10.3.1/../../../../arm-none-eabi/lib/thumb/v7-m/nofp\libg.a(lib_a-mprec.o)
                0x08006ebc                __pow5mult
 .text.__lshift
                0x08006f74       0xec e:/workspace/clion/gcc-arm-none-eabi-10.3-2021.10/bin/../lib/gcc/arm-none-eabi/10.3.1/../../../../arm-none-eabi/lib/thumb/v7-m/nofp\libg.a(lib_a-mprec.o)
                0x08006f74                __lshift
 .text.__mcmp   0x08007060       0x40 e:/workspace/clion/gcc-arm-none-eabi-10.3-2021.10/bin/../lib/gcc/arm-none-eabi/10.3.1/../../../../arm-none-eabi/lib/thumb/v7-m/nofp\libg.a(lib_a-mprec.o)
                0x08007060                __mcmp
 .text.__mdiff  0x080070a0      0x14c e:/workspace/clion/gcc-arm-none-eabi-10.3-2021.10/bin/../lib/gcc/arm-none-eabi/10.3.1/../../../../arm-none-eabi/lib/thumb/v7-m/nofp\libg.a(lib_a-mprec.o)
                0x080070a0                __mdiff
 .text.__d2b    0x080071ec       0xc4 e:/workspace/clion/gcc-arm-none-eabi-10.3-2021.10/bin/../lib/gcc/arm-none-eabi/10.3.1/../../../../arm-none-eabi/lib/thumb/v7-m/nofp\libg.a(lib_a-mprec.o)
                0x080071ec                __d2b
 .text._realloc_r
                0x080072b0      0x3dc e:/workspace/clion/gcc-arm-none-eabi-10.3-2021.10/bin/../lib/gcc/arm-none-eabi/10.3.1/../../../../arm-none-eabi/lib/thumb/v7-m/nofp\libg.a(lib_a-reallocr.o)
                0x080072b0                _realloc_r
 .text.frexp    0x0800768c       0x70 e:/workspace/clion/gcc-arm-none-eabi-10.3-2021.10/bin/../lib/gcc/arm-none-eabi/10.3.1/../../../../arm-none-eabi/lib/thumb/v7-m/nofp\libg.a(lib_a-s_frexp.o)
                0x0800768c                frexp
 .text._sbrk_r  0x080076fc       0x24 e:/workspace/clion/gcc-arm-none-eabi-10.3-2021.10/bin/../lib/gcc/arm-none-eabi/10.3.1/../../../../arm-none-eabi/lib/thumb/v7-m/nofp\libg.a(lib_a-sbrkr.o)
                0x080076fc                _sbrk_r
 .text.__sread  0x08007720       0x24 e:/workspace/clion/gcc-arm-none-eabi-10.3-2021.10/bin/../lib/gcc/arm-none-eabi/10.3.1/../../../../arm-none-eabi/lib/thumb/v7-m/nofp\libg.a(lib_a-stdio.o)
                0x08007720                __sread
 .text.__swrite
                0x08007744       0x40 e:/workspace/clion/gcc-arm-none-eabi-10.3-2021.10/bin/../lib/gcc/arm-none-eabi/10.3.1/../../../../arm-none-eabi/lib/thumb/v7-m/nofp\libg.a(lib_a-stdio.o)
                0x08007744                __swrite
 .text.__sseek  0x08007784       0x20 e:/workspace/clion/gcc-arm-none-eabi-10.3-2021.10/bin/../lib/gcc/arm-none-eabi/10.3.1/../../../../arm-none-eabi/lib/thumb/v7-m/nofp\libg.a(lib_a-stdio.o)
                0x08007784                __sseek
 .text.__sclose
                0x080077a4        0x8 e:/workspace/clion/gcc-arm-none-eabi-10.3-2021.10/bin/../lib/gcc/arm-none-eabi/10.3.1/../../../../arm-none-eabi/lib/thumb/v7-m/nofp\libg.a(lib_a-stdio.o)
                0x080077a4                __sclose
 .text.strncpy  0x080077ac       0x68 e:/workspace/clion/gcc-arm-none-eabi-10.3-2021.10/bin/../lib/gcc/arm-none-eabi/10.3.1/../../../../arm-none-eabi/lib/thumb/v7-m/nofp\libg.a(lib_a-strncpy.o)
                0x080077ac                strncpy
 .text.__sprint_r.part.0
                0x08007814       0x78 e:/workspace/clion/gcc-arm-none-eabi-10.3-2021.10/bin/../lib/gcc/arm-none-eabi/10.3.1/../../../../arm-none-eabi/lib/thumb/v7-m/nofp\libg.a(lib_a-vfiprintf.o)
 .text.__sprint_r
                0x0800788c       0x14 e:/workspace/clion/gcc-arm-none-eabi-10.3-2021.10/bin/../lib/gcc/arm-none-eabi/10.3.1/../../../../arm-none-eabi/lib/thumb/v7-m/nofp\libg.a(lib_a-vfiprintf.o)
                0x0800788c                __sprint_r
 .text._vfiprintf_r
                0x080078a0      0xd98 e:/workspace/clion/gcc-arm-none-eabi-10.3-2021.10/bin/../lib/gcc/arm-none-eabi/10.3.1/../../../../arm-none-eabi/lib/thumb/v7-m/nofp\libg.a(lib_a-vfiprintf.o)
                0x080078a0                _vfiprintf_r
 .text.__sbprintf
                0x08008638       0x84 e:/workspace/clion/gcc-arm-none-eabi-10.3-2021.10/bin/../lib/gcc/arm-none-eabi/10.3.1/../../../../arm-none-eabi/lib/thumb/v7-m/nofp\libg.a(lib_a-vfiprintf.o)
 .text._write_r
                0x080086bc       0x2c e:/workspace/clion/gcc-arm-none-eabi-10.3-2021.10/bin/../lib/gcc/arm-none-eabi/10.3.1/../../../../arm-none-eabi/lib/thumb/v7-m/nofp\libg.a(lib_a-writer.o)
                0x080086bc                _write_r
 .text.__register_exitproc
                0x080086e8       0x8c e:/workspace/clion/gcc-arm-none-eabi-10.3-2021.10/bin/../lib/gcc/arm-none-eabi/10.3.1/../../../../arm-none-eabi/lib/thumb/v7-m/nofp\libg.a(lib_a-__atexit.o)
                0x080086e8                __register_exitproc
 .text.__assert_func
                0x08008774       0x40 e:/workspace/clion/gcc-arm-none-eabi-10.3-2021.10/bin/../lib/gcc/arm-none-eabi/10.3.1/../../../../arm-none-eabi/lib/thumb/v7-m/nofp\libg.a(lib_a-assert.o)
                0x08008774                __assert_func
 .text._calloc_r
                0x080087b4       0x78 e:/workspace/clion/gcc-arm-none-eabi-10.3-2021.10/bin/../lib/gcc/arm-none-eabi/10.3.1/../../../../arm-none-eabi/lib/thumb/v7-m/nofp\libg.a(lib_a-callocr.o)
                0x080087b4                _calloc_r
 .text._close_r
                0x0800882c       0x24 e:/workspace/clion/gcc-arm-none-eabi-10.3-2021.10/bin/../lib/gcc/arm-none-eabi/10.3.1/../../../../arm-none-eabi/lib/thumb/v7-m/nofp\libg.a(lib_a-closer.o)
                0x0800882c                _close_r
 .text._fclose_r
                0x08008850       0xcc e:/workspace/clion/gcc-arm-none-eabi-10.3-2021.10/bin/../lib/gcc/arm-none-eabi/10.3.1/../../../../arm-none-eabi/lib/thumb/v7-m/nofp\libg.a(lib_a-fclose.o)
                0x08008850                _fclose_r
 .text.fiprintf
                0x0800891c       0x28 e:/workspace/clion/gcc-arm-none-eabi-10.3-2021.10/bin/../lib/gcc/arm-none-eabi/10.3.1/../../../../arm-none-eabi/lib/thumb/v7-m/nofp\libg.a(lib_a-fiprintf.o)
                0x0800891c                fiprintf
 .text.__fputwc
                0x08008944       0xa0 e:/workspace/clion/gcc-arm-none-eabi-10.3-2021.10/bin/../lib/gcc/arm-none-eabi/10.3.1/../../../../arm-none-eabi/lib/thumb/v7-m/nofp\libg.a(lib_a-fputwc.o)
                0x08008944                __fputwc
 .text._fputwc_r
                0x080089e4       0x68 e:/workspace/clion/gcc-arm-none-eabi-10.3-2021.10/bin/../lib/gcc/arm-none-eabi/10.3.1/../../../../arm-none-eabi/lib/thumb/v7-m/nofp\libg.a(lib_a-fputwc.o)
                0x080089e4                _fputwc_r
 .text._fstat_r
                0x08008a4c       0x28 e:/workspace/clion/gcc-arm-none-eabi-10.3-2021.10/bin/../lib/gcc/arm-none-eabi/10.3.1/../../../../arm-none-eabi/lib/thumb/v7-m/nofp\libg.a(lib_a-fstatr.o)
                0x08008a4c                _fstat_r
 .text._isatty_r
                0x08008a74       0x24 e:/workspace/clion/gcc-arm-none-eabi-10.3-2021.10/bin/../lib/gcc/arm-none-eabi/10.3.1/../../../../arm-none-eabi/lib/thumb/v7-m/nofp\libg.a(lib_a-isattyr.o)
                0x08008a74                _isatty_r
 .text.__locale_mb_cur_max
                0x08008a98        0xc e:/workspace/clion/gcc-arm-none-eabi-10.3-2021.10/bin/../lib/gcc/arm-none-eabi/10.3.1/../../../../arm-none-eabi/lib/thumb/v7-m/nofp\libg.a(lib_a-locale.o)
                0x08008a98                __locale_mb_cur_max
 .text._lseek_r
                0x08008aa4       0x2c e:/workspace/clion/gcc-arm-none-eabi-10.3-2021.10/bin/../lib/gcc/arm-none-eabi/10.3.1/../../../../arm-none-eabi/lib/thumb/v7-m/nofp\libg.a(lib_a-lseekr.o)
                0x08008aa4                _lseek_r
 .text.__ascii_mbtowc
                0x08008ad0       0x2c e:/workspace/clion/gcc-arm-none-eabi-10.3-2021.10/bin/../lib/gcc/arm-none-eabi/10.3.1/../../../../arm-none-eabi/lib/thumb/v7-m/nofp\libg.a(lib_a-mbtowc_r.o)
                0x08008ad0                __ascii_mbtowc
 .text._read_r  0x08008afc       0x2c e:/workspace/clion/gcc-arm-none-eabi-10.3-2021.10/bin/../lib/gcc/arm-none-eabi/10.3.1/../../../../arm-none-eabi/lib/thumb/v7-m/nofp\libg.a(lib_a-readr.o)
                0x08008afc                _read_r
 .text.__swbuf_r
                0x08008b28       0xb0 e:/workspace/clion/gcc-arm-none-eabi-10.3-2021.10/bin/../lib/gcc/arm-none-eabi/10.3.1/../../../../arm-none-eabi/lib/thumb/v7-m/nofp\libg.a(lib_a-wbuf.o)
                0x08008b28                __swbuf_r
 .text._wcrtomb_r
                0x08008bd8       0x3c e:/workspace/clion/gcc-arm-none-eabi-10.3-2021.10/bin/../lib/gcc/arm-none-eabi/10.3.1/../../../../arm-none-eabi/lib/thumb/v7-m/nofp\libg.a(lib_a-wcrtomb.o)
                0x08008bd8                _wcrtomb_r
 .text.__ascii_wctomb
                0x08008c14       0x1c e:/workspace/clion/gcc-arm-none-eabi-10.3-2021.10/bin/../lib/gcc/arm-none-eabi/10.3.1/../../../../arm-none-eabi/lib/thumb/v7-m/nofp\libg.a(lib_a-wctomb_r.o)
                0x08008c14                __ascii_wctomb
 .text.abort    0x08008c30       0x10 e:/workspace/clion/gcc-arm-none-eabi-10.3-2021.10/bin/../lib/gcc/arm-none-eabi/10.3.1/../../../../arm-none-eabi/lib/thumb/v7-m/nofp\libg.a(lib_a-abort.o)
                0x08008c30                abort
 .text.raise    0x08008c40       0x5c e:/workspace/clion/gcc-arm-none-eabi-10.3-2021.10/bin/../lib/gcc/arm-none-eabi/10.3.1/../../../../arm-none-eabi/lib/thumb/v7-m/nofp\libg.a(lib_a-signal.o)
                0x08008c40                raise
 .text._kill_r  0x08008c9c       0x28 e:/workspace/clion/gcc-arm-none-eabi-10.3-2021.10/bin/../lib/gcc/arm-none-eabi/10.3.1/../../../../arm-none-eabi/lib/thumb/v7-m/nofp\libg.a(lib_a-signalr.o)
                0x08008c9c                _kill_r
 .text._getpid_r
                0x08008cc4        0x4 e:/workspace/clion/gcc-arm-none-eabi-10.3-2021.10/bin/../lib/gcc/arm-none-eabi/10.3.1/../../../../arm-none-eabi/lib/thumb/v7-m/nofp\libg.a(lib_a-signalr.o)
                0x08008cc4                _getpid_r
 *(.glue_7)
 .glue_7        0x08008cc8        0x0 linker stubs
 *(.glue_7t)
 .glue_7t       0x08008cc8        0x0 linker stubs
 *(.eh_frame)
 .eh_frame      0x08008cc8        0x0 e:/workspace/clion/gcc-arm-none-eabi-10.3-2021.10/bin/../lib/gcc/arm-none-eabi/10.3.1/thumb/v7-m/nofp/crtbegin.o
 *(.init)
 .init          0x08008cc8        0x4 e:/workspace/clion/gcc-arm-none-eabi-10.3-2021.10/bin/../lib/gcc/arm-none-eabi/10.3.1/thumb/v7-m/nofp/crti.o
                0x08008cc8                _init
 .init          0x08008ccc        0x8 e:/workspace/clion/gcc-arm-none-eabi-10.3-2021.10/bin/../lib/gcc/arm-none-eabi/10.3.1/thumb/v7-m/nofp/crtn.o
 *(.fini)
 .fini          0x08008cd4        0x4 e:/workspace/clion/gcc-arm-none-eabi-10.3-2021.10/bin/../lib/gcc/arm-none-eabi/10.3.1/thumb/v7-m/nofp/crti.o
                0x08008cd4                _fini
 .fini          0x08008cd8        0x8 e:/workspace/clion/gcc-arm-none-eabi-10.3-2021.10/bin/../lib/gcc/arm-none-eabi/10.3.1/thumb/v7-m/nofp/crtn.o
                0x08008ce0                . = ALIGN (0x4)
                0x08008ce0                _etext = .

.vfp11_veneer   0x08008ce0        0x0
 .vfp11_veneer  0x08008ce0        0x0 linker stubs

.v4_bx          0x08008ce0        0x0
 .v4_bx         0x08008ce0        0x0 linker stubs

.iplt           0x08008ce0        0x0
 .iplt          0x08008ce0        0x0 e:/workspace/clion/gcc-arm-none-eabi-10.3-2021.10/bin/../lib/gcc/arm-none-eabi/10.3.1/thumb/v7-m/nofp/crtbegin.o

.rodata         0x08008ce0      0x450
                0x08008ce0                . = ALIGN (0x4)
 *(.rodata)
 *(.rodata*)
 .rodata.main.str1.4
                0x08008ce0        0x9 CMakeFiles/pro1.elf.dir/Core/Src/main.c.obj
 *fill*         0x08008ce9        0x3 
 .rodata.AHBPrescTable
                0x08008cec       0x10 CMakeFiles/pro1.elf.dir/Core/Src/system_stm32f1xx.c.obj
                0x08008cec                AHBPrescTable
 .rodata.APBPrescTable
                0x08008cfc        0x8 CMakeFiles/pro1.elf.dir/Core/Src/system_stm32f1xx.c.obj
                0x08008cfc                APBPrescTable
 .rodata.aPLLMULFactorTable.1
                0x08008d04       0x10 CMakeFiles/pro1.elf.dir/Drivers/STM32F1xx_HAL_Driver/Src/stm32f1xx_hal_rcc.c.obj
 .rodata.aPredivFactorTable.0
                0x08008d14        0x2 CMakeFiles/pro1.elf.dir/Drivers/STM32F1xx_HAL_Driver/Src/stm32f1xx_hal_rcc.c.obj
 *fill*         0x08008d16        0x2 
 .rodata.aPLLMULFactorTable.1
                0x08008d18       0x10 CMakeFiles/pro1.elf.dir/Drivers/STM32F1xx_HAL_Driver/Src/stm32f1xx_hal_rcc_ex.c.obj
 .rodata.aPredivFactorTable.0
                0x08008d28        0x2 CMakeFiles/pro1.elf.dir/Drivers/STM32F1xx_HAL_Driver/Src/stm32f1xx_hal_rcc_ex.c.obj
 *fill*         0x08008d2a        0x2 
 .rodata._global_impure_ptr
                0x08008d2c        0x4 e:/workspace/clion/gcc-arm-none-eabi-10.3-2021.10/bin/../lib/gcc/arm-none-eabi/10.3.1/../../../../arm-none-eabi/lib/thumb/v7-m/nofp\libg.a(lib_a-impure.o)
                0x08008d2c                _global_impure_ptr
 .rodata._puts_r.str1.4
                0x08008d30        0x2 e:/workspace/clion/gcc-arm-none-eabi-10.3-2021.10/bin/../lib/gcc/arm-none-eabi/10.3.1/../../../../arm-none-eabi/lib/thumb/v7-m/nofp\libg.a(lib_a-puts.o)
 *fill*         0x08008d32        0x2 
 .rodata._vfprintf_r.str1.4
                0x08008d34       0x42 e:/workspace/clion/gcc-arm-none-eabi-10.3-2021.10/bin/../lib/gcc/arm-none-eabi/10.3.1/../../../../arm-none-eabi/lib/thumb/v7-m/nofp\libg.a(lib_a-vfprintf.o)
 *fill*         0x08008d76        0x2 
 .rodata.blanks.1
                0x08008d78       0x10 e:/workspace/clion/gcc-arm-none-eabi-10.3-2021.10/bin/../lib/gcc/arm-none-eabi/10.3.1/../../../../arm-none-eabi/lib/thumb/v7-m/nofp\libg.a(lib_a-vfprintf.o)
 .rodata.zeroes.0
                0x08008d88       0x10 e:/workspace/clion/gcc-arm-none-eabi-10.3-2021.10/bin/../lib/gcc/arm-none-eabi/10.3.1/../../../../arm-none-eabi/lib/thumb/v7-m/nofp\libg.a(lib_a-vfprintf.o)
 .rodata._dtoa_r.str1.4
                0x08008d98       0xa2 e:/workspace/clion/gcc-arm-none-eabi-10.3-2021.10/bin/../lib/gcc/arm-none-eabi/10.3.1/../../../../arm-none-eabi/lib/thumb/v7-m/nofp\libg.a(lib_a-dtoa.o)
                                 0xa6 (size before relaxing)
 *fill*         0x08008e3a        0x2 
 .rodata.__multadd.str1.4
                0x08008e3c       0x7f e:/workspace/clion/gcc-arm-none-eabi-10.3-2021.10/bin/../lib/gcc/arm-none-eabi/10.3.1/../../../../arm-none-eabi/lib/thumb/v7-m/nofp\libg.a(lib_a-mprec.o)
                                 0x93 (size before relaxing)
 *fill*         0x08008ebb        0x5 
 .rodata.__mprec_bigtens
                0x08008ec0       0x28 e:/workspace/clion/gcc-arm-none-eabi-10.3-2021.10/bin/../lib/gcc/arm-none-eabi/10.3.1/../../../../arm-none-eabi/lib/thumb/v7-m/nofp\libg.a(lib_a-mprec.o)
                0x08008ec0                __mprec_bigtens
 .rodata.__mprec_tens
                0x08008ee8       0xc8 e:/workspace/clion/gcc-arm-none-eabi-10.3-2021.10/bin/../lib/gcc/arm-none-eabi/10.3.1/../../../../arm-none-eabi/lib/thumb/v7-m/nofp\libg.a(lib_a-mprec.o)
                0x08008ee8                __mprec_tens
 .rodata.p05.0  0x08008fb0        0xc e:/workspace/clion/gcc-arm-none-eabi-10.3-2021.10/bin/../lib/gcc/arm-none-eabi/10.3.1/../../../../arm-none-eabi/lib/thumb/v7-m/nofp\libg.a(lib_a-mprec.o)
 .rodata._vfiprintf_r.str1.4
                0x08008fbc       0x2f e:/workspace/clion/gcc-arm-none-eabi-10.3-2021.10/bin/../lib/gcc/arm-none-eabi/10.3.1/../../../../arm-none-eabi/lib/thumb/v7-m/nofp\libg.a(lib_a-vfiprintf.o)
 .rodata.blanks.1
                0x08008fbc       0x10 e:/workspace/clion/gcc-arm-none-eabi-10.3-2021.10/bin/../lib/gcc/arm-none-eabi/10.3.1/../../../../arm-none-eabi/lib/thumb/v7-m/nofp\libg.a(lib_a-vfiprintf.o)
 .rodata.zeroes.0
                0x08008fcc       0x10 e:/workspace/clion/gcc-arm-none-eabi-10.3-2021.10/bin/../lib/gcc/arm-none-eabi/10.3.1/../../../../arm-none-eabi/lib/thumb/v7-m/nofp\libg.a(lib_a-vfiprintf.o)
 .rodata.__assert_func.str1.4
                0x08008fdc       0x3f e:/workspace/clion/gcc-arm-none-eabi-10.3-2021.10/bin/../lib/gcc/arm-none-eabi/10.3.1/../../../../arm-none-eabi/lib/thumb/v7-m/nofp\libg.a(lib_a-assert.o)
                                 0x43 (size before relaxing)
 *fill*         0x0800901b        0x1 
 .rodata._setlocale_r.str1.4
                0x0800901c        0xa e:/workspace/clion/gcc-arm-none-eabi-10.3-2021.10/bin/../lib/gcc/arm-none-eabi/10.3.1/../../../../arm-none-eabi/lib/thumb/v7-m/nofp\libg.a(lib_a-locale.o)
                                  0xd (size before relaxing)
 *fill*         0x08009026        0x2 
 .rodata.str1.4
                0x08009028        0x2 e:/workspace/clion/gcc-arm-none-eabi-10.3-2021.10/bin/../lib/gcc/arm-none-eabi/10.3.1/../../../../arm-none-eabi/lib/thumb/v7-m/nofp\libg.a(lib_a-locale.o)
 *fill*         0x0800902a        0x2 
 .rodata._ctype_
                0x0800902c      0x101 e:/workspace/clion/gcc-arm-none-eabi-10.3-2021.10/bin/../lib/gcc/arm-none-eabi/10.3.1/../../../../arm-none-eabi/lib/thumb/v7-m/nofp\libg.a(lib_a-ctype_.o)
                0x0800902c                _ctype_
                0x08009130                . = ALIGN (0x4)
 *fill*         0x0800912d        0x3 

.ARM.extab      0x08009130        0x0
                0x08009130                . = ALIGN (0x4)
 *(.ARM.extab* .gnu.linkonce.armextab.*)
                0x08009130                . = ALIGN (0x4)

.ARM            0x08009130        0x8
                0x08009130                . = ALIGN (0x4)
                0x08009130                __exidx_start = .
 *(.ARM.exidx*)
 .ARM.exidx     0x08009130        0x8 e:/workspace/clion/gcc-arm-none-eabi-10.3-2021.10/bin/../lib/gcc/arm-none-eabi/10.3.1/thumb/v7-m/nofp\libgcc.a(_udivmoddi4.o)
                0x08009138                __exidx_end = .
                0x08009138                . = ALIGN (0x4)

.rel.dyn        0x08009138        0x0
 .rel.iplt      0x08009138        0x0 e:/workspace/clion/gcc-arm-none-eabi-10.3-2021.10/bin/../lib/gcc/arm-none-eabi/10.3.1/thumb/v7-m/nofp/crtbegin.o

.preinit_array  0x08009138        0x0
                0x08009138                . = ALIGN (0x4)
                0x08009138                PROVIDE (__preinit_array_start = .)
 *(.preinit_array*)
                0x08009138                PROVIDE (__preinit_array_end = .)
                0x08009138                . = ALIGN (0x4)

.init_array     0x08009138        0x8
                0x08009138                . = ALIGN (0x4)
                0x08009138                PROVIDE (__init_array_start = .)
 *(SORT_BY_NAME(.init_array.*))
 .init_array.00000
                0x08009138        0x4 e:/workspace/clion/gcc-arm-none-eabi-10.3-2021.10/bin/../lib/gcc/arm-none-eabi/10.3.1/../../../../arm-none-eabi/lib/thumb/v7-m/nofp\libg.a(lib_a-__call_atexit.o)
 *(.init_array*)
 .init_array    0x0800913c        0x4 e:/workspace/clion/gcc-arm-none-eabi-10.3-2021.10/bin/../lib/gcc/arm-none-eabi/10.3.1/thumb/v7-m/nofp/crtbegin.o
                0x08009140                PROVIDE (__init_array_end = .)
                0x08009140                . = ALIGN (0x4)

.fini_array     0x08009140        0x4
                0x08009140                . = ALIGN (0x4)
                0x08009140                PROVIDE (__fini_array_start = .)
 *(SORT_BY_NAME(.fini_array.*))
 *(.fini_array*)
 .fini_array    0x08009140        0x4 e:/workspace/clion/gcc-arm-none-eabi-10.3-2021.10/bin/../lib/gcc/arm-none-eabi/10.3.1/thumb/v7-m/nofp/crtbegin.o
                0x08009144                PROVIDE (__fini_array_end = .)
                0x08009144                . = ALIGN (0x4)
                0x08009144                _sidata = LOADADDR (.data)

.data           0x20000000      0x9b8 load address 0x08009144
                0x20000000                . = ALIGN (0x4)
                0x20000000                _sdata = .
 *(.data)
 *(.data*)
 .data.SystemCoreClock
                0x20000000        0x4 CMakeFiles/pro1.elf.dir/Core/Src/system_stm32f1xx.c.obj
                0x20000000                SystemCoreClock
 .data.uwTickFreq
                0x20000004        0x1 CMakeFiles/pro1.elf.dir/Drivers/STM32F1xx_HAL_Driver/Src/stm32f1xx_hal.c.obj
                0x20000004                uwTickFreq
 *fill*         0x20000005        0x3 
 .data.uwTickPrio
                0x20000008        0x4 CMakeFiles/pro1.elf.dir/Drivers/STM32F1xx_HAL_Driver/Src/stm32f1xx_hal.c.obj
                0x20000008                uwTickPrio
 .data._impure_ptr
                0x2000000c        0x4 e:/workspace/clion/gcc-arm-none-eabi-10.3-2021.10/bin/../lib/gcc/arm-none-eabi/10.3.1/../../../../arm-none-eabi/lib/thumb/v7-m/nofp\libg.a(lib_a-impure.o)
                0x2000000c                _impure_ptr
 .data.impure_data
                0x20000010      0x428 e:/workspace/clion/gcc-arm-none-eabi-10.3-2021.10/bin/../lib/gcc/arm-none-eabi/10.3.1/../../../../arm-none-eabi/lib/thumb/v7-m/nofp\libg.a(lib_a-impure.o)
 .data.__atexit_recursive_mutex
                0x20000438        0x4 e:/workspace/clion/gcc-arm-none-eabi-10.3-2021.10/bin/../lib/gcc/arm-none-eabi/10.3.1/../../../../arm-none-eabi/lib/thumb/v7-m/nofp\libg.a(lib_a-__call_atexit.o)
                0x20000438                __atexit_recursive_mutex
 .data.__malloc_av_
                0x2000043c      0x408 e:/workspace/clion/gcc-arm-none-eabi-10.3-2021.10/bin/../lib/gcc/arm-none-eabi/10.3.1/../../../../arm-none-eabi/lib/thumb/v7-m/nofp\libg.a(lib_a-mallocr.o)
                0x2000043c                __malloc_av_
 .data.__malloc_sbrk_base
                0x20000844        0x4 e:/workspace/clion/gcc-arm-none-eabi-10.3-2021.10/bin/../lib/gcc/arm-none-eabi/10.3.1/../../../../arm-none-eabi/lib/thumb/v7-m/nofp\libg.a(lib_a-mallocr.o)
                0x20000844                __malloc_sbrk_base
 .data.__malloc_trim_threshold
                0x20000848        0x4 e:/workspace/clion/gcc-arm-none-eabi-10.3-2021.10/bin/../lib/gcc/arm-none-eabi/10.3.1/../../../../arm-none-eabi/lib/thumb/v7-m/nofp\libg.a(lib_a-mallocr.o)
                0x20000848                __malloc_trim_threshold
 .data.__global_locale
                0x2000084c      0x16c e:/workspace/clion/gcc-arm-none-eabi-10.3-2021.10/bin/../lib/gcc/arm-none-eabi/10.3.1/../../../../arm-none-eabi/lib/thumb/v7-m/nofp\libg.a(lib_a-locale.o)
                0x2000084c                __global_locale
 *(.RamFunc)
 *(.RamFunc*)
                0x200009b8                . = ALIGN (0x4)
                0x200009b8                _edata = .

.igot.plt       0x200009b8        0x0 load address 0x08009afc
 .igot.plt      0x200009b8        0x0 e:/workspace/clion/gcc-arm-none-eabi-10.3-2021.10/bin/../lib/gcc/arm-none-eabi/10.3.1/thumb/v7-m/nofp/crtbegin.o
                0x200009b8                . = ALIGN (0x4)

.bss            0x200009b8      0x12c load address 0x08009afc
                0x200009b8                _sbss = .
                0x200009b8                __bss_start__ = _sbss
 *(.bss)
 .bss           0x200009b8       0x1c e:/workspace/clion/gcc-arm-none-eabi-10.3-2021.10/bin/../lib/gcc/arm-none-eabi/10.3.1/thumb/v7-m/nofp/crtbegin.o
 *(.bss*)
 .bss.hadc1     0x200009d4       0x30 CMakeFiles/pro1.elf.dir/Core/Src/adc.c.obj
                0x200009d4                hadc1
 .bss.hdma_adc1
                0x20000a04       0x44 CMakeFiles/pro1.elf.dir/Core/Src/adc.c.obj
                0x20000a04                hdma_adc1
 .bss.gHuart    0x20000a48        0x4 CMakeFiles/pro1.elf.dir/Core/Src/retarget.c.obj
                0x20000a48                gHuart
 .bss.__sbrk_heap_end
                0x20000a4c        0x4 CMakeFiles/pro1.elf.dir/Core/Src/sysmem.c.obj
 .bss.huart1    0x20000a50       0x48 CMakeFiles/pro1.elf.dir/Core/Src/usart.c.obj
                0x20000a50                huart1
 .bss.uwTick    0x20000a98        0x4 CMakeFiles/pro1.elf.dir/Drivers/STM32F1xx_HAL_Driver/Src/stm32f1xx_hal.c.obj
                0x20000a98                uwTick
 .bss.__lock___atexit_recursive_mutex
                0x20000a9c        0x1 e:/workspace/clion/gcc-arm-none-eabi-10.3-2021.10/bin/../lib/gcc/arm-none-eabi/10.3.1/../../../../arm-none-eabi/lib/thumb/v7-m/nofp\libg.a(lib_a-lock.o)
                0x20000a9c                __lock___atexit_recursive_mutex
 *fill*         0x20000a9d        0x3 
 .bss.__lock___malloc_recursive_mutex
                0x20000aa0        0x1 e:/workspace/clion/gcc-arm-none-eabi-10.3-2021.10/bin/../lib/gcc/arm-none-eabi/10.3.1/../../../../arm-none-eabi/lib/thumb/v7-m/nofp\libg.a(lib_a-lock.o)
                0x20000aa0                __lock___malloc_recursive_mutex
 *fill*         0x20000aa1        0x3 
 .bss.__lock___sfp_recursive_mutex
                0x20000aa4        0x1 e:/workspace/clion/gcc-arm-none-eabi-10.3-2021.10/bin/../lib/gcc/arm-none-eabi/10.3.1/../../../../arm-none-eabi/lib/thumb/v7-m/nofp\libg.a(lib_a-lock.o)
                0x20000aa4                __lock___sfp_recursive_mutex
 *fill*         0x20000aa5        0x3 
 .bss.__lock___sinit_recursive_mutex
                0x20000aa8        0x1 e:/workspace/clion/gcc-arm-none-eabi-10.3-2021.10/bin/../lib/gcc/arm-none-eabi/10.3.1/../../../../arm-none-eabi/lib/thumb/v7-m/nofp\libg.a(lib_a-lock.o)
                0x20000aa8                __lock___sinit_recursive_mutex
 *fill*         0x20000aa9        0x3 
 .bss.__malloc_current_mallinfo
                0x20000aac       0x28 e:/workspace/clion/gcc-arm-none-eabi-10.3-2021.10/bin/../lib/gcc/arm-none-eabi/10.3.1/../../../../arm-none-eabi/lib/thumb/v7-m/nofp\libg.a(lib_a-mallocr.o)
                0x20000aac                __malloc_current_mallinfo
 .bss.__malloc_max_sbrked_mem
                0x20000ad4        0x4 e:/workspace/clion/gcc-arm-none-eabi-10.3-2021.10/bin/../lib/gcc/arm-none-eabi/10.3.1/../../../../arm-none-eabi/lib/thumb/v7-m/nofp\libg.a(lib_a-mallocr.o)
                0x20000ad4                __malloc_max_sbrked_mem
 .bss.__malloc_max_total_mem
                0x20000ad8        0x4 e:/workspace/clion/gcc-arm-none-eabi-10.3-2021.10/bin/../lib/gcc/arm-none-eabi/10.3.1/../../../../arm-none-eabi/lib/thumb/v7-m/nofp\libg.a(lib_a-mallocr.o)
                0x20000ad8                __malloc_max_total_mem
 .bss.__malloc_top_pad
                0x20000adc        0x4 e:/workspace/clion/gcc-arm-none-eabi-10.3-2021.10/bin/../lib/gcc/arm-none-eabi/10.3.1/../../../../arm-none-eabi/lib/thumb/v7-m/nofp\libg.a(lib_a-mallocr.o)
                0x20000adc                __malloc_top_pad
 .bss.errno     0x20000ae0        0x4 e:/workspace/clion/gcc-arm-none-eabi-10.3-2021.10/bin/../lib/gcc/arm-none-eabi/10.3.1/../../../../arm-none-eabi/lib/thumb/v7-m/nofp\libg.a(lib_a-reent.o)
                0x20000ae0                errno
 *(COMMON)
                0x20000ae4                . = ALIGN (0x4)
                0x20000ae4                _ebss = .
                0x20000ae4                __bss_end__ = _ebss

._user_heap_stack
                0x20000ae4      0x604 load address 0x08009afc
                0x20000ae8                . = ALIGN (0x8)
 *fill*         0x20000ae4        0x4 
                [!provide]                PROVIDE (end = .)
                0x20000ae8                PROVIDE (_end = .)
                0x20000ce8                . = (. + _Min_Heap_Size)
 *fill*         0x20000ae8      0x200 
                0x200010e8                . = (. + _Min_Stack_Size)
 *fill*         0x20000ce8      0x400 
                0x200010e8                . = ALIGN (0x8)

/DISCARD/
 libc.a(*)
 libm.a(*)
 libgcc.a(*)

.ARM.attributes
                0x00000000       0x29
 *(.ARM.attributes)
 .ARM.attributes
                0x00000000       0x1d e:/workspace/clion/gcc-arm-none-eabi-10.3-2021.10/bin/../lib/gcc/arm-none-eabi/10.3.1/thumb/v7-m/nofp/crti.o
 .ARM.attributes
                0x0000001d       0x2d e:/workspace/clion/gcc-arm-none-eabi-10.3-2021.10/bin/../lib/gcc/arm-none-eabi/10.3.1/thumb/v7-m/nofp/crtbegin.o
 .ARM.attributes
                0x0000004a       0x2d CMakeFiles/pro1.elf.dir/Core/Src/adc.c.obj
 .ARM.attributes
                0x00000077       0x2d CMakeFiles/pro1.elf.dir/Core/Src/dma.c.obj
 .ARM.attributes
                0x000000a4       0x2d CMakeFiles/pro1.elf.dir/Core/Src/gpio.c.obj
 .ARM.attributes
                0x000000d1       0x2d CMakeFiles/pro1.elf.dir/Core/Src/main.c.obj
 .ARM.attributes
                0x000000fe       0x2d CMakeFiles/pro1.elf.dir/Core/Src/retarget.c.obj
 .ARM.attributes
                0x0000012b       0x2d CMakeFiles/pro1.elf.dir/Core/Src/stm32f1xx_hal_msp.c.obj
 .ARM.attributes
                0x00000158       0x2d CMakeFiles/pro1.elf.dir/Core/Src/stm32f1xx_it.c.obj
 .ARM.attributes
                0x00000185       0x2d CMakeFiles/pro1.elf.dir/Core/Src/syscalls.c.obj
 .ARM.attributes
                0x000001b2       0x2d CMakeFiles/pro1.elf.dir/Core/Src/sysmem.c.obj
 .ARM.attributes
                0x000001df       0x2d CMakeFiles/pro1.elf.dir/Core/Src/system_stm32f1xx.c.obj
 .ARM.attributes
                0x0000020c       0x2d CMakeFiles/pro1.elf.dir/Core/Src/usart.c.obj
 .ARM.attributes
                0x00000239       0x21 CMakeFiles/pro1.elf.dir/Core/Startup/startup_stm32f103c8tx.s.obj
 .ARM.attributes
                0x0000025a       0x2d CMakeFiles/pro1.elf.dir/Drivers/STM32F1xx_HAL_Driver/Src/stm32f1xx_hal.c.obj
 .ARM.attributes
                0x00000287       0x2d CMakeFiles/pro1.elf.dir/Drivers/STM32F1xx_HAL_Driver/Src/stm32f1xx_hal_adc.c.obj
 .ARM.attributes
                0x000002b4       0x2d CMakeFiles/pro1.elf.dir/Drivers/STM32F1xx_HAL_Driver/Src/stm32f1xx_hal_adc_ex.c.obj
 .ARM.attributes
                0x000002e1       0x2d CMakeFiles/pro1.elf.dir/Drivers/STM32F1xx_HAL_Driver/Src/stm32f1xx_hal_cortex.c.obj
 .ARM.attributes
                0x0000030e       0x2d CMakeFiles/pro1.elf.dir/Drivers/STM32F1xx_HAL_Driver/Src/stm32f1xx_hal_dma.c.obj
 .ARM.attributes
                0x0000033b       0x2d CMakeFiles/pro1.elf.dir/Drivers/STM32F1xx_HAL_Driver/Src/stm32f1xx_hal_gpio.c.obj
 .ARM.attributes
                0x00000368       0x2d CMakeFiles/pro1.elf.dir/Drivers/STM32F1xx_HAL_Driver/Src/stm32f1xx_hal_rcc.c.obj
 .ARM.attributes
                0x00000395       0x2d CMakeFiles/pro1.elf.dir/Drivers/STM32F1xx_HAL_Driver/Src/stm32f1xx_hal_rcc_ex.c.obj
 .ARM.attributes
                0x000003c2       0x2d CMakeFiles/pro1.elf.dir/Drivers/STM32F1xx_HAL_Driver/Src/stm32f1xx_hal_uart.c.obj
 .ARM.attributes
                0x000003ef       0x2d e:/workspace/clion/gcc-arm-none-eabi-10.3-2021.10/bin/../lib/gcc/arm-none-eabi/10.3.1/../../../../arm-none-eabi/lib/thumb/v7-m/nofp\libg.a(lib_a-errno.o)
 .ARM.attributes
                0x0000041c       0x2d e:/workspace/clion/gcc-arm-none-eabi-10.3-2021.10/bin/../lib/gcc/arm-none-eabi/10.3.1/../../../../arm-none-eabi/lib/thumb/v7-m/nofp\libg.a(lib_a-impure.o)
 .ARM.attributes
                0x00000449       0x2d e:/workspace/clion/gcc-arm-none-eabi-10.3-2021.10/bin/../lib/gcc/arm-none-eabi/10.3.1/../../../../arm-none-eabi/lib/thumb/v7-m/nofp\libg.a(lib_a-init.o)
 .ARM.attributes
                0x00000476       0x2d e:/workspace/clion/gcc-arm-none-eabi-10.3-2021.10/bin/../lib/gcc/arm-none-eabi/10.3.1/../../../../arm-none-eabi/lib/thumb/v7-m/nofp\libg.a(lib_a-memset.o)
 .ARM.attributes
                0x000004a3       0x2d e:/workspace/clion/gcc-arm-none-eabi-10.3-2021.10/bin/../lib/gcc/arm-none-eabi/10.3.1/../../../../arm-none-eabi/lib/thumb/v7-m/nofp\libg.a(lib_a-printf.o)
 .ARM.attributes
                0x000004d0       0x2d e:/workspace/clion/gcc-arm-none-eabi-10.3-2021.10/bin/../lib/gcc/arm-none-eabi/10.3.1/../../../../arm-none-eabi/lib/thumb/v7-m/nofp\libg.a(lib_a-puts.o)
 .ARM.attributes
                0x000004fd       0x2d e:/workspace/clion/gcc-arm-none-eabi-10.3-2021.10/bin/../lib/gcc/arm-none-eabi/10.3.1/../../../../arm-none-eabi/lib/thumb/v7-m/nofp\libg.a(lib_a-setvbuf.o)
 .ARM.attributes
                0x0000052a       0x2d e:/workspace/clion/gcc-arm-none-eabi-10.3-2021.10/bin/../lib/gcc/arm-none-eabi/10.3.1/../../../../arm-none-eabi/lib/thumb/v7-m/nofp\libg.a(lib_a-strlen-stub.o)
 .ARM.attributes
                0x00000557       0x2d e:/workspace/clion/gcc-arm-none-eabi-10.3-2021.10/bin/../lib/gcc/arm-none-eabi/10.3.1/../../../../arm-none-eabi/lib/thumb/v7-m/nofp\libg.a(lib_a-vfprintf.o)
 .ARM.attributes
                0x00000584       0x2d e:/workspace/clion/gcc-arm-none-eabi-10.3-2021.10/bin/../lib/gcc/arm-none-eabi/10.3.1/../../../../arm-none-eabi/lib/thumb/v7-m/nofp\libg.a(lib_a-wsetup.o)
 .ARM.attributes
                0x000005b1       0x2d e:/workspace/clion/gcc-arm-none-eabi-10.3-2021.10/bin/../lib/gcc/arm-none-eabi/10.3.1/../../../../arm-none-eabi/lib/thumb/v7-m/nofp\libg.a(lib_a-__call_atexit.o)
 .ARM.attributes
                0x000005de       0x2d e:/workspace/clion/gcc-arm-none-eabi-10.3-2021.10/bin/../lib/gcc/arm-none-eabi/10.3.1/../../../../arm-none-eabi/lib/thumb/v7-m/nofp\libg.a(lib_a-atexit.o)
 .ARM.attributes
                0x0000060b       0x2d e:/workspace/clion/gcc-arm-none-eabi-10.3-2021.10/bin/../lib/gcc/arm-none-eabi/10.3.1/../../../../arm-none-eabi/lib/thumb/v7-m/nofp\libg.a(lib_a-dtoa.o)
 .ARM.attributes
                0x00000638       0x2d e:/workspace/clion/gcc-arm-none-eabi-10.3-2021.10/bin/../lib/gcc/arm-none-eabi/10.3.1/../../../../arm-none-eabi/lib/thumb/v7-m/nofp\libg.a(lib_a-fflush.o)
 .ARM.attributes
                0x00000665       0x2d e:/workspace/clion/gcc-arm-none-eabi-10.3-2021.10/bin/../lib/gcc/arm-none-eabi/10.3.1/../../../../arm-none-eabi/lib/thumb/v7-m/nofp\libg.a(lib_a-findfp.o)
 .ARM.attributes
                0x00000692       0x2d e:/workspace/clion/gcc-arm-none-eabi-10.3-2021.10/bin/../lib/gcc/arm-none-eabi/10.3.1/../../../../arm-none-eabi/lib/thumb/v7-m/nofp\libg.a(lib_a-fini.o)
 .ARM.attributes
                0x000006bf       0x2d e:/workspace/clion/gcc-arm-none-eabi-10.3-2021.10/bin/../lib/gcc/arm-none-eabi/10.3.1/../../../../arm-none-eabi/lib/thumb/v7-m/nofp\libg.a(lib_a-freer.o)
 .ARM.attributes
                0x000006ec       0x2d e:/workspace/clion/gcc-arm-none-eabi-10.3-2021.10/bin/../lib/gcc/arm-none-eabi/10.3.1/../../../../arm-none-eabi/lib/thumb/v7-m/nofp\libg.a(lib_a-fvwrite.o)
 .ARM.attributes
                0x00000719       0x2d e:/workspace/clion/gcc-arm-none-eabi-10.3-2021.10/bin/../lib/gcc/arm-none-eabi/10.3.1/../../../../arm-none-eabi/lib/thumb/v7-m/nofp\libg.a(lib_a-fwalk.o)
 .ARM.attributes
                0x00000746       0x2d e:/workspace/clion/gcc-arm-none-eabi-10.3-2021.10/bin/../lib/gcc/arm-none-eabi/10.3.1/../../../../arm-none-eabi/lib/thumb/v7-m/nofp\libg.a(lib_a-localeconv.o)
 .ARM.attributes
                0x00000773       0x2d e:/workspace/clion/gcc-arm-none-eabi-10.3-2021.10/bin/../lib/gcc/arm-none-eabi/10.3.1/../../../../arm-none-eabi/lib/thumb/v7-m/nofp\libg.a(lib_a-lock.o)
 .ARM.attributes
                0x000007a0       0x2d e:/workspace/clion/gcc-arm-none-eabi-10.3-2021.10/bin/../lib/gcc/arm-none-eabi/10.3.1/../../../../arm-none-eabi/lib/thumb/v7-m/nofp\libg.a(lib_a-makebuf.o)
 .ARM.attributes
                0x000007cd       0x2d e:/workspace/clion/gcc-arm-none-eabi-10.3-2021.10/bin/../lib/gcc/arm-none-eabi/10.3.1/../../../../arm-none-eabi/lib/thumb/v7-m/nofp\libg.a(lib_a-malloc.o)
 .ARM.attributes
                0x000007fa       0x2d e:/workspace/clion/gcc-arm-none-eabi-10.3-2021.10/bin/../lib/gcc/arm-none-eabi/10.3.1/../../../../arm-none-eabi/lib/thumb/v7-m/nofp\libg.a(lib_a-mallocr.o)
 .ARM.attributes
                0x00000827       0x2d e:/workspace/clion/gcc-arm-none-eabi-10.3-2021.10/bin/../lib/gcc/arm-none-eabi/10.3.1/../../../../arm-none-eabi/lib/thumb/v7-m/nofp\libg.a(lib_a-memchr-stub.o)
 .ARM.attributes
                0x00000854       0x1b e:/workspace/clion/gcc-arm-none-eabi-10.3-2021.10/bin/../lib/gcc/arm-none-eabi/10.3.1/../../../../arm-none-eabi/lib/thumb/v7-m/nofp\libg.a(lib_a-memcpy.o)
 .ARM.attributes
                0x0000086f       0x2d e:/workspace/clion/gcc-arm-none-eabi-10.3-2021.10/bin/../lib/gcc/arm-none-eabi/10.3.1/../../../../arm-none-eabi/lib/thumb/v7-m/nofp\libg.a(lib_a-memmove.o)
 .ARM.attributes
                0x0000089c       0x2d e:/workspace/clion/gcc-arm-none-eabi-10.3-2021.10/bin/../lib/gcc/arm-none-eabi/10.3.1/../../../../arm-none-eabi/lib/thumb/v7-m/nofp\libg.a(lib_a-mlock.o)
 .ARM.attributes
                0x000008c9       0x2d e:/workspace/clion/gcc-arm-none-eabi-10.3-2021.10/bin/../lib/gcc/arm-none-eabi/10.3.1/../../../../arm-none-eabi/lib/thumb/v7-m/nofp\libg.a(lib_a-mprec.o)
 .ARM.attributes
                0x000008f6       0x2d e:/workspace/clion/gcc-arm-none-eabi-10.3-2021.10/bin/../lib/gcc/arm-none-eabi/10.3.1/../../../../arm-none-eabi/lib/thumb/v7-m/nofp\libg.a(lib_a-reallocr.o)
 .ARM.attributes
                0x00000923       0x2d e:/workspace/clion/gcc-arm-none-eabi-10.3-2021.10/bin/../lib/gcc/arm-none-eabi/10.3.1/../../../../arm-none-eabi/lib/thumb/v7-m/nofp\libg.a(lib_a-s_frexp.o)
 .ARM.attributes
                0x00000950       0x2d e:/workspace/clion/gcc-arm-none-eabi-10.3-2021.10/bin/../lib/gcc/arm-none-eabi/10.3.1/../../../../arm-none-eabi/lib/thumb/v7-m/nofp\libg.a(lib_a-sbrkr.o)
 .ARM.attributes
                0x0000097d       0x2d e:/workspace/clion/gcc-arm-none-eabi-10.3-2021.10/bin/../lib/gcc/arm-none-eabi/10.3.1/../../../../arm-none-eabi/lib/thumb/v7-m/nofp\libg.a(lib_a-stdio.o)
 .ARM.attributes
                0x000009aa       0x2d e:/workspace/clion/gcc-arm-none-eabi-10.3-2021.10/bin/../lib/gcc/arm-none-eabi/10.3.1/../../../../arm-none-eabi/lib/thumb/v7-m/nofp\libg.a(lib_a-strncpy.o)
 .ARM.attributes
                0x000009d7       0x2d e:/workspace/clion/gcc-arm-none-eabi-10.3-2021.10/bin/../lib/gcc/arm-none-eabi/10.3.1/../../../../arm-none-eabi/lib/thumb/v7-m/nofp\libg.a(lib_a-vfiprintf.o)
 .ARM.attributes
                0x00000a04       0x2d e:/workspace/clion/gcc-arm-none-eabi-10.3-2021.10/bin/../lib/gcc/arm-none-eabi/10.3.1/../../../../arm-none-eabi/lib/thumb/v7-m/nofp\libg.a(lib_a-writer.o)
 .ARM.attributes
                0x00000a31       0x2d e:/workspace/clion/gcc-arm-none-eabi-10.3-2021.10/bin/../lib/gcc/arm-none-eabi/10.3.1/../../../../arm-none-eabi/lib/thumb/v7-m/nofp\libg.a(lib_a-__atexit.o)
 .ARM.attributes
                0x00000a5e       0x2d e:/workspace/clion/gcc-arm-none-eabi-10.3-2021.10/bin/../lib/gcc/arm-none-eabi/10.3.1/../../../../arm-none-eabi/lib/thumb/v7-m/nofp\libg.a(lib_a-assert.o)
 .ARM.attributes
                0x00000a8b       0x2d e:/workspace/clion/gcc-arm-none-eabi-10.3-2021.10/bin/../lib/gcc/arm-none-eabi/10.3.1/../../../../arm-none-eabi/lib/thumb/v7-m/nofp\libg.a(lib_a-callocr.o)
 .ARM.attributes
                0x00000ab8       0x2d e:/workspace/clion/gcc-arm-none-eabi-10.3-2021.10/bin/../lib/gcc/arm-none-eabi/10.3.1/../../../../arm-none-eabi/lib/thumb/v7-m/nofp\libg.a(lib_a-closer.o)
 .ARM.attributes
                0x00000ae5       0x2d e:/workspace/clion/gcc-arm-none-eabi-10.3-2021.10/bin/../lib/gcc/arm-none-eabi/10.3.1/../../../../arm-none-eabi/lib/thumb/v7-m/nofp\libg.a(lib_a-fclose.o)
 .ARM.attributes
                0x00000b12       0x2d e:/workspace/clion/gcc-arm-none-eabi-10.3-2021.10/bin/../lib/gcc/arm-none-eabi/10.3.1/../../../../arm-none-eabi/lib/thumb/v7-m/nofp\libg.a(lib_a-fiprintf.o)
 .ARM.attributes
                0x00000b3f       0x2d e:/workspace/clion/gcc-arm-none-eabi-10.3-2021.10/bin/../lib/gcc/arm-none-eabi/10.3.1/../../../../arm-none-eabi/lib/thumb/v7-m/nofp\libg.a(lib_a-fputwc.o)
 .ARM.attributes
                0x00000b6c       0x2d e:/workspace/clion/gcc-arm-none-eabi-10.3-2021.10/bin/../lib/gcc/arm-none-eabi/10.3.1/../../../../arm-none-eabi/lib/thumb/v7-m/nofp\libg.a(lib_a-fstatr.o)
 .ARM.attributes
                0x00000b99       0x2d e:/workspace/clion/gcc-arm-none-eabi-10.3-2021.10/bin/../lib/gcc/arm-none-eabi/10.3.1/../../../../arm-none-eabi/lib/thumb/v7-m/nofp\libg.a(lib_a-isattyr.o)
 .ARM.attributes
                0x00000bc6       0x2d e:/workspace/clion/gcc-arm-none-eabi-10.3-2021.10/bin/../lib/gcc/arm-none-eabi/10.3.1/../../../../arm-none-eabi/lib/thumb/v7-m/nofp\libg.a(lib_a-locale.o)
 .ARM.attributes
                0x00000bf3       0x2d e:/workspace/clion/gcc-arm-none-eabi-10.3-2021.10/bin/../lib/gcc/arm-none-eabi/10.3.1/../../../../arm-none-eabi/lib/thumb/v7-m/nofp\libg.a(lib_a-lseekr.o)
 .ARM.attributes
                0x00000c20       0x2d e:/workspace/clion/gcc-arm-none-eabi-10.3-2021.10/bin/../lib/gcc/arm-none-eabi/10.3.1/../../../../arm-none-eabi/lib/thumb/v7-m/nofp\libg.a(lib_a-mbtowc_r.o)
 .ARM.attributes
                0x00000c4d       0x2d e:/workspace/clion/gcc-arm-none-eabi-10.3-2021.10/bin/../lib/gcc/arm-none-eabi/10.3.1/../../../../arm-none-eabi/lib/thumb/v7-m/nofp\libg.a(lib_a-readr.o)
 .ARM.attributes
                0x00000c7a       0x2d e:/workspace/clion/gcc-arm-none-eabi-10.3-2021.10/bin/../lib/gcc/arm-none-eabi/10.3.1/../../../../arm-none-eabi/lib/thumb/v7-m/nofp\libg.a(lib_a-reent.o)
 .ARM.attributes
                0x00000ca7       0x2d e:/workspace/clion/gcc-arm-none-eabi-10.3-2021.10/bin/../lib/gcc/arm-none-eabi/10.3.1/../../../../arm-none-eabi/lib/thumb/v7-m/nofp\libg.a(lib_a-wbuf.o)
 .ARM.attributes
                0x00000cd4       0x2d e:/workspace/clion/gcc-arm-none-eabi-10.3-2021.10/bin/../lib/gcc/arm-none-eabi/10.3.1/../../../../arm-none-eabi/lib/thumb/v7-m/nofp\libg.a(lib_a-wcrtomb.o)
 .ARM.attributes
                0x00000d01       0x2d e:/workspace/clion/gcc-arm-none-eabi-10.3-2021.10/bin/../lib/gcc/arm-none-eabi/10.3.1/../../../../arm-none-eabi/lib/thumb/v7-m/nofp\libg.a(lib_a-wctomb_r.o)
 .ARM.attributes
                0x00000d2e       0x2d e:/workspace/clion/gcc-arm-none-eabi-10.3-2021.10/bin/../lib/gcc/arm-none-eabi/10.3.1/../../../../arm-none-eabi/lib/thumb/v7-m/nofp\libg.a(lib_a-abort.o)
 .ARM.attributes
                0x00000d5b       0x2d e:/workspace/clion/gcc-arm-none-eabi-10.3-2021.10/bin/../lib/gcc/arm-none-eabi/10.3.1/../../../../arm-none-eabi/lib/thumb/v7-m/nofp\libg.a(lib_a-ctype_.o)
 .ARM.attributes
                0x00000d88       0x2d e:/workspace/clion/gcc-arm-none-eabi-10.3-2021.10/bin/../lib/gcc/arm-none-eabi/10.3.1/../../../../arm-none-eabi/lib/thumb/v7-m/nofp\libg.a(lib_a-signal.o)
 .ARM.attributes
                0x00000db5       0x2d e:/workspace/clion/gcc-arm-none-eabi-10.3-2021.10/bin/../lib/gcc/arm-none-eabi/10.3.1/../../../../arm-none-eabi/lib/thumb/v7-m/nofp\libg.a(lib_a-signalr.o)
 .ARM.attributes
                0x00000de2       0x1d e:/workspace/clion/gcc-arm-none-eabi-10.3-2021.10/bin/../lib/gcc/arm-none-eabi/10.3.1/thumb/v7-m/nofp\libgcc.a(_arm_addsubdf3.o)
 .ARM.attributes
                0x00000dff       0x1d e:/workspace/clion/gcc-arm-none-eabi-10.3-2021.10/bin/../lib/gcc/arm-none-eabi/10.3.1/thumb/v7-m/nofp\libgcc.a(_arm_muldivdf3.o)
 .ARM.attributes
                0x00000e1c       0x1d e:/workspace/clion/gcc-arm-none-eabi-10.3-2021.10/bin/../lib/gcc/arm-none-eabi/10.3.1/thumb/v7-m/nofp\libgcc.a(_arm_cmpdf2.o)
 .ARM.attributes
                0x00000e39       0x1d e:/workspace/clion/gcc-arm-none-eabi-10.3-2021.10/bin/../lib/gcc/arm-none-eabi/10.3.1/thumb/v7-m/nofp\libgcc.a(_arm_unorddf2.o)
 .ARM.attributes
                0x00000e56       0x1d e:/workspace/clion/gcc-arm-none-eabi-10.3-2021.10/bin/../lib/gcc/arm-none-eabi/10.3.1/thumb/v7-m/nofp\libgcc.a(_arm_fixdfsi.o)
 .ARM.attributes
                0x00000e73       0x1d e:/workspace/clion/gcc-arm-none-eabi-10.3-2021.10/bin/../lib/gcc/arm-none-eabi/10.3.1/thumb/v7-m/nofp\libgcc.a(_aeabi_uldivmod.o)
 .ARM.attributes
                0x00000e90       0x2d e:/workspace/clion/gcc-arm-none-eabi-10.3-2021.10/bin/../lib/gcc/arm-none-eabi/10.3.1/thumb/v7-m/nofp\libgcc.a(_udivmoddi4.o)
 .ARM.attributes
                0x00000ebd       0x1d e:/workspace/clion/gcc-arm-none-eabi-10.3-2021.10/bin/../lib/gcc/arm-none-eabi/10.3.1/thumb/v7-m/nofp\libgcc.a(_dvmd_tls.o)
 .ARM.attributes
                0x00000eda       0x1d e:/workspace/clion/gcc-arm-none-eabi-10.3-2021.10/bin/../lib/gcc/arm-none-eabi/10.3.1/thumb/v7-m/nofp/crtn.o
OUTPUT(pro1.elf elf32-littlearm)
LOAD linker stubs
LOAD e:/workspace/clion/gcc-arm-none-eabi-10.3-2021.10/bin/../lib/gcc/arm-none-eabi/10.3.1/../../../../arm-none-eabi/lib/thumb/v7-m/nofp\libc.a
LOAD e:/workspace/clion/gcc-arm-none-eabi-10.3-2021.10/bin/../lib/gcc/arm-none-eabi/10.3.1/../../../../arm-none-eabi/lib/thumb/v7-m/nofp\libm.a
LOAD e:/workspace/clion/gcc-arm-none-eabi-10.3-2021.10/bin/../lib/gcc/arm-none-eabi/10.3.1/thumb/v7-m/nofp\libgcc.a

.debug_info     0x00000000     0xd334
 .debug_info    0x00000000      0x95d CMakeFiles/pro1.elf.dir/Core/Src/adc.c.obj
 .debug_info    0x0000095d      0x2f4 CMakeFiles/pro1.elf.dir/Core/Src/dma.c.obj
 .debug_info    0x00000c51      0x2f6 CMakeFiles/pro1.elf.dir/Core/Src/gpio.c.obj
 .debug_info    0x00000f47      0xbdc CMakeFiles/pro1.elf.dir/Core/Src/main.c.obj
 .debug_info    0x00001b23      0xec6 CMakeFiles/pro1.elf.dir/Core/Src/retarget.c.obj
 .debug_info    0x000029e9      0x211 CMakeFiles/pro1.elf.dir/Core/Src/stm32f1xx_hal_msp.c.obj
 .debug_info    0x00002bfa      0x3b5 CMakeFiles/pro1.elf.dir/Core/Src/stm32f1xx_it.c.obj
 .debug_info    0x00002faf      0x751 CMakeFiles/pro1.elf.dir/Core/Src/syscalls.c.obj
 .debug_info    0x00003700      0x174 CMakeFiles/pro1.elf.dir/Core/Src/sysmem.c.obj
 .debug_info    0x00003874      0x248 CMakeFiles/pro1.elf.dir/Core/Src/system_stm32f1xx.c.obj
 .debug_info    0x00003abc      0x855 CMakeFiles/pro1.elf.dir/Core/Src/usart.c.obj
 .debug_info    0x00004311       0x22 CMakeFiles/pro1.elf.dir/Core/Startup/startup_stm32f103c8tx.s.obj
 .debug_info    0x00004333      0x7a8 CMakeFiles/pro1.elf.dir/Drivers/STM32F1xx_HAL_Driver/Src/stm32f1xx_hal.c.obj
 .debug_info    0x00004adb      0xf3f CMakeFiles/pro1.elf.dir/Drivers/STM32F1xx_HAL_Driver/Src/stm32f1xx_hal_adc.c.obj
 .debug_info    0x00005a1a      0xc40 CMakeFiles/pro1.elf.dir/Drivers/STM32F1xx_HAL_Driver/Src/stm32f1xx_hal_adc_ex.c.obj
 .debug_info    0x0000665a      0xd8a CMakeFiles/pro1.elf.dir/Drivers/STM32F1xx_HAL_Driver/Src/stm32f1xx_hal_cortex.c.obj
 .debug_info    0x000073e4      0x84b CMakeFiles/pro1.elf.dir/Drivers/STM32F1xx_HAL_Driver/Src/stm32f1xx_hal_dma.c.obj
 .debug_info    0x00007c2f      0x66f CMakeFiles/pro1.elf.dir/Drivers/STM32F1xx_HAL_Driver/Src/stm32f1xx_hal_gpio.c.obj
 .debug_info    0x0000829e      0xa3b CMakeFiles/pro1.elf.dir/Drivers/STM32F1xx_HAL_Driver/Src/stm32f1xx_hal_rcc.c.obj
 .debug_info    0x00008cd9      0x449 CMakeFiles/pro1.elf.dir/Drivers/STM32F1xx_HAL_Driver/Src/stm32f1xx_hal_rcc_ex.c.obj
 .debug_info    0x00009122     0x4212 CMakeFiles/pro1.elf.dir/Drivers/STM32F1xx_HAL_Driver/Src/stm32f1xx_hal_uart.c.obj

.debug_abbrev   0x00000000     0x255d
 .debug_abbrev  0x00000000      0x1f2 CMakeFiles/pro1.elf.dir/Core/Src/adc.c.obj
 .debug_abbrev  0x000001f2      0x114 CMakeFiles/pro1.elf.dir/Core/Src/dma.c.obj
 .debug_abbrev  0x00000306      0x13c CMakeFiles/pro1.elf.dir/Core/Src/gpio.c.obj
 .debug_abbrev  0x00000442      0x215 CMakeFiles/pro1.elf.dir/Core/Src/main.c.obj
 .debug_abbrev  0x00000657      0x280 CMakeFiles/pro1.elf.dir/Core/Src/retarget.c.obj
 .debug_abbrev  0x000008d7       0xe5 CMakeFiles/pro1.elf.dir/Core/Src/stm32f1xx_hal_msp.c.obj
 .debug_abbrev  0x000009bc      0x154 CMakeFiles/pro1.elf.dir/Core/Src/stm32f1xx_it.c.obj
 .debug_abbrev  0x00000b10      0x1a3 CMakeFiles/pro1.elf.dir/Core/Src/syscalls.c.obj
 .debug_abbrev  0x00000cb3       0xe7 CMakeFiles/pro1.elf.dir/Core/Src/sysmem.c.obj
 .debug_abbrev  0x00000d9a      0x13e CMakeFiles/pro1.elf.dir/Core/Src/system_stm32f1xx.c.obj
 .debug_abbrev  0x00000ed8      0x1c8 CMakeFiles/pro1.elf.dir/Core/Src/usart.c.obj
 .debug_abbrev  0x000010a0       0x12 CMakeFiles/pro1.elf.dir/Core/Startup/startup_stm32f103c8tx.s.obj
 .debug_abbrev  0x000010b2      0x1f4 CMakeFiles/pro1.elf.dir/Drivers/STM32F1xx_HAL_Driver/Src/stm32f1xx_hal.c.obj
 .debug_abbrev  0x000012a6      0x1fc CMakeFiles/pro1.elf.dir/Drivers/STM32F1xx_HAL_Driver/Src/stm32f1xx_hal_adc.c.obj
 .debug_abbrev  0x000014a2      0x248 CMakeFiles/pro1.elf.dir/Drivers/STM32F1xx_HAL_Driver/Src/stm32f1xx_hal_adc_ex.c.obj
 .debug_abbrev  0x000016ea      0x341 CMakeFiles/pro1.elf.dir/Drivers/STM32F1xx_HAL_Driver/Src/stm32f1xx_hal_cortex.c.obj
 .debug_abbrev  0x00001a2b      0x223 CMakeFiles/pro1.elf.dir/Drivers/STM32F1xx_HAL_Driver/Src/stm32f1xx_hal_dma.c.obj
 .debug_abbrev  0x00001c4e      0x1e6 CMakeFiles/pro1.elf.dir/Drivers/STM32F1xx_HAL_Driver/Src/stm32f1xx_hal_gpio.c.obj
 .debug_abbrev  0x00001e34      0x27a CMakeFiles/pro1.elf.dir/Drivers/STM32F1xx_HAL_Driver/Src/stm32f1xx_hal_rcc.c.obj
 .debug_abbrev  0x000020ae      0x1d2 CMakeFiles/pro1.elf.dir/Drivers/STM32F1xx_HAL_Driver/Src/stm32f1xx_hal_rcc_ex.c.obj
 .debug_abbrev  0x00002280      0x2dd CMakeFiles/pro1.elf.dir/Drivers/STM32F1xx_HAL_Driver/Src/stm32f1xx_hal_uart.c.obj

.debug_loc      0x00000000     0x8147
 .debug_loc     0x00000000       0x71 CMakeFiles/pro1.elf.dir/Core/Src/adc.c.obj
 .debug_loc     0x00000071       0x23 CMakeFiles/pro1.elf.dir/Core/Src/main.c.obj
 .debug_loc     0x00000094       0xba CMakeFiles/pro1.elf.dir/Core/Src/retarget.c.obj
 .debug_loc     0x0000014e       0x15 CMakeFiles/pro1.elf.dir/Core/Src/stm32f1xx_hal_msp.c.obj
 .debug_loc     0x00000163      0x37b CMakeFiles/pro1.elf.dir/Core/Src/syscalls.c.obj
 .debug_loc     0x000004de       0x64 CMakeFiles/pro1.elf.dir/Core/Src/sysmem.c.obj
 .debug_loc     0x00000542       0xff CMakeFiles/pro1.elf.dir/Core/Src/system_stm32f1xx.c.obj
 .debug_loc     0x00000641       0x84 CMakeFiles/pro1.elf.dir/Core/Src/usart.c.obj
 .debug_loc     0x000006c5      0x141 CMakeFiles/pro1.elf.dir/Drivers/STM32F1xx_HAL_Driver/Src/stm32f1xx_hal.c.obj
 .debug_loc     0x00000806      0xb03 CMakeFiles/pro1.elf.dir/Drivers/STM32F1xx_HAL_Driver/Src/stm32f1xx_hal_adc.c.obj
 .debug_loc     0x00001309      0x801 CMakeFiles/pro1.elf.dir/Drivers/STM32F1xx_HAL_Driver/Src/stm32f1xx_hal_adc_ex.c.obj
 .debug_loc     0x00001b0a      0x71f CMakeFiles/pro1.elf.dir/Drivers/STM32F1xx_HAL_Driver/Src/stm32f1xx_hal_cortex.c.obj
 .debug_loc     0x00002229      0x7d1 CMakeFiles/pro1.elf.dir/Drivers/STM32F1xx_HAL_Driver/Src/stm32f1xx_hal_dma.c.obj
 .debug_loc     0x000029fa      0x47d CMakeFiles/pro1.elf.dir/Drivers/STM32F1xx_HAL_Driver/Src/stm32f1xx_hal_gpio.c.obj
 .debug_loc     0x00002e77      0x618 CMakeFiles/pro1.elf.dir/Drivers/STM32F1xx_HAL_Driver/Src/stm32f1xx_hal_rcc.c.obj
 .debug_loc     0x0000348f      0x43d CMakeFiles/pro1.elf.dir/Drivers/STM32F1xx_HAL_Driver/Src/stm32f1xx_hal_rcc_ex.c.obj
 .debug_loc     0x000038cc     0x487b CMakeFiles/pro1.elf.dir/Drivers/STM32F1xx_HAL_Driver/Src/stm32f1xx_hal_uart.c.obj

.debug_aranges  0x00000000      0x920
 .debug_aranges
                0x00000000       0x38 CMakeFiles/pro1.elf.dir/Core/Src/adc.c.obj
 .debug_aranges
                0x00000038       0x20 CMakeFiles/pro1.elf.dir/Core/Src/dma.c.obj
 .debug_aranges
                0x00000058       0x20 CMakeFiles/pro1.elf.dir/Core/Src/gpio.c.obj
 .debug_aranges
                0x00000078       0x38 CMakeFiles/pro1.elf.dir/Core/Src/main.c.obj
 .debug_aranges
                0x000000b0       0x30 CMakeFiles/pro1.elf.dir/Core/Src/retarget.c.obj
 .debug_aranges
                0x000000e0       0x20 CMakeFiles/pro1.elf.dir/Core/Src/stm32f1xx_hal_msp.c.obj
 .debug_aranges
                0x00000100       0x68 CMakeFiles/pro1.elf.dir/Core/Src/stm32f1xx_it.c.obj
 .debug_aranges
                0x00000168       0x98 CMakeFiles/pro1.elf.dir/Core/Src/syscalls.c.obj
 .debug_aranges
                0x00000200       0x20 CMakeFiles/pro1.elf.dir/Core/Src/sysmem.c.obj
 .debug_aranges
                0x00000220       0x28 CMakeFiles/pro1.elf.dir/Core/Src/system_stm32f1xx.c.obj
 .debug_aranges
                0x00000248       0x30 CMakeFiles/pro1.elf.dir/Core/Src/usart.c.obj
 .debug_aranges
                0x00000278       0x28 CMakeFiles/pro1.elf.dir/Core/Startup/startup_stm32f103c8tx.s.obj
 .debug_aranges
                0x000002a0       0xe0 CMakeFiles/pro1.elf.dir/Drivers/STM32F1xx_HAL_Driver/Src/stm32f1xx_hal.c.obj
 .debug_aranges
                0x00000380       0xf0 CMakeFiles/pro1.elf.dir/Drivers/STM32F1xx_HAL_Driver/Src/stm32f1xx_hal_adc.c.obj
 .debug_aranges
                0x00000470       0x80 CMakeFiles/pro1.elf.dir/Drivers/STM32F1xx_HAL_Driver/Src/stm32f1xx_hal_adc_ex.c.obj
 .debug_aranges
                0x000004f0       0x90 CMakeFiles/pro1.elf.dir/Drivers/STM32F1xx_HAL_Driver/Src/stm32f1xx_hal_cortex.c.obj
 .debug_aranges
                0x00000580       0x80 CMakeFiles/pro1.elf.dir/Drivers/STM32F1xx_HAL_Driver/Src/stm32f1xx_hal_dma.c.obj
 .debug_aranges
                0x00000600       0x58 CMakeFiles/pro1.elf.dir/Drivers/STM32F1xx_HAL_Driver/Src/stm32f1xx_hal_gpio.c.obj
 .debug_aranges
                0x00000658       0x90 CMakeFiles/pro1.elf.dir/Drivers/STM32F1xx_HAL_Driver/Src/stm32f1xx_hal_rcc.c.obj
 .debug_aranges
                0x000006e8       0x30 CMakeFiles/pro1.elf.dir/Drivers/STM32F1xx_HAL_Driver/Src/stm32f1xx_hal_rcc_ex.c.obj
 .debug_aranges
                0x00000718      0x208 CMakeFiles/pro1.elf.dir/Drivers/STM32F1xx_HAL_Driver/Src/stm32f1xx_hal_uart.c.obj

.debug_ranges   0x00000000      0x888
 .debug_ranges  0x00000000       0x28 CMakeFiles/pro1.elf.dir/Core/Src/adc.c.obj
 .debug_ranges  0x00000028       0x10 CMakeFiles/pro1.elf.dir/Core/Src/dma.c.obj
 .debug_ranges  0x00000038       0x10 CMakeFiles/pro1.elf.dir/Core/Src/gpio.c.obj
 .debug_ranges  0x00000048       0x28 CMakeFiles/pro1.elf.dir/Core/Src/main.c.obj
 .debug_ranges  0x00000070       0x20 CMakeFiles/pro1.elf.dir/Core/Src/retarget.c.obj
 .debug_ranges  0x00000090       0x10 CMakeFiles/pro1.elf.dir/Core/Src/stm32f1xx_hal_msp.c.obj
 .debug_ranges  0x000000a0       0x58 CMakeFiles/pro1.elf.dir/Core/Src/stm32f1xx_it.c.obj
 .debug_ranges  0x000000f8       0x88 CMakeFiles/pro1.elf.dir/Core/Src/syscalls.c.obj
 .debug_ranges  0x00000180       0x10 CMakeFiles/pro1.elf.dir/Core/Src/sysmem.c.obj
 .debug_ranges  0x00000190       0x18 CMakeFiles/pro1.elf.dir/Core/Src/system_stm32f1xx.c.obj
 .debug_ranges  0x000001a8       0x20 CMakeFiles/pro1.elf.dir/Core/Src/usart.c.obj
 .debug_ranges  0x000001c8       0x20 CMakeFiles/pro1.elf.dir/Core/Startup/startup_stm32f103c8tx.s.obj
 .debug_ranges  0x000001e8       0xd0 CMakeFiles/pro1.elf.dir/Drivers/STM32F1xx_HAL_Driver/Src/stm32f1xx_hal.c.obj
 .debug_ranges  0x000002b8       0xe0 CMakeFiles/pro1.elf.dir/Drivers/STM32F1xx_HAL_Driver/Src/stm32f1xx_hal_adc.c.obj
 .debug_ranges  0x00000398       0x70 CMakeFiles/pro1.elf.dir/Drivers/STM32F1xx_HAL_Driver/Src/stm32f1xx_hal_adc_ex.c.obj
 .debug_ranges  0x00000408       0xe0 CMakeFiles/pro1.elf.dir/Drivers/STM32F1xx_HAL_Driver/Src/stm32f1xx_hal_cortex.c.obj
 .debug_ranges  0x000004e8       0x70 CMakeFiles/pro1.elf.dir/Drivers/STM32F1xx_HAL_Driver/Src/stm32f1xx_hal_dma.c.obj
 .debug_ranges  0x00000558       0x48 CMakeFiles/pro1.elf.dir/Drivers/STM32F1xx_HAL_Driver/Src/stm32f1xx_hal_gpio.c.obj
 .debug_ranges  0x000005a0       0xa0 CMakeFiles/pro1.elf.dir/Drivers/STM32F1xx_HAL_Driver/Src/stm32f1xx_hal_rcc.c.obj
 .debug_ranges  0x00000640       0x38 CMakeFiles/pro1.elf.dir/Drivers/STM32F1xx_HAL_Driver/Src/stm32f1xx_hal_rcc_ex.c.obj
 .debug_ranges  0x00000678      0x210 CMakeFiles/pro1.elf.dir/Drivers/STM32F1xx_HAL_Driver/Src/stm32f1xx_hal_uart.c.obj

.debug_line     0x00000000     0xaf9c
 .debug_line    0x00000000      0x3fa CMakeFiles/pro1.elf.dir/Core/Src/adc.c.obj
 .debug_line    0x000003fa      0x1f3 CMakeFiles/pro1.elf.dir/Core/Src/dma.c.obj
 .debug_line    0x000005ed      0x226 CMakeFiles/pro1.elf.dir/Core/Src/gpio.c.obj
 .debug_line    0x00000813      0x4e8 CMakeFiles/pro1.elf.dir/Core/Src/main.c.obj
 .debug_line    0x00000cfb      0x378 CMakeFiles/pro1.elf.dir/Core/Src/retarget.c.obj
 .debug_line    0x00001073      0x1aa CMakeFiles/pro1.elf.dir/Core/Src/stm32f1xx_hal_msp.c.obj
 .debug_line    0x0000121d      0x328 CMakeFiles/pro1.elf.dir/Core/Src/stm32f1xx_it.c.obj
 .debug_line    0x00001545      0x3f0 CMakeFiles/pro1.elf.dir/Core/Src/syscalls.c.obj
 .debug_line    0x00001935      0x1e5 CMakeFiles/pro1.elf.dir/Core/Src/sysmem.c.obj
 .debug_line    0x00001b1a      0x274 CMakeFiles/pro1.elf.dir/Core/Src/system_stm32f1xx.c.obj
 .debug_line    0x00001d8e      0x36d CMakeFiles/pro1.elf.dir/Core/Src/usart.c.obj
 .debug_line    0x000020fb       0xa9 CMakeFiles/pro1.elf.dir/Core/Startup/startup_stm32f103c8tx.s.obj
 .debug_line    0x000021a4      0x5a8 CMakeFiles/pro1.elf.dir/Drivers/STM32F1xx_HAL_Driver/Src/stm32f1xx_hal.c.obj
 .debug_line    0x0000274c      0xf41 CMakeFiles/pro1.elf.dir/Drivers/STM32F1xx_HAL_Driver/Src/stm32f1xx_hal_adc.c.obj
 .debug_line    0x0000368d      0xc29 CMakeFiles/pro1.elf.dir/Drivers/STM32F1xx_HAL_Driver/Src/stm32f1xx_hal_adc_ex.c.obj
 .debug_line    0x000042b6      0x68d CMakeFiles/pro1.elf.dir/Drivers/STM32F1xx_HAL_Driver/Src/stm32f1xx_hal_cortex.c.obj
 .debug_line    0x00004943      0xaae CMakeFiles/pro1.elf.dir/Drivers/STM32F1xx_HAL_Driver/Src/stm32f1xx_hal_dma.c.obj
 .debug_line    0x000053f1      0x635 CMakeFiles/pro1.elf.dir/Drivers/STM32F1xx_HAL_Driver/Src/stm32f1xx_hal_gpio.c.obj
 .debug_line    0x00005a26      0xc72 CMakeFiles/pro1.elf.dir/Drivers/STM32F1xx_HAL_Driver/Src/stm32f1xx_hal_rcc.c.obj
 .debug_line    0x00006698      0x4e7 CMakeFiles/pro1.elf.dir/Drivers/STM32F1xx_HAL_Driver/Src/stm32f1xx_hal_rcc_ex.c.obj
 .debug_line    0x00006b7f     0x441d CMakeFiles/pro1.elf.dir/Drivers/STM32F1xx_HAL_Driver/Src/stm32f1xx_hal_uart.c.obj

.debug_str      0x00000000     0x30b5
 .debug_str     0x00000000      0x618 CMakeFiles/pro1.elf.dir/Core/Src/adc.c.obj
                                0x6db (size before relaxing)
 .debug_str     0x00000618      0x33e CMakeFiles/pro1.elf.dir/Core/Src/dma.c.obj
                                0x524 (size before relaxing)
 .debug_str     0x00000956       0x71 CMakeFiles/pro1.elf.dir/Core/Src/gpio.c.obj
                                0x2c1 (size before relaxing)
 .debug_str     0x000009c7      0x4ab CMakeFiles/pro1.elf.dir/Core/Src/main.c.obj
                                0x9fb (size before relaxing)
 .debug_str     0x00000e72      0x3f9 CMakeFiles/pro1.elf.dir/Core/Src/retarget.c.obj
                                0x9d4 (size before relaxing)
 .debug_str     0x0000126b       0x7d CMakeFiles/pro1.elf.dir/Core/Src/stm32f1xx_hal_msp.c.obj
                                0x263 (size before relaxing)
 .debug_str     0x000012e8      0x106 CMakeFiles/pro1.elf.dir/Core/Src/stm32f1xx_it.c.obj
                                0x487 (size before relaxing)
 .debug_str     0x000013ee      0x205 CMakeFiles/pro1.elf.dir/Core/Src/syscalls.c.obj
                                0x421 (size before relaxing)
 .debug_str     0x000015f3       0x98 CMakeFiles/pro1.elf.dir/Core/Src/sysmem.c.obj
                                0x25c (size before relaxing)
 .debug_str     0x0000168b       0xa1 CMakeFiles/pro1.elf.dir/Core/Src/system_stm32f1xx.c.obj