Archive member included to satisfy reference by file (symbol)

e:/workspace/clion/gcc-arm-none-eabi-10.3-2021.10/bin/../lib/gcc/arm-none-eabi/10.3.1/../../../../arm-none-eabi/lib/thumb/v7-m/nofp\libg.a(lib_a-errno.o)
                              CMakeFiles/pro1.elf.dir/Core/Src/retarget.c.obj (__errno)
e:/workspace/clion/gcc-arm-none-eabi-10.3-2021.10/bin/../lib/gcc/arm-none-eabi/10.3.1/../../../../arm-none-eabi/lib/thumb/v7-m/nofp\libg.a(lib_a-exit.o)
                              e:/workspace/clion/gcc-arm-none-eabi-10.3-2021.10/bin/../lib/gcc/arm-none-eabi/10.3.1/../../../../arm-none-eabi/lib/thumb/v7-m/nofp/crt0.o (exit)
e:/workspace/clion/gcc-arm-none-eabi-10.3-2021.10/bin/../lib/gcc/arm-none-eabi/10.3.1/../../../../arm-none-eabi/lib/thumb/v7-m/nofp\libg.a(lib_a-impure.o)
                              e:/workspace/clion/gcc-arm-none-eabi-10.3-2021.10/bin/../lib/gcc/arm-none-eabi/10.3.1/../../../../arm-none-eabi/lib/thumb/v7-m/nofp\libg.a(lib_a-exit.o) (_global_impure_ptr)
e:/workspace/clion/gcc-arm-none-eabi-10.3-2021.10/bin/../lib/gcc/arm-none-eabi/10.3.1/../../../../arm-none-eabi/lib/thumb/v7-m/nofp\libg.a(lib_a-init.o)
                              e:/workspace/clion/gcc-arm-none-eabi-10.3-2021.10/bin/../lib/gcc/arm-none-eabi/10.3.1/../../../../arm-none-eabi/lib/thumb/v7-m/nofp/crt0.o (__libc_init_array)
e:/workspace/clion/gcc-arm-none-eabi-10.3-2021.10/bin/../lib/gcc/arm-none-eabi/10.3.1/../../../../arm-none-eabi/lib/thumb/v7-m/nofp\libg.a(lib_a-memset.o)
                              e:/workspace/clion/gcc-arm-none-eabi-10.3-2021.10/bin/../lib/gcc/arm-none-eabi/10.3.1/../../../../arm-none-eabi/lib/thumb/v7-m/nofp/crt0.o (memset)
e:/workspace/clion/gcc-arm-none-eabi-10.3-2021.10/bin/../lib/gcc/arm-none-eabi/10.3.1/../../../../arm-none-eabi/lib/thumb/v7-m/nofp\libg.a(lib_a-puts.o)
                              CMakeFiles/pro1.elf.dir/Core/Src/stm32f1xx_it.c.obj (puts)
e:/workspace/clion/gcc-arm-none-eabi-10.3-2021.10/bin/../lib/gcc/arm-none-eabi/10.3.1/../../../../arm-none-eabi/lib/thumb/v7-m/nofp\libg.a(lib_a-setvbuf.o)
                              CMakeFiles/pro1.elf.dir/Core/Src/retarget.c.obj (setvbuf)
e:/workspace/clion/gcc-arm-none-eabi-10.3-2021.10/bin/../lib/gcc/arm-none-eabi/10.3.1/../../../../arm-none-eabi/lib/thumb/v7-m/nofp\libg.a(lib_a-strlen-stub.o)
                              e:/workspace/clion/gcc-arm-none-eabi-10.3-2021.10/bin/../lib/gcc/arm-none-eabi/10.3.1/../../../../arm-none-eabi/lib/thumb/v7-m/nofp\libg.a(lib_a-puts.o) (strlen)
e:/workspace/clion/gcc-arm-none-eabi-10.3-2021.10/bin/../lib/gcc/arm-none-eabi/10.3.1/../../../../arm-none-eabi/lib/thumb/v7-m/nofp\libg.a(lib_a-__call_atexit.o)
                              e:/workspace/clion/gcc-arm-none-eabi-10.3-2021.10/bin/../lib/gcc/arm-none-eabi/10.3.1/../../../../arm-none-eabi/lib/thumb/v7-m/nofp\libg.a(lib_a-exit.o) (__call_exitprocs)
e:/workspace/clion/gcc-arm-none-eabi-10.3-2021.10/bin/../lib/gcc/arm-none-eabi/10.3.1/../../../../arm-none-eabi/lib/thumb/v7-m/nofp\libg.a(lib_a-atexit.o)
                              e:/workspace/clion/gcc-arm-none-eabi-10.3-2021.10/bin/../lib/gcc/arm-none-eabi/10.3.1/../../../../arm-none-eabi/lib/thumb/v7-m/nofp\libg.a(lib_a-__call_atexit.o) (atexit)
e:/workspace/clion/gcc-arm-none-eabi-10.3-2021.10/bin/../lib/gcc/arm-none-eabi/10.3.1/../../../../arm-none-eabi/lib/thumb/v7-m/nofp\libg.a(lib_a-fflush.o)
                              e:/workspace/clion/gcc-arm-none-eabi-10.3-2021.10/bin/../lib/gcc/arm-none-eabi/10.3.1/../../../../arm-none-eabi/lib/thumb/v7-m/nofp\libg.a(lib_a-setvbuf.o) (_fflush_r)
e:/workspace/clion/gcc-arm-none-eabi-10.3-2021.10/bin/../lib/gcc/arm-none-eabi/10.3.1/../../../../arm-none-eabi/lib/thumb/v7-m/nofp\libg.a(lib_a-findfp.o)
                              e:/workspace/clion/gcc-arm-none-eabi-10.3-2021.10/bin/../lib/gcc/arm-none-eabi/10.3.1/../../../../arm-none-eabi/lib/thumb/v7-m/nofp\libg.a(lib_a-puts.o) (__sinit)
e:/workspace/clion/gcc-arm-none-eabi-10.3-2021.10/bin/../lib/gcc/arm-none-eabi/10.3.1/../../../../arm-none-eabi/lib/thumb/v7-m/nofp\libg.a(lib_a-fini.o)
                              e:/workspace/clion/gcc-arm-none-eabi-10.3-2021.10/bin/../lib/gcc/arm-none-eabi/10.3.1/../../../../arm-none-eabi/lib/thumb/v7-m/nofp\libg.a(lib_a-__call_atexit.o) (__libc_fini_array)
e:/workspace/clion/gcc-arm-none-eabi-10.3-2021.10/bin/../lib/gcc/arm-none-eabi/10.3.1/../../../../arm-none-eabi/lib/thumb/v7-m/nofp\libg.a(lib_a-freer.o)
                              e:/workspace/clion/gcc-arm-none-eabi-10.3-2021.10/bin/../lib/gcc/arm-none-eabi/10.3.1/../../../../arm-none-eabi/lib/thumb/v7-m/nofp\libg.a(lib_a-setvbuf.o) (_free_r)
e:/workspace/clion/gcc-arm-none-eabi-10.3-2021.10/bin/../lib/gcc/arm-none-eabi/10.3.1/../../../../arm-none-eabi/lib/thumb/v7-m/nofp\libg.a(lib_a-fvwrite.o)
                              e:/workspace/clion/gcc-arm-none-eabi-10.3-2021.10/bin/../lib/gcc/arm-none-eabi/10.3.1/../../../../arm-none-eabi/lib/thumb/v7-m/nofp\libg.a(lib_a-puts.o) (__sfvwrite_r)
[...]
Memory Configuration

Name             Origin             Length             Attributes
RAM              0x20000000         0x00005000         xrw
FLASH            0x08000000         0x00010000         xr
*default*        0x00000000         0xffffffff

Linker script and memory map

LOAD e:/workspace/clion/gcc-arm-none-eabi-10.3-2021.10/bin/../lib/gcc/arm-none-eabi/10.3.1/thumb/v7-m/nofp/crti.o
LOAD e:/workspace/clion/gcc-arm-none-eabi-10.3-2021.10/bin/../lib/gcc/arm-none-eabi/10.3.1/thumb/v7-m/nofp/crtbegin.o
LOAD e:/workspace/clion/gcc-arm-none-eabi-10.3-2021.10/bin/../lib/gcc/arm-none-eabi/10.3.1/../../../../arm-none-eabi/lib/thumb/v7-m/nofp/crt0.o
LOAD CMakeFiles/pro1.elf.dir/Core/Src/adc.c.obj
LOAD CMakeFiles/pro1.elf.dir/Core/Src/dma.c.obj
LOAD CMakeFiles/pro1.elf.dir/Core/Src/gpio.c.obj
LOAD CMakeFiles/pro1.elf.dir/Core/Src/main.c.obj
LOAD CMakeFiles/pro1.elf.dir/Core/Src/retarget.c.obj
LOAD CMakeFiles/pro1.elf.dir/Core/Src/stm32f1xx_hal_msp.c.obj
LOAD CMakeFiles/pro1.elf.dir/Core/Src/stm32f1xx_it.c.obj
LOAD CMakeFiles/pro1.elf.dir/Core/Src/syscalls.c.obj
LOAD CMakeFiles/pro1.elf.dir/Core/Src/sysmem.c.obj
LOAD CMakeFiles/pro1.elf.dir/Core/Src/system_stm32f1xx.c.obj
LOAD CMakeFiles/pro1.elf.dir/Core/Src/tim.c.obj
LOAD CMakeFiles/pro1.elf.dir/Core/Src/usart.c.obj
LOAD CMakeFiles/pro1.elf.dir/Core/Startup/startup_stm32f103c8tx.s.obj
LOAD CMakeFiles/pro1.elf.dir/Drivers/STM32F1xx_HAL_Driver/Src/stm32f1xx_hal.c.obj
LOAD CMakeFiles/pro1.elf.dir/Drivers/STM32F1xx_HAL_Driver/Src/stm32f1xx_hal_adc.c.obj
LOAD CMakeFiles/pro1.elf.dir/Drivers/STM32F1xx_HAL_Driver/Src/stm32f1xx_hal_adc_ex.c.obj
LOAD CMakeFiles/pro1.elf.dir/Drivers/STM32F1xx_HAL_Driver/Src/stm32f1xx_hal_cortex.c.obj
LOAD CMakeFiles/pro1.elf.dir/Drivers/STM32F1xx_HAL_Driver/Src/stm32f1xx_hal_dma.c.obj
LOAD CMakeFiles/pro1.elf.dir/Drivers/STM32F1xx_HAL_Driver/Src/stm32f1xx_hal_exti.c.obj
LOAD CMakeFiles/pro1.elf.dir/Drivers/STM32F1xx_HAL_Driver/Src/stm32f1xx_hal_flash.c.obj
LOAD CMakeFiles/pro1.elf.dir/Drivers/STM32F1xx_HAL_Driver/Src/stm32f1xx_hal_flash_ex.c.obj
LOAD CMakeFiles/pro1.elf.dir/Drivers/STM32F1xx_HAL_Driver/Src/stm32f1xx_hal_gpio.c.obj
LOAD CMakeFiles/pro1.elf.dir/Drivers/STM32F1xx_HAL_Driver/Src/stm32f1xx_hal_gpio_ex.c.obj
LOAD CMakeFiles/pro1.elf.dir/Drivers/STM32F1xx_HAL_Driver/Src/stm32f1xx_hal_pwr.c.obj
LOAD CMakeFiles/pro1.elf.dir/Drivers/STM32F1xx_HAL_Driver/Src/stm32f1xx_hal_rcc.c.obj
LOAD CMakeFiles/pro1.elf.dir/Drivers/STM32F1xx_HAL_Driver/Src/stm32f1xx_hal_rcc_ex.c.obj
LOAD CMakeFiles/pro1.elf.dir/Drivers/STM32F1xx_HAL_Driver/Src/stm32f1xx_hal_tim.c.obj
LOAD CMakeFiles/pro1.elf.dir/Drivers/STM32F1xx_HAL_Driver/Src/stm32f1xx_hal_tim_ex.c.obj
LOAD CMakeFiles/pro1.elf.dir/Drivers/STM32F1xx_HAL_Driver/Src/stm32f1xx_hal_uart.c.obj
START GROUP
LOAD e:/workspace/clion/gcc-arm-none-eabi-10.3-2021.10/bin/../lib/gcc/arm-none-eabi/10.3.1/thumb/v7-m/nofp\libgcc.a
LOAD e:/workspace/clion/gcc-arm-none-eabi-10.3-2021.10/bin/../lib/gcc/arm-none-eabi/10.3.1/../../../../arm-none-eabi/lib/thumb/v7-m/nofp\libg.a
LOAD e:/workspace/clion/gcc-arm-none-eabi-10.3-2021.10/bin/../lib/gcc/arm-none-eabi/10.3.1/../../../../arm-none-eabi/lib/thumb/v7-m/nofp\libc.a
END GROUP
LOAD e:/workspace/clion/gcc-arm-none-eabi-10.3-2021.10/bin/../lib/gcc/arm-none-eabi/10.3.1/thumb/v7-m/nofp/crtend.o
LOAD e:/workspace/clion/gcc-arm-none-eabi-10.3-2021.10/bin/../lib/gcc/arm-none-eabi/10.3.1/thumb/v7-m/nofp/crtn.o
                0x20005000                _estack = (ORIGIN (RAM) + LENGTH (RAM))
                0x00000200                _Min_Heap_Size = 0x200
                0x00000400                _Min_Stack_Size = 0x400

.isr_vector     0x08000000      0x10c
                0x08000000                . = ALIGN (0x4)
 *(.isr_vector)
 .isr_vector    0x08000000      0x10c CMakeFiles/pro1.elf.dir/Core/Startup/startup_stm32f103c8tx.s.obj
                0x08000000                g_pfnVectors
                0x0800010c                . = ALIGN (0x4)

.text           0x0800010c     0x3e84
                0x0800010c                . = ALIGN (0x4)
 *(.text)
 .text          0x0800010c       0x40 e:/workspace/clion/gcc-arm-none-eabi-10.3-2021.10/bin/../lib/gcc/arm-none-eabi/10.3.1/thumb/v7-m/nofp/crtbegin.o
 .text          0x0800014c       0xec e:/workspace/clion/gcc-arm-none-eabi-10.3-2021.10/bin/../lib/gcc/arm-none-eabi/10.3.1/../../../../arm-none-eabi/lib/thumb/v7-m/nofp\libg.a(lib_a-memcpy.o)
                0x0800014c                memcpy
 *(.text*)
 .text.MX_ADC1_Init
                0x08000238       0x58 CMakeFiles/pro1.elf.dir/Core/Src/adc.c.obj
                0x08000238                MX_ADC1_Init
 .text.HAL_ADC_MspInit
                0x08000290       0xa0 CMakeFiles/pro1.elf.dir/Core/Src/adc.c.obj
                0x08000290                HAL_ADC_MspInit
 .text.MX_DMA_Init
                0x08000330       0x20 CMakeFiles/pro1.elf.dir/Core/Src/dma.c.obj
                0x08000330                MX_DMA_Init
 .text.MX_GPIO_Init
                0x08000350       0x78 CMakeFiles/pro1.elf.dir/Core/Src/gpio.c.obj
                0x08000350                MX_GPIO_Init
 .text.__io_putchar
                0x080003c8       0x20 CMakeFiles/pro1.elf.dir/Core/Src/main.c.obj
                0x080003c8                __io_putchar
 .text.Error_Handler
                0x080003e8        0x4 CMakeFiles/pro1.elf.dir/Core/Src/main.c.obj
                0x080003e8                Error_Handler
 .text.SystemClock_Config
                0x080003ec       0x84 CMakeFiles/pro1.elf.dir/Core/Src/main.c.obj
                0x080003ec                SystemClock_Config
 .text.main     0x08000470       0x58 CMakeFiles/pro1.elf.dir/Core/Src/main.c.obj
                0x08000470                main
 .text.RetargetInit
                0x080004c8       0x20 CMakeFiles/pro1.elf.dir/Core/Src/retarget.c.obj
                0x080004c8                RetargetInit
 .text._isatty  0x080004e8       0x16 CMakeFiles/pro1.elf.dir/Core/Src/retarget.c.obj
                0x080004e8                _isatty
 .text._close   0x080004fe       0x18 CMakeFiles/pro1.elf.dir/Core/Src/retarget.c.obj
                0x080004fe                _close
 *fill*         0x08000516        0x2 
 .text.HAL_MspInit
                0x08000518       0x44 CMakeFiles/pro1.elf.dir/Core/Src/stm32f1xx_hal_msp.c.obj
                0x08000518                HAL_MspInit
 .text.NMI_Handler
                0x0800055c        0x2 CMakeFiles/pro1.elf.dir/Core/Src/stm32f1xx_it.c.obj
                0x0800055c                NMI_Handler
 .text.HardFault_Handler
                0x0800055e        0x2 CMakeFiles/pro1.elf.dir/Core/Src/stm32f1xx_it.c.obj
                0x0800055e                HardFault_Handler
 .text.MemManage_Handler
                0x08000560        0x2 CMakeFiles/pro1.elf.dir/Core/Src/stm32f1xx_it.c.obj
                0x08000560                MemManage_Handler
 .text.BusFault_Handler
                0x08000562        0x2 CMakeFiles/pro1.elf.dir/Core/Src/stm32f1xx_it.c.obj
                0x08000562                BusFault_Handler
 .text.UsageFault_Handler
                0x08000564        0x2 CMakeFiles/pro1.elf.dir/Core/Src/stm32f1xx_it.c.obj
                0x08000564                UsageFault_Handler
 .text.SVC_Handler
                0x08000566        0x2 CMakeFiles/pro1.elf.dir/Core/Src/stm32f1xx_it.c.obj
                0x08000566                SVC_Handler
 .text.DebugMon_Handler
                0x08000568        0x2 CMakeFiles/pro1.elf.dir/Core/Src/stm32f1xx_it.c.obj
                0x08000568                DebugMon_Handler
 .text.PendSV_Handler
                0x0800056a        0x2 CMakeFiles/pro1.elf.dir/Core/Src/stm32f1xx_it.c.obj
                0x0800056a                PendSV_Handler
 .text.SysTick_Handler
                0x0800056c        0x8 CMakeFiles/pro1.elf.dir/Core/Src/stm32f1xx_it.c.obj
                0x0800056c                SysTick_Handler
 .text.DMA1_Channel1_IRQHandler
                0x08000574       0x10 CMakeFiles/pro1.elf.dir/Core/Src/stm32f1xx_it.c.obj
                0x08000574                DMA1_Channel1_IRQHandler
 .text.TIM1_UP_IRQHandler
                0x08000584       0x10 CMakeFiles/pro1.elf.dir/Core/Src/stm32f1xx_it.c.obj
                0x08000584                TIM1_UP_IRQHandler
 .text.HAL_TIM_PeriodElapsedCallback
                0x08000594       0x28 CMakeFiles/pro1.elf.dir/Core/Src/stm32f1xx_it.c.obj
                0x08000594                HAL_TIM_PeriodElapsedCallback
 .text._read    0x080005bc       0x20 CMakeFiles/pro1.elf.dir/Core/Src/syscalls.c.obj
                0x080005bc                _read
 .text._write   0x080005dc       0x1c CMakeFiles/pro1.elf.dir/Core/Src/syscalls.c.obj
                0x080005dc                _write
 .text._fstat   0x080005f8        0xa CMakeFiles/pro1.elf.dir/Core/Src/syscalls.c.obj
                0x080005f8                _fstat
 .text._lseek   0x08000602        0x4 CMakeFiles/pro1.elf.dir/Core/Src/syscalls.c.obj
                0x08000602                _lseek
 *fill*         0x08000606        0x2 
 .text._sbrk    0x08000608       0x48 CMakeFiles/pro1.elf.dir/Core/Src/sysmem.c.obj
                0x08000608                _sbrk
 .text.SystemInit
                0x08000650        0x2 CMakeFiles/pro1.elf.dir/Core/Src/system_stm32f1xx.c.obj
                0x08000650                SystemInit
 *fill*         0x08000652        0x2 
 .text.MX_TIM1_Init
                0x08000654       0x78 CMakeFiles/pro1.elf.dir/Core/Src/tim.c.obj
                0x08000654                MX_TIM1_Init
 .text.HAL_TIM_Base_MspInit
                0x080006cc       0x40 CMakeFiles/pro1.elf.dir/Core/Src/tim.c.obj
                0x080006cc                HAL_TIM_Base_MspInit
 .text.MX_USART1_UART_Init
                0x0800070c       0x34 CMakeFiles/pro1.elf.dir/Core/Src/usart.c.obj
                0x0800070c                MX_USART1_UART_Init
 .text.HAL_UART_MspInit
                0x08000740       0x78 CMakeFiles/pro1.elf.dir/Core/Src/usart.c.obj
                0x08000740                HAL_UART_MspInit
 .text.Reset_Handler
                0x080007b8       0x48 CMakeFiles/pro1.elf.dir/Core/Startup/startup_stm32f103c8tx.s.obj
                0x080007b8                Reset_Handler
 .text.Default_Handler
                0x08000800        0x2 CMakeFiles/pro1.elf.dir/Core/Startup/startup_stm32f103c8tx.s.obj
                0x08000800                RTC_Alarm_IRQHandler
                0x08000800                EXTI2_IRQHandler
                0x08000800                TIM1_CC_IRQHandler
                0x08000800                PVD_IRQHandler
                0x08000800                EXTI3_IRQHandler
                0x08000800                EXTI0_IRQHandler
                0x08000800                I2C2_EV_IRQHandler
                0x08000800                ADC1_2_IRQHandler
                0x08000800                SPI1_IRQHandler
                0x08000800                TAMPER_IRQHandler
                0x08000800                DMA1_Channel4_IRQHandler
                0x08000800                USART3_IRQHandler
                0x08000800                RTC_IRQHandler
                0x08000800                DMA1_Channel7_IRQHandler
                0x08000800                CAN1_RX1_IRQHandler
                0x08000800                TIM4_IRQHandler
                0x08000800                I2C1_EV_IRQHandler
                0x08000800                DMA1_Channel6_IRQHandler
                0x08000800                TIM3_IRQHandler
                0x08000800                RCC_IRQHandler
                0x08000800                TIM1_TRG_COM_IRQHandler
                0x08000800                Default_Handler
                0x08000800                EXTI15_10_IRQHandler
                0x08000800                EXTI9_5_IRQHandler
                0x08000800                SPI2_IRQHandler
                0x08000800                DMA1_Channel5_IRQHandler
                0x08000800                EXTI4_IRQHandler
                0x08000800                USB_LP_CAN1_RX0_IRQHandler
                0x08000800                USB_HP_CAN1_TX_IRQHandler
                0x08000800                DMA1_Channel3_IRQHandler
                0x08000800                WWDG_IRQHandler
                0x08000800                TIM2_IRQHandler
                0x08000800                TIM1_BRK_IRQHandler
                0x08000800                EXTI1_IRQHandler
                0x08000800                USART2_IRQHandler
                0x08000800                I2C2_ER_IRQHandler
                0x08000800                DMA1_Channel2_IRQHandler
                0x08000800                CAN1_SCE_IRQHandler
                0x08000800                FLASH_IRQHandler
                0x08000800                USART1_IRQHandler
                0x08000800                I2C1_ER_IRQHandler
                0x08000800                USBWakeUp_IRQHandler
 *fill*         0x08000802        0x2 
 .text.HAL_InitTick
                0x08000804       0x4c CMakeFiles/pro1.elf.dir/Drivers/STM32F1xx_HAL_Driver/Src/stm32f1xx_hal.c.obj
                0x08000804                HAL_InitTick
 .text.HAL_Init
                0x08000850       0x24 CMakeFiles/pro1.elf.dir/Drivers/STM32F1xx_HAL_Driver/Src/stm32f1xx_hal.c.obj
                0x08000850                HAL_Init
 .text.HAL_IncTick
                0x08000874       0x18 CMakeFiles/pro1.elf.dir/Drivers/STM32F1xx_HAL_Driver/Src/stm32f1xx_hal.c.obj
                0x08000874                HAL_IncTick
 .text.HAL_GetTick
                0x0800088c        0xc CMakeFiles/pro1.elf.dir/Drivers/STM32F1xx_HAL_Driver/Src/stm32f1xx_hal.c.obj
                0x0800088c                HAL_GetTick
 .text.HAL_ADC_ConvCpltCallback
                0x08000898        0x2 CMakeFiles/pro1.elf.dir/Drivers/STM32F1xx_HAL_Driver/Src/stm32f1xx_hal_adc.c.obj
                0x08000898                HAL_ADC_ConvCpltCallback
 .text.ADC_DMAConvCplt
                0x0800089a       0x52 CMakeFiles/pro1.elf.dir/Drivers/STM32F1xx_HAL_Driver/Src/stm32f1xx_hal_adc.c.obj
                0x0800089a                ADC_DMAConvCplt
 .text.HAL_ADC_ConvHalfCpltCallback
                0x080008ec        0x2 CMakeFiles/pro1.elf.dir/Drivers/STM32F1xx_HAL_Driver/Src/stm32f1xx_hal_adc.c.obj
                0x080008ec                HAL_ADC_ConvHalfCpltCallback
 .text.ADC_DMAHalfConvCplt
                0x080008ee        0xa CMakeFiles/pro1.elf.dir/Drivers/STM32F1xx_HAL_Driver/Src/stm32f1xx_hal_adc.c.obj
                0x080008ee                ADC_DMAHalfConvCplt
 .text.HAL_ADC_ErrorCallback
                0x080008f8        0x2 CMakeFiles/pro1.elf.dir/Drivers/STM32F1xx_HAL_Driver/Src/stm32f1xx_hal_adc.c.obj
                0x080008f8                HAL_ADC_ErrorCallback
 .text.ADC_DMAError
                0x080008fa       0x1a CMakeFiles/pro1.elf.dir/Drivers/STM32F1xx_HAL_Driver/Src/stm32f1xx_hal_adc.c.obj
                0x080008fa                ADC_DMAError
 .text.HAL_ADC_ConfigChannel
                0x08000914      0x144 CMakeFiles/pro1.elf.dir/Drivers/STM32F1xx_HAL_Driver/Src/stm32f1xx_hal_adc.c.obj
                0x08000914                HAL_ADC_ConfigChannel
 .text.ADC_Enable
                0x08000a58       0x88 CMakeFiles/pro1.elf.dir/Drivers/STM32F1xx_HAL_Driver/Src/stm32f1xx_hal_adc.c.obj
                0x08000a58                ADC_Enable
 .text.HAL_ADC_Start_DMA
                0x08000ae0      0x130 CMakeFiles/pro1.elf.dir/Drivers/STM32F1xx_HAL_Driver/Src/stm32f1xx_hal_adc.c.obj
                0x08000ae0                HAL_ADC_Start_DMA
 .text.ADC_ConversionStop_Disable
                0x08000c10       0x56 CMakeFiles/pro1.elf.dir/Drivers/STM32F1xx_HAL_Driver/Src/stm32f1xx_hal_adc.c.obj
                0x08000c10                ADC_ConversionStop_Disable
 *fill*         0x08000c66        0x2 
 .text.HAL_ADC_Init
                0x08000c68      0x108 CMakeFiles/pro1.elf.dir/Drivers/STM32F1xx_HAL_Driver/Src/stm32f1xx_hal_adc.c.obj
                0x08000c68                HAL_ADC_Init
 .text.HAL_ADCEx_Calibration_Start
                0x08000d70      0x100 CMakeFiles/pro1.elf.dir/Drivers/STM32F1xx_HAL_Driver/Src/stm32f1xx_hal_adc_ex.c.obj
                0x08000d70                HAL_ADCEx_Calibration_Start
 .text.HAL_NVIC_SetPriorityGrouping
                0x08000e70       0x24 CMakeFiles/pro1.elf.dir/Drivers/STM32F1xx_HAL_Driver/Src/stm32f1xx_hal_cortex.c.obj
                0x08000e70                HAL_NVIC_SetPriorityGrouping
 .text.HAL_NVIC_SetPriority
                0x08000e94       0x70 CMakeFiles/pro1.elf.dir/Drivers/STM32F1xx_HAL_Driver/Src/stm32f1xx_hal_cortex.c.obj
                0x08000e94                HAL_NVIC_SetPriority
 .text.HAL_NVIC_EnableIRQ
                0x08000f04       0x1c CMakeFiles/pro1.elf.dir/Drivers/STM32F1xx_HAL_Driver/Src/stm32f1xx_hal_cortex.c.obj
                0x08000f04                HAL_NVIC_EnableIRQ
 .text.HAL_SYSTICK_Config
                0x08000f20       0x28 CMakeFiles/pro1.elf.dir/Drivers/STM32F1xx_HAL_Driver/Src/stm32f1xx_hal_cortex.c.obj
                0x08000f20                HAL_SYSTICK_Config
 .text.DMA_SetConfig
                0x08000f48       0x2c CMakeFiles/pro1.elf.dir/Drivers/STM32F1xx_HAL_Driver/Src/stm32f1xx_hal_dma.c.obj
 .text.HAL_DMA_Init
                0x08000f74       0x6c CMakeFiles/pro1.elf.dir/Drivers/STM32F1xx_HAL_Driver/Src/stm32f1xx_hal_dma.c.obj
                0x08000f74                HAL_DMA_Init
 .text.HAL_DMA_Start_IT
                0x08000fe0       0x76 CMakeFiles/pro1.elf.dir/Drivers/STM32F1xx_HAL_Driver/Src/stm32f1xx_hal_dma.c.obj
                0x08000fe0                HAL_DMA_Start_IT
 *fill*         0x08001056        0x2 
 .text.HAL_DMA_IRQHandler
                0x08001058      0x144 CMakeFiles/pro1.elf.dir/Drivers/STM32F1xx_HAL_Driver/Src/stm32f1xx_hal_dma.c.obj
                0x08001058                HAL_DMA_IRQHandler
 .text.HAL_GPIO_Init
                0x0800119c      0x224 CMakeFiles/pro1.elf.dir/Drivers/STM32F1xx_HAL_Driver/Src/stm32f1xx_hal_gpio.c.obj
                0x0800119c                HAL_GPIO_Init
 .text.HAL_GPIO_WritePin
                0x080013c0        0xc CMakeFiles/pro1.elf.dir/Drivers/STM32F1xx_HAL_Driver/Src/stm32f1xx_hal_gpio.c.obj
                0x080013c0                HAL_GPIO_WritePin
 .text.HAL_GPIO_TogglePin
                0x080013cc       0x12 CMakeFiles/pro1.elf.dir/Drivers/STM32F1xx_HAL_Driver/Src/stm32f1xx_hal_gpio.c.obj
                0x080013cc                HAL_GPIO_TogglePin
 *fill*         0x080013de        0x2 
 .text.RCC_Delay
                0x080013e0       0x2c CMakeFiles/pro1.elf.dir/Drivers/STM32F1xx_HAL_Driver/Src/stm32f1xx_hal_rcc.c.obj
 .text.HAL_RCC_OscConfig
                0x0800140c      0x410 CMakeFiles/pro1.elf.dir/Drivers/STM32F1xx_HAL_Driver/Src/stm32f1xx_hal_rcc.c.obj
                0x0800140c                HAL_RCC_OscConfig
 .text.HAL_RCC_GetSysClockFreq
                0x0800181c       0x54 CMakeFiles/pro1.elf.dir/Drivers/STM32F1xx_HAL_Driver/Src/stm32f1xx_hal_rcc.c.obj
                0x0800181c                HAL_RCC_GetSysClockFreq
 .text.HAL_RCC_ClockConfig
                0x08001870      0x16c CMakeFiles/pro1.elf.dir/Drivers/STM32F1xx_HAL_Driver/Src/stm32f1xx_hal_rcc.c.obj
                0x08001870                HAL_RCC_ClockConfig
 .text.HAL_RCC_GetHCLKFreq
                0x080019dc        0xc CMakeFiles/pro1.elf.dir/Drivers/STM32F1xx_HAL_Driver/Src/stm32f1xx_hal_rcc.c.obj
                0x080019dc                HAL_RCC_GetHCLKFreq
 .text.HAL_RCC_GetPCLK1Freq
                0x080019e8       0x20 CMakeFiles/pro1.elf.dir/Drivers/STM32F1xx_HAL_Driver/Src/stm32f1xx_hal_rcc.c.obj
                0x080019e8                HAL_RCC_GetPCLK1Freq
 .text.HAL_RCC_GetPCLK2Freq
                0x08001a08       0x20 CMakeFiles/pro1.elf.dir/Drivers/STM32F1xx_HAL_Driver/Src/stm32f1xx_hal_rcc.c.obj
                0x08001a08                HAL_RCC_GetPCLK2Freq
 .text.HAL_RCCEx_PeriphCLKConfig
                0x08001a28      0x118 CMakeFiles/pro1.elf.dir/Drivers/STM32F1xx_HAL_Driver/Src/stm32f1xx_hal_rcc_ex.c.obj
                0x08001a28                HAL_RCCEx_PeriphCLKConfig
 .text.HAL_RCCEx_GetPeriphCLKFreq
                0x08001b40       0xd8 CMakeFiles/pro1.elf.dir/Drivers/STM32F1xx_HAL_Driver/Src/stm32f1xx_hal_rcc_ex.c.obj
                0x08001b40                HAL_RCCEx_GetPeriphCLKFreq
 .text.TIM_TI1_ConfigInputStage
                0x08001c18       0x24 CMakeFiles/pro1.elf.dir/Drivers/STM32F1xx_HAL_Driver/Src/stm32f1xx_hal_tim.c.obj
 .text.TIM_TI2_ConfigInputStage
                0x08001c3c       0x26 CMakeFiles/pro1.elf.dir/Drivers/STM32F1xx_HAL_Driver/Src/stm32f1xx_hal_tim.c.obj
 .text.TIM_ITRx_SetConfig
                0x08001c62       0x10 CMakeFiles/pro1.elf.dir/Drivers/STM32F1xx_HAL_Driver/Src/stm32f1xx_hal_tim.c.obj
 *fill*         0x08001c72        0x2 
 .text.HAL_TIM_Base_Start_IT
                0x08001c74       0x68 CMakeFiles/pro1.elf.dir/Drivers/STM32F1xx_HAL_Driver/Src/stm32f1xx_hal_tim.c.obj
                0x08001c74                HAL_TIM_Base_Start_IT
 .text.HAL_TIM_OC_DelayElapsedCallback
                0x08001cdc        0x2 CMakeFiles/pro1.elf.dir/Drivers/STM32F1xx_HAL_Driver/Src/stm32f1xx_hal_tim.c.obj
                0x08001cdc                HAL_TIM_OC_DelayElapsedCallback
 .text.HAL_TIM_IC_CaptureCallback
                0x08001cde        0x2 CMakeFiles/pro1.elf.dir/Drivers/STM32F1xx_HAL_Driver/Src/stm32f1xx_hal_tim.c.obj
                0x08001cde                HAL_TIM_IC_CaptureCallback
 .text.HAL_TIM_PWM_PulseFinishedCallback
                0x08001ce0        0x2 CMakeFiles/pro1.elf.dir/Drivers/STM32F1xx_HAL_Driver/Src/stm32f1xx_hal_tim.c.obj
                0x08001ce0                HAL_TIM_PWM_PulseFinishedCallback
 .text.HAL_TIM_TriggerCallback
                0x08001ce2        0x2 CMakeFiles/pro1.elf.dir/Drivers/STM32F1xx_HAL_Driver/Src/stm32f1xx_hal_tim.c.obj
                0x08001ce2                HAL_TIM_TriggerCallback
 .text.HAL_TIM_IRQHandler
                0x08001ce4      0x17a CMakeFiles/pro1.elf.dir/Drivers/STM32F1xx_HAL_Driver/Src/stm32f1xx_hal_tim.c.obj
                0x08001ce4                HAL_TIM_IRQHandler
 *fill*         0x08001e5e        0x2 
 .text.TIM_Base_SetConfig
                0x08001e60       0x74 CMakeFiles/pro1.elf.dir/Drivers/STM32F1xx_HAL_Driver/Src/stm32f1xx_hal_tim.c.obj
                0x08001e60                TIM_Base_SetConfig
 .text.HAL_TIM_Base_Init
                0x08001ed4       0x58 CMakeFiles/pro1.elf.dir/Drivers/STM32F1xx_HAL_Driver/Src/stm32f1xx_hal_tim.c.obj
                0x08001ed4                HAL_TIM_Base_Init
 .text.TIM_ETR_SetConfig
                0x08001f2c       0x18 CMakeFiles/pro1.elf.dir/Drivers/STM32F1xx_HAL_Driver/Src/stm32f1xx_hal_tim.c.obj
                0x08001f2c                TIM_ETR_SetConfig
 .text.HAL_TIM_ConfigClockSource
                0x08001f44       0xfe CMakeFiles/pro1.elf.dir/Drivers/STM32F1xx_HAL_Driver/Src/stm32f1xx_hal_tim.c.obj
                0x08001f44                HAL_TIM_ConfigClockSource
 *fill*         0x08002042        0x2 
 .text.HAL_TIMEx_MasterConfigSynchronization
                0x08002044       0x6c CMakeFiles/pro1.elf.dir/Drivers/STM32F1xx_HAL_Driver/Src/stm32f1xx_hal_tim_ex.c.obj
                0x08002044                HAL_TIMEx_MasterConfigSynchronization
 .text.HAL_TIMEx_CommutCallback
                0x080020b0        0x2 CMakeFiles/pro1.elf.dir/Drivers/STM32F1xx_HAL_Driver/Src/stm32f1xx_hal_tim_ex.c.obj
                0x080020b0                HAL_TIMEx_CommutCallback
 .text.HAL_TIMEx_BreakCallback
                0x080020b2        0x2 CMakeFiles/pro1.elf.dir/Drivers/STM32F1xx_HAL_Driver/Src/stm32f1xx_hal_tim_ex.c.obj
                0x080020b2                HAL_TIMEx_BreakCallback
 .text.UART_SetConfig
                0x080020b4       0x94 CMakeFiles/pro1.elf.dir/Drivers/STM32F1xx_HAL_Driver/Src/stm32f1xx_hal_uart.c.obj
 .text.UART_WaitOnFlagUntilTimeout
                0x08002148       0x88 CMakeFiles/pro1.elf.dir/Drivers/STM32F1xx_HAL_Driver/Src/stm32f1xx_hal_uart.c.obj
 .text.HAL_UART_Init
                0x080021d0       0x60 CMakeFiles/pro1.elf.dir/Drivers/STM32F1xx_HAL_Driver/Src/stm32f1xx_hal_uart.c.obj
                0x080021d0                HAL_UART_Init
 .text.HAL_UART_Transmit
                0x08002230       0xbe CMakeFiles/pro1.elf.dir/Drivers/STM32F1xx_HAL_Driver/Src/stm32f1xx_hal_uart.c.obj
                0x08002230                HAL_UART_Transmit
 *fill*         0x080022ee        0x2 
 .text.__errno  0x080022f0        0xc e:/workspace/clion/gcc-arm-none-eabi-10.3-2021.10/bin/../lib/gcc/arm-none-eabi/10.3.1/../../../../arm-none-eabi/lib/thumb/v7-m/nofp\libg.a(lib_a-errno.o)
                0x080022f0                __errno
 .text.__libc_init_array
                0x080022fc       0x48 e:/workspace/clion/gcc-arm-none-eabi-10.3-2021.10/bin/../lib/gcc/arm-none-eabi/10.3.1/../../../../arm-none-eabi/lib/thumb/v7-m/nofp\libg.a(lib_a-init.o)
                0x080022fc                __libc_init_array
 .text.memset   0x08002344       0xa4 e:/workspace/clion/gcc-arm-none-eabi-10.3-2021.10/bin/../lib/gcc/arm-none-eabi/10.3.1/../../../../arm-none-eabi/lib/thumb/v7-m/nofp\libg.a(lib_a-memset.o)
                0x08002344                memset
 .text._puts_r  0x080023e8       0x9c e:/workspace/clion/gcc-arm-none-eabi-10.3-2021.10/bin/../lib/gcc/arm-none-eabi/10.3.1/../../../../arm-none-eabi/lib/thumb/v7-m/nofp\libg.a(lib_a-puts.o)
                0x080023e8                _puts_r
 .text.puts     0x08002484       0x10 e:/workspace/clion/gcc-arm-none-eabi-10.3-2021.10/bin/../lib/gcc/arm-none-eabi/10.3.1/../../../../arm-none-eabi/lib/thumb/v7-m/nofp\libg.a(lib_a-puts.o)
                0x08002484                puts
 .text.setvbuf  0x08002494      0x1b0 e:/workspace/clion/gcc-arm-none-eabi-10.3-2021.10/bin/../lib/gcc/arm-none-eabi/10.3.1/../../../../arm-none-eabi/lib/thumb/v7-m/nofp\libg.a(lib_a-setvbuf.o)
                0x08002494                setvbuf
 .text.strlen   0x08002644       0x5c e:/workspace/clion/gcc-arm-none-eabi-10.3-2021.10/bin/../lib/gcc/arm-none-eabi/10.3.1/../../../../arm-none-eabi/lib/thumb/v7-m/nofp\libg.a(lib_a-strlen-stub.o)
                0x08002644                strlen
 .text.startup.register_fini
                0x080026a0       0x14 e:/workspace/clion/gcc-arm-none-eabi-10.3-2021.10/bin/../lib/gcc/arm-none-eabi/10.3.1/../../../../arm-none-eabi/lib/thumb/v7-m/nofp\libg.a(lib_a-__call_atexit.o)
 .text.atexit   0x080026b4        0xc e:/workspace/clion/gcc-arm-none-eabi-10.3-2021.10/bin/../lib/gcc/arm-none-eabi/10.3.1/../../../../arm-none-eabi/lib/thumb/v7-m/nofp\libg.a(lib_a-atexit.o)
                0x080026b4                atexit
 .text.__sflush_r
                0x080026c0      0x124 e:/workspace/clion/gcc-arm-none-eabi-10.3-2021.10/bin/../lib/gcc/arm-none-eabi/10.3.1/../../../../arm-none-eabi/lib/thumb/v7-m/nofp\libg.a(lib_a-fflush.o)
                0x080026c0                __sflush_r
 .text._fflush_r
                0x080027e4       0x5c e:/workspace/clion/gcc-arm-none-eabi-10.3-2021.10/bin/../lib/gcc/arm-none-eabi/10.3.1/../../../../arm-none-eabi/lib/thumb/v7-m/nofp\libg.a(lib_a-fflush.o)
                0x080027e4                _fflush_r
 .text._cleanup_r
                0x08002840        0xc e:/workspace/clion/gcc-arm-none-eabi-10.3-2021.10/bin/../lib/gcc/arm-none-eabi/10.3.1/../../../../arm-none-eabi/lib/thumb/v7-m/nofp\libg.a(lib_a-findfp.o)
                0x08002840                _cleanup_r
 .text.__sinit  0x0800284c      0x10c e:/workspace/clion/gcc-arm-none-eabi-10.3-2021.10/bin/../lib/gcc/arm-none-eabi/10.3.1/../../../../arm-none-eabi/lib/thumb/v7-m/nofp\libg.a(lib_a-findfp.o)
                0x0800284c                __sinit
 .text.__sfp_lock_acquire
                0x08002958        0xc e:/workspace/clion/gcc-arm-none-eabi-10.3-2021.10/bin/../lib/gcc/arm-none-eabi/10.3.1/../../../../arm-none-eabi/lib/thumb/v7-m/nofp\libg.a(lib_a-findfp.o)
                0x08002958                __sfp_lock_acquire
 .text.__sfp_lock_release
                0x08002964        0xc e:/workspace/clion/gcc-arm-none-eabi-10.3-2021.10/bin/../lib/gcc/arm-none-eabi/10.3.1/../../../../arm-none-eabi/lib/thumb/v7-m/nofp\libg.a(lib_a-findfp.o)
                0x08002964                __sfp_lock_release
 .text.__libc_fini_array
                0x08002970       0x2c e:/workspace/clion/gcc-arm-none-eabi-10.3-2021.10/bin/../lib/gcc/arm-none-eabi/10.3.1/../../../../arm-none-eabi/lib/thumb/v7-m/nofp\libg.a(lib_a-fini.o)
                0x08002970                __libc_fini_array
 .text._malloc_trim_r
                0x0800299c       0xa0 e:/workspace/clion/gcc-arm-none-eabi-10.3-2021.10/bin/../lib/gcc/arm-none-eabi/10.3.1/../../../../arm-none-eabi/lib/thumb/v7-m/nofp\libg.a(lib_a-freer.o)
                0x0800299c                _malloc_trim_r
 .text._free_r  0x08002a3c      0x200 e:/workspace/clion/gcc-arm-none-eabi-10.3-2021.10/bin/../lib/gcc/arm-none-eabi/10.3.1/../../../../arm-none-eabi/lib/thumb/v7-m/nofp\libg.a(lib_a-freer.o)
                0x08002a3c                _free_r
 .text.__sfvwrite_r
                0x08002c3c      0x2f0 e:/workspace/clion/gcc-arm-none-eabi-10.3-2021.10/bin/../lib/gcc/arm-none-eabi/10.3.1/../../../../arm-none-eabi/lib/thumb/v7-m/nofp\libg.a(lib_a-fvwrite.o)
                0x08002c3c                __sfvwrite_r
 .text._fwalk_reent
                0x08002f2c       0x48 e:/workspace/clion/gcc-arm-none-eabi-10.3-2021.10/bin/../lib/gcc/arm-none-eabi/10.3.1/../../../../arm-none-eabi/lib/thumb/v7-m/nofp\libg.a(lib_a-fwalk.o)
                0x08002f2c                _fwalk_reent
 .text.__retarget_lock_init_recursive
                0x08002f74        0x4 e:/workspace/clion/gcc-arm-none-eabi-10.3-2021.10/bin/../lib/gcc/arm-none-eabi/10.3.1/../../../../arm-none-eabi/lib/thumb/v7-m/nofp\libg.a(lib_a-lock.o)
                0x08002f74                __retarget_lock_init_recursive
 .text.__retarget_lock_close_recursive
                0x08002f78        0x4 e:/workspace/clion/gcc-arm-none-eabi-10.3-2021.10/bin/../lib/gcc/arm-none-eabi/10.3.1/../../../../arm-none-eabi/lib/thumb/v7-m/nofp\libg.a(lib_a-lock.o)
                0x08002f78                __retarget_lock_close_recursive
 .text.__retarget_lock_acquire_recursive
                0x08002f7c        0x4 e:/workspace/clion/gcc-arm-none-eabi-10.3-2021.10/bin/../lib/gcc/arm-none-eabi/10.3.1/../../../../arm-none-eabi/lib/thumb/v7-m/nofp\libg.a(lib_a-lock.o)
                0x08002f7c                __retarget_lock_acquire_recursive
 .text.__retarget_lock_release_recursive
                0x08002f80        0x4 e:/workspace/clion/gcc-arm-none-eabi-10.3-2021.10/bin/../lib/gcc/arm-none-eabi/10.3.1/../../../../arm-none-eabi/lib/thumb/v7-m/nofp\libg.a(lib_a-lock.o)
                0x08002f80                __retarget_lock_release_recursive
 .text.__smakebuf_r
                0x08002f84       0xe0 e:/workspace/clion/gcc-arm-none-eabi-10.3-2021.10/bin/../lib/gcc/arm-none-eabi/10.3.1/../../../../arm-none-eabi/lib/thumb/v7-m/nofp\libg.a(lib_a-makebuf.o)
                0x08002f84                __smakebuf_r
 .text.__swhatbuf_r
                0x08003064       0x60 e:/workspace/clion/gcc-arm-none-eabi-10.3-2021.10/bin/../lib/gcc/arm-none-eabi/10.3.1/../../../../arm-none-eabi/lib/thumb/v7-m/nofp\libg.a(lib_a-makebuf.o)
                0x08003064                __swhatbuf_r
 .text.malloc   0x080030c4       0x10 e:/workspace/clion/gcc-arm-none-eabi-10.3-2021.10/bin/../lib/gcc/arm-none-eabi/10.3.1/../../../../arm-none-eabi/lib/thumb/v7-m/nofp\libg.a(lib_a-malloc.o)
                0x080030c4                malloc
 .text._malloc_r
                0x080030d4      0x558 e:/workspace/clion/gcc-arm-none-eabi-10.3-2021.10/bin/../lib/gcc/arm-none-eabi/10.3.1/../../../../arm-none-eabi/lib/thumb/v7-m/nofp\libg.a(lib_a-mallocr.o)
                0x080030d4                _malloc_r
 .text.memchr   0x0800362c       0x90 e:/workspace/clion/gcc-arm-none-eabi-10.3-2021.10/bin/../lib/gcc/arm-none-eabi/10.3.1/../../../../arm-none-eabi/lib/thumb/v7-m/nofp\libg.a(lib_a-memchr-stub.o)
                0x0800362c                memchr
 .text.memmove  0x080036bc       0xf8 e:/workspace/clion/gcc-arm-none-eabi-10.3-2021.10/bin/../lib/gcc/arm-none-eabi/10.3.1/../../../../arm-none-eabi/lib/thumb/v7-m/nofp\libg.a(lib_a-memmove.o)
                0x080036bc                memmove
 .text.__malloc_lock
                0x080037b4        0xc e:/workspace/clion/gcc-arm-none-eabi-10.3-2021.10/bin/../lib/gcc/arm-none-eabi/10.3.1/../../../../arm-none-eabi/lib/thumb/v7-m/nofp\libg.a(lib_a-mlock.o)
                0x080037b4                __malloc_lock
 .text.__malloc_unlock
                0x080037c0        0xc e:/workspace/clion/gcc-arm-none-eabi-10.3-2021.10/bin/../lib/gcc/arm-none-eabi/10.3.1/../../../../arm-none-eabi/lib/thumb/v7-m/nofp\libg.a(lib_a-mlock.o)
                0x080037c0                __malloc_unlock
 .text._realloc_r
                0x080037cc      0x3dc e:/workspace/clion/gcc-arm-none-eabi-10.3-2021.10/bin/../lib/gcc/arm-none-eabi/10.3.1/../../../../arm-none-eabi/lib/thumb/v7-m/nofp\libg.a(lib_a-reallocr.o)
                0x080037cc                _realloc_r
 .text._sbrk_r  0x08003ba8       0x24 e:/workspace/clion/gcc-arm-none-eabi-10.3-2021.10/bin/../lib/gcc/arm-none-eabi/10.3.1/../../../../arm-none-eabi/lib/thumb/v7-m/nofp\libg.a(lib_a-sbrkr.o)
                0x08003ba8                _sbrk_r
 .text.__sread  0x08003bcc       0x24 e:/workspace/clion/gcc-arm-none-eabi-10.3-2021.10/bin/../lib/gcc/arm-none-eabi/10.3.1/../../../../arm-none-eabi/lib/thumb/v7-m/nofp\libg.a(lib_a-stdio.o)
                0x08003bcc                __sread
 .text.__swrite
                0x08003bf0       0x40 e:/workspace/clion/gcc-arm-none-eabi-10.3-2021.10/bin/../lib/gcc/arm-none-eabi/10.3.1/../../../../arm-none-eabi/lib/thumb/v7-m/nofp\libg.a(lib_a-stdio.o)
                0x08003bf0                __swrite
 .text.__sseek  0x08003c30       0x20 e:/workspace/clion/gcc-arm-none-eabi-10.3-2021.10/bin/../lib/gcc/arm-none-eabi/10.3.1/../../../../arm-none-eabi/lib/thumb/v7-m/nofp\libg.a(lib_a-stdio.o)
                0x08003c30                __sseek
 .text.__sclose
                0x08003c50        0x8 e:/workspace/clion/gcc-arm-none-eabi-10.3-2021.10/bin/../lib/gcc/arm-none-eabi/10.3.1/../../../../arm-none-eabi/lib/thumb/v7-m/nofp\libg.a(lib_a-stdio.o)
                0x08003c50                __sclose
 .text._write_r
                0x08003c58       0x2c e:/workspace/clion/gcc-arm-none-eabi-10.3-2021.10/bin/../lib/gcc/arm-none-eabi/10.3.1/../../../../arm-none-eabi/lib/thumb/v7-m/nofp\libg.a(lib_a-writer.o)
                0x08003c58                _write_r
 .text.__swsetup_r
                0x08003c84       0xd4 e:/workspace/clion/gcc-arm-none-eabi-10.3-2021.10/bin/../lib/gcc/arm-none-eabi/10.3.1/../../../../arm-none-eabi/lib/thumb/v7-m/nofp\libg.a(lib_a-wsetup.o)
                0x08003c84                __swsetup_r
 .text.__register_exitproc
                0x08003d58       0x8c e:/workspace/clion/gcc-arm-none-eabi-10.3-2021.10/bin/../lib/gcc/arm-none-eabi/10.3.1/../../../../arm-none-eabi/lib/thumb/v7-m/nofp\libg.a(lib_a-__atexit.o)
                0x08003d58                __register_exitproc
 .text._close_r
                0x08003de4       0x24 e:/workspace/clion/gcc-arm-none-eabi-10.3-2021.10/bin/../lib/gcc/arm-none-eabi/10.3.1/../../../../arm-none-eabi/lib/thumb/v7-m/nofp\libg.a(lib_a-closer.o)
                0x08003de4                _close_r
 .text._fclose_r
                0x08003e08       0xcc e:/workspace/clion/gcc-arm-none-eabi-10.3-2021.10/bin/../lib/gcc/arm-none-eabi/10.3.1/../../../../arm-none-eabi/lib/thumb/v7-m/nofp\libg.a(lib_a-fclose.o)
                0x08003e08                _fclose_r
 .text._fstat_r
                0x08003ed4       0x28 e:/workspace/clion/gcc-arm-none-eabi-10.3-2021.10/bin/../lib/gcc/arm-none-eabi/10.3.1/../../../../arm-none-eabi/lib/thumb/v7-m/nofp\libg.a(lib_a-fstatr.o)
                0x08003ed4                _fstat_r
 .text._isatty_r
                0x08003efc       0x24 e:/workspace/clion/gcc-arm-none-eabi-10.3-2021.10/bin/../lib/gcc/arm-none-eabi/10.3.1/../../../../arm-none-eabi/lib/thumb/v7-m/nofp\libg.a(lib_a-isattyr.o)
                0x08003efc                _isatty_r
 .text._lseek_r
                0x08003f20       0x2c e:/workspace/clion/gcc-arm-none-eabi-10.3-2021.10/bin/../lib/gcc/arm-none-eabi/10.3.1/../../../../arm-none-eabi/lib/thumb/v7-m/nofp\libg.a(lib_a-lseekr.o)
                0x08003f20                _lseek_r
 .text._read_r  0x08003f4c       0x2c e:/workspace/clion/gcc-arm-none-eabi-10.3-2021.10/bin/../lib/gcc/arm-none-eabi/10.3.1/../../../../arm-none-eabi/lib/thumb/v7-m/nofp\libg.a(lib_a-readr.o)
                0x08003f4c                _read_r
 *(.glue_7)
 .glue_7        0x08003f78        0x0 linker stubs
 *(.glue_7t)
 .glue_7t       0x08003f78        0x0 linker stubs
 *(.eh_frame)
 .eh_frame      0x08003f78        0x0 e:/workspace/clion/gcc-arm-none-eabi-10.3-2021.10/bin/../lib/gcc/arm-none-eabi/10.3.1/thumb/v7-m/nofp/crtbegin.o
 *(.init)
 .init          0x08003f78        0x4 e:/workspace/clion/gcc-arm-none-eabi-10.3-2021.10/bin/../lib/gcc/arm-none-eabi/10.3.1/thumb/v7-m/nofp/crti.o
                0x08003f78                _init
 .init          0x08003f7c        0x8 e:/workspace/clion/gcc-arm-none-eabi-10.3-2021.10/bin/../lib/gcc/arm-none-eabi/10.3.1/thumb/v7-m/nofp/crtn.o
 *(.fini)
 .fini          0x08003f84        0x4 e:/workspace/clion/gcc-arm-none-eabi-10.3-2021.10/bin/../lib/gcc/arm-none-eabi/10.3.1/thumb/v7-m/nofp/crti.o
                0x08003f84                _fini
 .fini          0x08003f88        0x8 e:/workspace/clion/gcc-arm-none-eabi-10.3-2021.10/bin/../lib/gcc/arm-none-eabi/10.3.1/thumb/v7-m/nofp/crtn.o
                0x08003f90                . = ALIGN (0x4)
                0x08003f90                _etext = .

.vfp11_veneer   0x08003f90        0x0
 .vfp11_veneer  0x08003f90        0x0 linker stubs

.v4_bx          0x08003f90        0x0
 .v4_bx         0x08003f90        0x0 linker stubs

.iplt           0x08003f90        0x0
 .iplt          0x08003f90        0x0 e:/workspace/clion/gcc-arm-none-eabi-10.3-2021.10/bin/../lib/gcc/arm-none-eabi/10.3.1/thumb/v7-m/nofp/crtbegin.o

.rodata         0x08003f90       0x4c
                0x08003f90                . = ALIGN (0x4)
 *(.rodata)
 *(.rodata*)
 .rodata.HAL_TIM_PeriodElapsedCallback.str1.4
                0x08003f90        0x4 CMakeFiles/pro1.elf.dir/Core/Src/stm32f1xx_it.c.obj
 .rodata.AHBPrescTable
                0x08003f94       0x10 CMakeFiles/pro1.elf.dir/Core/Src/system_stm32f1xx.c.obj
                0x08003f94                AHBPrescTable
 .rodata.APBPrescTable
                0x08003fa4        0x8 CMakeFiles/pro1.elf.dir/Core/Src/system_stm32f1xx.c.obj
                0x08003fa4                APBPrescTable
 .rodata.aPLLMULFactorTable.1
                0x08003fac       0x10 CMakeFiles/pro1.elf.dir/Drivers/STM32F1xx_HAL_Driver/Src/stm32f1xx_hal_rcc.c.obj
 .rodata.aPredivFactorTable.0
                0x08003fbc        0x2 CMakeFiles/pro1.elf.dir/Drivers/STM32F1xx_HAL_Driver/Src/stm32f1xx_hal_rcc.c.obj
 *fill*         0x08003fbe        0x2 
 .rodata.aPLLMULFactorTable.1
                0x08003fc0       0x10 CMakeFiles/pro1.elf.dir/Drivers/STM32F1xx_HAL_Driver/Src/stm32f1xx_hal_rcc_ex.c.obj
 .rodata.aPredivFactorTable.0
                0x08003fd0        0x2 CMakeFiles/pro1.elf.dir/Drivers/STM32F1xx_HAL_Driver/Src/stm32f1xx_hal_rcc_ex.c.obj
 *fill*         0x08003fd2        0x2 
 .rodata._global_impure_ptr
                0x08003fd4        0x4 e:/workspace/clion/gcc-arm-none-eabi-10.3-2021.10/bin/../lib/gcc/arm-none-eabi/10.3.1/../../../../arm-none-eabi/lib/thumb/v7-m/nofp\libg.a(lib_a-impure.o)
                0x08003fd4                _global_impure_ptr
 .rodata._puts_r.str1.4
                0x08003fd8        0x2 e:/workspace/clion/gcc-arm-none-eabi-10.3-2021.10/bin/../lib/gcc/arm-none-eabi/10.3.1/../../../../arm-none-eabi/lib/thumb/v7-m/nofp\libg.a(lib_a-puts.o)
                0x08003fdc                . = ALIGN (0x4)
 *fill*         0x08003fda        0x2 

.rel.dyn        0x08003fdc        0x0
 .rel.iplt      0x08003fdc        0x0 e:/workspace/clion/gcc-arm-none-eabi-10.3-2021.10/bin/../lib/gcc/arm-none-eabi/10.3.1/thumb/v7-m/nofp/crtbegin.o

.ARM.extab      0x08003fdc        0x0
                0x08003fdc                . = ALIGN (0x4)
 *(.ARM.extab* .gnu.linkonce.armextab.*)
                0x08003fdc                . = ALIGN (0x4)

.ARM            0x08003fdc        0x0
                0x08003fdc                . = ALIGN (0x4)
                0x08003fdc                __exidx_start = .
 *(.ARM.exidx*)
                0x08003fdc                __exidx_end = .
                0x08003fdc                . = ALIGN (0x4)

.preinit_array  0x08003fdc        0x0
                0x08003fdc                . = ALIGN (0x4)
                0x08003fdc                PROVIDE (__preinit_array_start = .)
 *(.preinit_array*)
                0x08003fdc                PROVIDE (__preinit_array_end = .)
                0x08003fdc                . = ALIGN (0x4)

.init_array     0x08003fdc        0x8
                0x08003fdc                . = ALIGN (0x4)
                0x08003fdc                PROVIDE (__init_array_start = .)
 *(SORT_BY_NAME(.init_array.*))
 .init_array.00000
                0x08003fdc        0x4 e:/workspace/clion/gcc-arm-none-eabi-10.3-2021.10/bin/../lib/gcc/arm-none-eabi/10.3.1/../../../../arm-none-eabi/lib/thumb/v7-m/nofp\libg.a(lib_a-__call_atexit.o)
 *(.init_array*)
 .init_array    0x08003fe0        0x4 e:/workspace/clion/gcc-arm-none-eabi-10.3-2021.10/bin/../lib/gcc/arm-none-eabi/10.3.1/thumb/v7-m/nofp/crtbegin.o
                0x08003fe4                PROVIDE (__init_array_end = .)
                0x08003fe4                . = ALIGN (0x4)

.fini_array     0x08003fe4        0x4
                0x08003fe4                . = ALIGN (0x4)
                0x08003fe4                PROVIDE (__fini_array_start = .)
 *(SORT_BY_NAME(.fini_array.*))
 *(.fini_array*)
 .fini_array    0x08003fe4        0x4 e:/workspace/clion/gcc-arm-none-eabi-10.3-2021.10/bin/../lib/gcc/arm-none-eabi/10.3.1/thumb/v7-m/nofp/crtbegin.o
                0x08003fe8                PROVIDE (__fini_array_end = .)
                0x08003fe8                . = ALIGN (0x4)
                0x08003fe8                _sidata = LOADADDR (.data)

.data           0x20000000      0x84c load address 0x08003fe8
                0x20000000                . = ALIGN (0x4)
                0x20000000                _sdata = .
 *(.data)
 *(.data*)
 .data.SystemCoreClock
                0x20000000        0x4 CMakeFiles/pro1.elf.dir/Core/Src/system_stm32f1xx.c.obj
                0x20000000                SystemCoreClock
 .data.uwTickFreq
                0x20000004        0x1 CMakeFiles/pro1.elf.dir/Drivers/STM32F1xx_HAL_Driver/Src/stm32f1xx_hal.c.obj
                0x20000004                uwTickFreq
 *fill*         0x20000005        0x3 
 .data.uwTickPrio
                0x20000008        0x4 CMakeFiles/pro1.elf.dir/Drivers/STM32F1xx_HAL_Driver/Src/stm32f1xx_hal.c.obj
                0x20000008                uwTickPrio
 .data._impure_ptr
                0x2000000c        0x4 e:/workspace/clion/gcc-arm-none-eabi-10.3-2021.10/bin/../lib/gcc/arm-none-eabi/10.3.1/../../../../arm-none-eabi/lib/thumb/v7-m/nofp\libg.a(lib_a-impure.o)
                0x2000000c                _impure_ptr
 .data.impure_data
                0x20000010      0x428 e:/workspace/clion/gcc-arm-none-eabi-10.3-2021.10/bin/../lib/gcc/arm-none-eabi/10.3.1/../../../../arm-none-eabi/lib/thumb/v7-m/nofp\libg.a(lib_a-impure.o)
 .data.__atexit_recursive_mutex
                0x20000438        0x4 e:/workspace/clion/gcc-arm-none-eabi-10.3-2021.10/bin/../lib/gcc/arm-none-eabi/10.3.1/../../../../arm-none-eabi/lib/thumb/v7-m/nofp\libg.a(lib_a-__call_atexit.o)
                0x20000438                __atexit_recursive_mutex
 .data.__malloc_av_
                0x2000043c      0x408 e:/workspace/clion/gcc-arm-none-eabi-10.3-2021.10/bin/../lib/gcc/arm-none-eabi/10.3.1/../../../../arm-none-eabi/lib/thumb/v7-m/nofp\libg.a(lib_a-mallocr.o)
                0x2000043c                __malloc_av_
 .data.__malloc_sbrk_base
                0x20000844        0x4 e:/workspace/clion/gcc-arm-none-eabi-10.3-2021.10/bin/../lib/gcc/arm-none-eabi/10.3.1/../../../../arm-none-eabi/lib/thumb/v7-m/nofp\libg.a(lib_a-mallocr.o)
                0x20000844                __malloc_sbrk_base
 .data.__malloc_trim_threshold
                0x20000848        0x4 e:/workspace/clion/gcc-arm-none-eabi-10.3-2021.10/bin/../lib/gcc/arm-none-eabi/10.3.1/../../../../arm-none-eabi/lib/thumb/v7-m/nofp\libg.a(lib_a-mallocr.o)
                0x20000848                __malloc_trim_threshold
 *(.RamFunc)
 *(.RamFunc*)
                0x2000084c                . = ALIGN (0x4)
                0x2000084c                _edata = .

.igot.plt       0x2000084c        0x0 load address 0x08004834
 .igot.plt      0x2000084c        0x0 e:/workspace/clion/gcc-arm-none-eabi-10.3-2021.10/bin/../lib/gcc/arm-none-eabi/10.3.1/thumb/v7-m/nofp/crtbegin.o
                0x2000084c                . = ALIGN (0x4)

.bss            0x2000084c      0x174 load address 0x08004834
                0x2000084c                _sbss = .
                0x2000084c                __bss_start__ = _sbss
 *(.bss)
 .bss           0x2000084c       0x1c e:/workspace/clion/gcc-arm-none-eabi-10.3-2021.10/bin/../lib/gcc/arm-none-eabi/10.3.1/thumb/v7-m/nofp/crtbegin.o
 *(.bss*)
 .bss.hadc1     0x20000868       0x30 CMakeFiles/pro1.elf.dir/Core/Src/adc.c.obj
                0x20000868                hadc1
 .bss.hdma_adc1
                0x20000898       0x44 CMakeFiles/pro1.elf.dir/Core/Src/adc.c.obj
                0x20000898                hdma_adc1
 .bss.gHuart    0x200008dc        0x4 CMakeFiles/pro1.elf.dir/Core/Src/retarget.c.obj
                0x200008dc                gHuart
 .bss.__sbrk_heap_end
                0x200008e0        0x4 CMakeFiles/pro1.elf.dir/Core/Src/sysmem.c.obj
 .bss.htim1     0x200008e4       0x48 CMakeFiles/pro1.elf.dir/Core/Src/tim.c.obj
                0x200008e4                htim1
 .bss.huart1    0x2000092c       0x48 CMakeFiles/pro1.elf.dir/Core/Src/usart.c.obj
                0x2000092c                huart1
 .bss.uwTick    0x20000974        0x4 CMakeFiles/pro1.elf.dir/Drivers/STM32F1xx_HAL_Driver/Src/stm32f1xx_hal.c.obj
                0x20000974                uwTick
 .bss.__lock___atexit_recursive_mutex
                0x20000978        0x1 e:/workspace/clion/gcc-arm-none-eabi-10.3-2021.10/bin/../lib/gcc/arm-none-eabi/10.3.1/../../../../arm-none-eabi/lib/thumb/v7-m/nofp\libg.a(lib_a-lock.o)
                0x20000978                __lock___atexit_recursive_mutex
 *fill*         0x20000979        0x3 
 .bss.__lock___malloc_recursive_mutex
                0x2000097c        0x1 e:/workspace/clion/gcc-arm-none-eabi-10.3-2021.10/bin/../lib/gcc/arm-none-eabi/10.3.1/../../../../arm-none-eabi/lib/thumb/v7-m/nofp\libg.a(lib_a-lock.o)
                0x2000097c                __lock___malloc_recursive_mutex
 *fill*         0x2000097d        0x3 
 .bss.__lock___sfp_recursive_mutex
                0x20000980        0x1 e:/workspace/clion/gcc-arm-none-eabi-10.3-2021.10/bin/../lib/gcc/arm-none-eabi/10.3.1/../../../../arm-none-eabi/lib/thumb/v7-m/nofp\libg.a(lib_a-lock.o)
                0x20000980                __lock___sfp_recursive_mutex
 *fill*         0x20000981        0x3 
 .bss.__lock___sinit_recursive_mutex
                0x20000984        0x1 e:/workspace/clion/gcc-arm-none-eabi-10.3-2021.10/bin/../lib/gcc/arm-none-eabi/10.3.1/../../../../arm-none-eabi/lib/thumb/v7-m/nofp\libg.a(lib_a-lock.o)
                0x20000984                __lock___sinit_recursive_mutex
 *fill*         0x20000985        0x3 
 .bss.__malloc_current_mallinfo
                0x20000988       0x28 e:/workspace/clion/gcc-arm-none-eabi-10.3-2021.10/bin/../lib/gcc/arm-none-eabi/10.3.1/../../../../arm-none-eabi/lib/thumb/v7-m/nofp\libg.a(lib_a-mallocr.o)
                0x20000988                __malloc_current_mallinfo
 .bss.__malloc_max_sbrked_mem
                0x200009b0        0x4 e:/workspace/clion/gcc-arm-none-eabi-10.3-2021.10/bin/../lib/gcc/arm-none-eabi/10.3.1/../../../../arm-none-eabi/lib/thumb/v7-m/nofp\libg.a(lib_a-mallocr.o)
                0x200009b0                __malloc_max_sbrked_mem
 .bss.__malloc_max_total_mem
                0x200009b4        0x4 e:/workspace/clion/gcc-arm-none-eabi-10.3-2021.10/bin/../lib/gcc/arm-none-eabi/10.3.1/../../../../arm-none-eabi/lib/thumb/v7-m/nofp\libg.a(lib_a-mallocr.o)
                0x200009b4                __malloc_max_total_mem
 .bss.__malloc_top_pad
                0x200009b8        0x4 e:/workspace/clion/gcc-arm-none-eabi-10.3-2021.10/bin/../lib/gcc/arm-none-eabi/10.3.1/../../../../arm-none-eabi/lib/thumb/v7-m/nofp\libg.a(lib_a-mallocr.o)
                0x200009b8                __malloc_top_pad
 .bss.errno     0x200009bc        0x4 e:/workspace/clion/gcc-arm-none-eabi-10.3-2021.10/bin/../lib/gcc/arm-none-eabi/10.3.1/../../../../arm-none-eabi/lib/thumb/v7-m/nofp\libg.a(lib_a-reent.o)
                0x200009bc                errno
 *(COMMON)
                0x200009c0                . = ALIGN (0x4)
                0x200009c0                _ebss = .
                0x200009c0                __bss_end__ = _ebss

._user_heap_stack
                0x200009c0      0x600 load address 0x08004834
                0x200009c0                . = ALIGN (0x8)
                [!provide]                PROVIDE (end = .)
                0x200009c0                PROVIDE (_end = .)
                0x20000bc0                . = (. + _Min_Heap_Size)
 *fill*         0x200009c0      0x200 
                0x20000fc0                . = (. + _Min_Stack_Size)
 *fill*         0x20000bc0      0x400 
                0x20000fc0                . = ALIGN (0x8)

/DISCARD/
 libc.a(*)
 libm.a(*)
 libgcc.a(*)

.ARM.attributes
                0x00000000       0x29
 *(.ARM.attributes)
 .ARM.attributes
                0x00000000       0x1d e:/workspace/clion/gcc-arm-none-eabi-10.3-2021.10/bin/../lib/gcc/arm-none-eabi/10.3.1/thumb/v7-m/nofp/crti.o
 .ARM.attributes
                0x0000001d       0x2d e:/workspace/clion/gcc-arm-none-eabi-10.3-2021.10/bin/../lib/gcc/arm-none-eabi/10.3.1/thumb/v7-m/nofp/crtbegin.o
 .ARM.attributes
                0x0000004a       0x2d CMakeFiles/pro1.elf.dir/Core/Src/adc.c.obj
 .ARM.attributes
                0x00000077       0x2d CMakeFiles/pro1.elf.dir/Core/Src/dma.c.obj
 .ARM.attributes
                0x000000a4       0x2d CMakeFiles/pro1.elf.dir/Core/Src/gpio.c.obj
 .ARM.attributes
                0x000000d1       0x2d CMakeFiles/pro1.elf.dir/Core/Src/main.c.obj
 .ARM.attributes
                0x000000fe       0x2d CMakeFiles/pro1.elf.dir/Core/Src/retarget.c.obj
 .ARM.attributes
                0x0000012b       0x2d CMakeFiles/pro1.elf.dir/Core/Src/stm32f1xx_hal_msp.c.obj
 .ARM.attributes
                0x00000158       0x2d CMakeFiles/pro1.elf.dir/Core/Src/stm32f1xx_it.c.obj
 .ARM.attributes
                0x00000185       0x2d CMakeFiles/pro1.elf.dir/Core/Src/syscalls.c.obj
 .ARM.attributes
                0x000001b2       0x2d CMakeFiles/pro1.elf.dir/Core/Src/sysmem.c.obj
 .ARM.attributes
                0x000001df       0x2d CMakeFiles/pro1.elf.dir/Core/Src/system_stm32f1xx.c.obj
 .ARM.attributes
                0x0000020c       0x2d CMakeFiles/pro1.elf.dir/Core/Src/tim.c.obj
 .ARM.attributes
                0x00000239       0x2d CMakeFiles/pro1.elf.dir/Core/Src/usart.c.obj
 .ARM.attributes
                0x00000266       0x21 CMakeFiles/pro1.elf.dir/Core/Startup/startup_stm32f103c8tx.s.obj
 .ARM.attributes
                0x00000287       0x2d CMakeFiles/pro1.elf.dir/Drivers/STM32F1xx_HAL_Driver/Src/stm32f1xx_hal.c.obj
 .ARM.attributes
                0x000002b4       0x2d CMakeFiles/pro1.elf.dir/Drivers/STM32F1xx_HAL_Driver/Src/stm32f1xx_hal_adc.c.obj
 .ARM.attributes
                0x000002e1       0x2d CMakeFiles/pro1.elf.dir/Drivers/STM32F1xx_HAL_Driver/Src/stm32f1xx_hal_adc_ex.c.obj
 .ARM.attributes
                0x0000030e       0x2d CMakeFiles/pro1.elf.dir/Drivers/STM32F1xx_HAL_Driver/Src/stm32f1xx_hal_cortex.c.obj
 .ARM.attributes
                0x0000033b       0x2d CMakeFiles/pro1.elf.dir/Drivers/STM32F1xx_HAL_Driver/Src/stm32f1xx_hal_dma.c.obj
 .ARM.attributes
                0x00000368       0x2d CMakeFiles/pro1.elf.dir/Drivers/STM32F1xx_HAL_Driver/Src/stm32f1xx_hal_gpio.c.obj
 .ARM.attributes
                0x00000395       0x2d CMakeFiles/pro1.elf.dir/Drivers/STM32F1xx_HAL_Driver/Src/stm32f1xx_hal_rcc.c.obj
 .ARM.attributes
                0x000003c2       0x2d CMakeFiles/pro1.elf.dir/Drivers/STM32F1xx_HAL_Driver/Src/stm32f1xx_hal_rcc_ex.c.obj
 .ARM.attributes
                0x000003ef       0x2d CMakeFiles/pro1.elf.dir/Drivers/STM32F1xx_HAL_Driver/Src/stm32f1xx_hal_tim.c.obj
 .ARM.attributes
                0x0000041c       0x2d CMakeFiles/pro1.elf.dir/Drivers/STM32F1xx_HAL_Driver/Src/stm32f1xx_hal_tim_ex.c.obj
 .ARM.attributes
                0x00000449       0x2d CMakeFiles/pro1.elf.dir/Drivers/STM32F1xx_HAL_Driver/Src/stm32f1xx_hal_uart.c.obj
 .ARM.attributes
                0x00000476       0x2d e:/workspace/clion/gcc-arm-none-eabi-10.3-2021.10/bin/../lib/gcc/arm-none-eabi/10.3.1/../../../../arm-none-eabi/lib/thumb/v7-m/nofp\libg.a(lib_a-errno.o)
 .ARM.attributes
                0x000004a3       0x2d e:/workspace/clion/gcc-arm-none-eabi-10.3-2021.10/bin/../lib/gcc/arm-none-eabi/10.3.1/../../../../arm-none-eabi/lib/thumb/v7-m/nofp\libg.a(lib_a-impure.o)
 .ARM.attributes
                0x000004d0       0x2d e:/workspace/clion/gcc-arm-none-eabi-10.3-2021.10/bin/../lib/gcc/arm-none-eabi/10.3.1/../../../../arm-none-eabi/lib/thumb/v7-m/nofp\libg.a(lib_a-init.o)
 .ARM.attributes
                0x000004fd       0x2d e:/workspace/clion/gcc-arm-none-eabi-10.3-2021.10/bin/../lib/gcc/arm-none-eabi/10.3.1/../../../../arm-none-eabi/lib/thumb/v7-m/nofp\libg.a(lib_a-memset.o)
 .ARM.attributes
                0x0000052a       0x2d e:/workspace/clion/gcc-arm-none-eabi-10.3-2021.10/bin/../lib/gcc/arm-none-eabi/10.3.1/../../../../arm-none-eabi/lib/thumb/v7-m/nofp\libg.a(lib_a-puts.o)
 .ARM.attributes
                0x00000557       0x2d e:/workspace/clion/gcc-arm-none-eabi-10.3-2021.10/bin/../lib/gcc/arm-none-eabi/10.3.1/../../../../arm-none-eabi/lib/thumb/v7-m/nofp\libg.a(lib_a-setvbuf.o)
 .ARM.attributes
                0x00000584       0x2d e:/workspace/clion/gcc-arm-none-eabi-10.3-2021.10/bin/../lib/gcc/arm-none-eabi/10.3.1/../../../../arm-none-eabi/lib/thumb/v7-m/nofp\libg.a(lib_a-strlen-stub.o)
 .ARM.attributes
                0x000005b1       0x2d e:/workspace/clion/gcc-arm-none-eabi-10.3-2021.10/bin/../lib/gcc/arm-none-eabi/10.3.1/../../../../arm-none-eabi/lib/thumb/v7-m/nofp\libg.a(lib_a-__call_atexit.o)
 .ARM.attributes
                0x000005de       0x2d e:/workspace/clion/gcc-arm-none-eabi-10.3-2021.10/bin/../lib/gcc/arm-none-eabi/10.3.1/../../../../arm-none-eabi/lib/thumb/v7-m/nofp\libg.a(lib_a-atexit.o)
 .ARM.attributes
                0x0000060b       0x2d e:/workspace/clion/gcc-arm-none-eabi-10.3-2021.10/bin/../lib/gcc/arm-none-eabi/10.3.1/../../../../arm-none-eabi/lib/thumb/v7-m/nofp\libg.a(lib_a-fflush.o)
 .ARM.attributes
                0x00000638       0x2d e:/workspace/clion/gcc-arm-none-eabi-10.3-2021.10/bin/../lib/gcc/arm-none-eabi/10.3.1/../../../../arm-none-eabi/lib/thumb/v7-m/nofp\libg.a(lib_a-findfp.o)
 .ARM.attributes
                0x00000665       0x2d e:/workspace/clion/gcc-arm-none-eabi-10.3-2021.10/bin/../lib/gcc/arm-none-eabi/10.3.1/../../../../arm-none-eabi/lib/thumb/v7-m/nofp\libg.a(lib_a-fini.o)
 .ARM.attributes
                0x00000692       0x2d e:/workspace/clion/gcc-arm-none-eabi-10.3-2021.10/bin/../lib/gcc/arm-none-eabi/10.3.1/../../../../arm-none-eabi/lib/thumb/v7-m/nofp\libg.a(lib_a-freer.o)
 .ARM.attributes
                0x000006bf       0x2d e:/workspace/clion/gcc-arm-none-eabi-10.3-2021.10/bin/../lib/gcc/arm-none-eabi/10.3.1/../../../../arm-none-eabi/lib/thumb/v7-m/nofp\libg.a(lib_a-fvwrite.o)
 .ARM.attributes
                0x000006ec       0x2d e:/workspace/clion/gcc-arm-none-eabi-10.3-2021.10/bin/../lib/gcc/arm-none-eabi/10.3.1/../../../../arm-none-eabi/lib/thumb/v7-m/nofp\libg.a(lib_a-fwalk.o)
 .ARM.attributes
                0x00000719       0x2d e:/workspace/clion/gcc-arm-none-eabi-10.3-2021.10/bin/../lib/gcc/arm-none-eabi/10.3.1/../../../../arm-none-eabi/lib/thumb/v7-m/nofp\libg.a(lib_a-lock.o)
 .ARM.attributes
                0x00000746       0x2d e:/workspace/clion/gcc-arm-none-eabi-10.3-2021.10/bin/../lib/gcc/arm-none-eabi/10.3.1/../../../../arm-none-eabi/lib/thumb/v7-m/nofp\libg.a(lib_a-makebuf.o)
 .ARM.attributes
                0x00000773       0x2d e:/workspace/clion/gcc-arm-none-eabi-10.3-2021.10/bin/../lib/gcc/arm-none-eabi/10.3.1/../../../../arm-none-eabi/lib/thumb/v7-m/nofp\libg.a(lib_a-malloc.o)
 .ARM.attributes
                0x000007a0       0x2d e:/workspace/clion/gcc-arm-none-eabi-10.3-2021.10/bin/../lib/gcc/arm-none-eabi/10.3.1/../../../../arm-none-eabi/lib/thumb/v7-m/nofp\libg.a(lib_a-mallocr.o)
 .ARM.attributes
                0x000007cd       0x2d e:/workspace/clion/gcc-arm-none-eabi-10.3-2021.10/bin/../lib/gcc/arm-none-eabi/10.3.1/../../../../arm-none-eabi/lib/thumb/v7-m/nofp\libg.a(lib_a-memchr-stub.o)
 .ARM.attributes
                0x000007fa       0x1b e:/workspace/clion/gcc-arm-none-eabi-10.3-2021.10/bin/../lib/gcc/arm-none-eabi/10.3.1/../../../../arm-none-eabi/lib/thumb/v7-m/nofp\libg.a(lib_a-memcpy.o)
 .ARM.attributes
                0x00000815       0x2d e:/workspace/clion/gcc-arm-none-eabi-10.3-2021.10/bin/../lib/gcc/arm-none-eabi/10.3.1/../../../../arm-none-eabi/lib/thumb/v7-m/nofp\libg.a(lib_a-memmove.o)
 .ARM.attributes
                0x00000842       0x2d e:/workspace/clion/gcc-arm-none-eabi-10.3-2021.10/bin/../lib/gcc/arm-none-eabi/10.3.1/../../../../arm-none-eabi/lib/thumb/v7-m/nofp\libg.a(lib_a-mlock.o)
 .ARM.attributes
                0x0000086f       0x2d e:/workspace/clion/gcc-arm-none-eabi-10.3-2021.10/bin/../lib/gcc/arm-none-eabi/10.3.1/../../../../arm-none-eabi/lib/thumb/v7-m/nofp\libg.a(lib_a-reallocr.o)
 .ARM.attributes
                0x0000089c       0x2d e:/workspace/clion/gcc-arm-none-eabi-10.3-2021.10/bin/../lib/gcc/arm-none-eabi/10.3.1/../../../../arm-none-eabi/lib/thumb/v7-m/nofp\libg.a(lib_a-sbrkr.o)
 .ARM.attributes
                0x000008c9       0x2d e:/workspace/clion/gcc-arm-none-eabi-10.3-2021.10/bin/../lib/gcc/arm-none-eabi/10.3.1/../../../../arm-none-eabi/lib/thumb/v7-m/nofp\libg.a(lib_a-stdio.o)
 .ARM.attributes
                0x000008f6       0x2d e:/workspace/clion/gcc-arm-none-eabi-10.3-2021.10/bin/../lib/gcc/arm-none-eabi/10.3.1/../../../../arm-none-eabi/lib/thumb/v7-m/nofp\libg.a(lib_a-writer.o)
 .ARM.attributes
                0x00000923       0x2d e:/workspace/clion/gcc-arm-none-eabi-10.3-2021.10/bin/../lib/gcc/arm-none-eabi/10.3.1/../../../../arm-none-eabi/lib/thumb/v7-m/nofp\libg.a(lib_a-wsetup.o)
 .ARM.attributes
                0x00000950       0x2d e:/workspace/clion/gcc-arm-none-eabi-10.3-2021.10/bin/../lib/gcc/arm-none-eabi/10.3.1/../../../../arm-none-eabi/lib/thumb/v7-m/nofp\libg.a(lib_a-__atexit.o)
 .ARM.attributes
                0x0000097d       0x2d e:/workspace/clion/gcc-arm-none-eabi-10.3-2021.10/bin/../lib/gcc/arm-none-eabi/10.3.1/../../../../arm-none-eabi/lib/thumb/v7-m/nofp\libg.a(lib_a-closer.o)
 .ARM.attributes
                0x000009aa       0x2d e:/workspace/clion/gcc-arm-none-eabi-10.3-2021.10/bin/../lib/gcc/arm-none-eabi/10.3.1/../../../../arm-none-eabi/lib/thumb/v7-m/nofp\libg.a(lib_a-fclose.o)
 .ARM.attributes
                0x000009d7       0x2d e:/workspace/clion/gcc-arm-none-eabi-10.3-2021.10/bin/../lib/gcc/arm-none-eabi/10.3.1/../../../../arm-none-eabi/lib/thumb/v7-m/nofp\libg.a(lib_a-fstatr.o)
 .ARM.attributes
                0x00000a04       0x2d e:/workspace/clion/gcc-arm-none-eabi-10.3-2021.10/bin/../lib/gcc/arm-none-eabi/10.3.1/../../../../arm-none-eabi/lib/thumb/v7-m/nofp\libg.a(lib_a-isattyr.o)
 .ARM.attributes
                0x00000a31       0x2d e:/workspace/clion/gcc-arm-none-eabi-10.3-2021.10/bin/../lib/gcc/arm-none-eabi/10.3.1/../../../../arm-none-eabi/lib/thumb/v7-m/nofp\libg.a(lib_a-lseekr.o)
 .ARM.attributes
                0x00000a5e       0x2d e:/workspace/clion/gcc-arm-none-eabi-10.3-2021.10/bin/../lib/gcc/arm-none-eabi/10.3.1/../../../../arm-none-eabi/lib/thumb/v7-m/nofp\libg.a(lib_a-readr.o)
 .ARM.attributes
                0x00000a8b       0x2d e:/workspace/clion/gcc-arm-none-eabi-10.3-2021.10/bin/../lib/gcc/arm-none-eabi/10.3.1/../../../../arm-none-eabi/lib/thumb/v7-m/nofp\libg.a(lib_a-reent.o)
 .ARM.attributes
                0x00000ab8       0x1d e:/workspace/clion/gcc-arm-none-eabi-10.3-2021.10/bin/../lib/gcc/arm-none-eabi/10.3.1/thumb/v7-m/nofp/crtn.o
OUTPUT(pro1.elf elf32-littlearm)
LOAD linker stubs
LOAD e:/workspace/clion/gcc-arm-none-eabi-10.3-2021.10/bin/../lib/gcc/arm-none-eabi/10.3.1/../../../../arm-none-eabi/lib/thumb/v7-m/nofp\libc.a
LOAD e:/workspace/clion/gcc-arm-none-eabi-10.3-2021.10/bin/../lib/gcc/arm-none-eabi/10.3.1/../../../../arm-none-eabi/lib/thumb/v7-m/nofp\libm.a
LOAD e:/workspace/clion/gcc-arm-none-eabi-10.3-2021.10/bin/../lib/gcc/arm-none-eabi/10.3.1/thumb/v7-m/nofp\libgcc.a

.debug_info     0x00000000    0x13c0e
 .debug_info    0x00000000      0x95d CMakeFiles/pro1.elf.dir/Core/Src/adc.c.obj
 .debug_info    0x0000095d      0x15f CMakeFiles/pro1.elf.dir/Core/Src/dma.c.obj
 .debug_info    0x00000abc      0x2f6 CMakeFiles/pro1.elf.dir/Core/Src/gpio.c.obj
 .debug_info    0x00000db2      0xf22 CMakeFiles/pro1.elf.dir/Core/Src/main.c.obj
 .debug_info    0x00001cd4      0xec6 CMakeFiles/pro1.elf.dir/Core/Src/retarget.c.obj
 .debug_info    0x00002b9a      0x211 CMakeFiles/pro1.elf.dir/Core/Src/stm32f1xx_hal_msp.c.obj
 .debug_info    0x00002dab      0x875 CMakeFiles/pro1.elf.dir/Core/Src/stm32f1xx_it.c.obj
 .debug_info    0x00003620      0x751 CMakeFiles/pro1.elf.dir/Core/Src/syscalls.c.obj
 .debug_info    0x00003d71      0x174 CMakeFiles/pro1.elf.dir/Core/Src/sysmem.c.obj
 .debug_info    0x00003ee5      0x248 CMakeFiles/pro1.elf.dir/Core/Src/system_stm32f1xx.c.obj
 .debug_info    0x0000412d      0xa5c CMakeFiles/pro1.elf.dir/Core/Src/tim.c.obj
 .debug_info    0x00004b89      0x855 CMakeFiles/pro1.elf.dir/Core/Src/usart.c.obj
 .debug_info    0x000053de       0x22 CMakeFiles/pro1.elf.dir/Core/Startup/startup_stm32f103c8tx.s.obj
 .debug_info    0x00005400      0x7a8 CMakeFiles/pro1.elf.dir/Drivers/STM32F1xx_HAL_Driver/Src/stm32f1xx_hal.c.obj
 .debug_info    0x00005ba8      0xf3f CMakeFiles/pro1.elf.dir/Drivers/STM32F1xx_HAL_Driver/Src/stm32f1xx_hal_adc.c.obj
 .debug_info    0x00006ae7      0xc40 CMakeFiles/pro1.elf.dir/Drivers/STM32F1xx_HAL_Driver/Src/stm32f1xx_hal_adc_ex.c.obj
 .debug_info    0x00007727      0xd8a CMakeFiles/pro1.elf.dir/Drivers/STM32F1xx_HAL_Driver/Src/stm32f1xx_hal_cortex.c.obj
 .debug_info    0x000084b1      0x84b CMakeFiles/pro1.elf.dir/Drivers/STM32F1xx_HAL_Driver/Src/stm32f1xx_hal_dma.c.obj
 .debug_info    0x00008cfc      0x66f CMakeFiles/pro1.elf.dir/Drivers/STM32F1xx_HAL_Driver/Src/stm32f1xx_hal_gpio.c.obj
 .debug_info    0x0000936b      0xa3b CMakeFiles/pro1.elf.dir/Drivers/STM32F1xx_HAL_Driver/Src/stm32f1xx_hal_rcc.c.obj
 .debug_info    0x00009da6      0x449 CMakeFiles/pro1.elf.dir/Drivers/STM32F1xx_HAL_Driver/Src/stm32f1xx_hal_rcc_ex.c.obj
 .debug_info    0x0000a1ef     0x3d52 CMakeFiles/pro1.elf.dir/Drivers/STM32F1xx_HAL_Driver/Src/stm32f1xx_hal_tim.c.obj
 .debug_info    0x0000df41     0x1abb CMakeFiles/pro1.elf.dir/Drivers/STM32F1xx_HAL_Driver/Src/stm32f1xx_hal_tim_ex.c.obj
 .debug_info    0x0000f9fc     0x4212 CMakeFiles/pro1.elf.dir/Drivers/STM32F1xx_HAL_Driver/Src/stm32f1xx_hal_uart.c.obj

.debug_abbrev   0x00000000     0x2c3c
 .debug_abbrev  0x00000000      0x1f2 CMakeFiles/pro1.elf.dir/Core/Src/adc.c.obj
 .debug_abbrev  0x000001f2       0xb4 CMakeFiles/pro1.elf.dir/Core/Src/dma.c.obj
 .debug_abbrev  0x000002a6      0x13c CMakeFiles/pro1.elf.dir/Core/Src/gpio.c.obj
 .debug_abbrev  0x000003e2      0x249 CMakeFiles/pro1.elf.dir/Core/Src/main.c.obj
 .debug_abbrev  0x0000062b      0x280 CMakeFiles/pro1.elf.dir/Core/Src/retarget.c.obj
 .debug_abbrev  0x000008ab       0xe5 CMakeFiles/pro1.elf.dir/Core/Src/stm32f1xx_hal_msp.c.obj
 .debug_abbrev  0x00000990      0x1f4 CMakeFiles/pro1.elf.dir/Core/Src/stm32f1xx_it.c.obj
 .debug_abbrev  0x00000b84      0x1a3 CMakeFiles/pro1.elf.dir/Core/Src/syscalls.c.obj
 .debug_abbrev  0x00000d27       0xe7 CMakeFiles/pro1.elf.dir/Core/Src/sysmem.c.obj
 .debug_abbrev  0x00000e0e      0x13e CMakeFiles/pro1.elf.dir/Core/Src/system_stm32f1xx.c.obj
 .debug_abbrev  0x00000f4c      0x1de CMakeFiles/pro1.elf.dir/Core/Src/tim.c.obj
 .debug_abbrev  0x0000112a      0x1c8 CMakeFiles/pro1.elf.dir/Core/Src/usart.c.obj
 .debug_abbrev  0x000012f2       0x12 CMakeFiles/pro1.elf.dir/Core/Startup/startup_stm32f103c8tx.s.obj
 .debug_abbrev  0x00001304      0x1f4 CMakeFiles/pro1.elf.dir/Drivers/STM32F1xx_HAL_Driver/Src/stm32f1xx_hal.c.obj
 .debug_abbrev  0x000014f8      0x1fc CMakeFiles/pro1.elf.dir/Drivers/STM32F1xx_HAL_Driver/Src/stm32f1xx_hal_adc.c.obj
 .debug_abbrev  0x000016f4      0x248 CMakeFiles/pro1.elf.dir/Drivers/STM32F1xx_HAL_Driver/Src/stm32f1xx_hal_adc_ex.c.obj
 .debug_abbrev  0x0000193c      0x341 CMakeFiles/pro1.elf.dir/Drivers/STM32F1xx_HAL_Driver/Src/stm32f1xx_hal_cortex.c.obj
 .debug_abbrev  0x00001c7d      0x223 CMakeFiles/pro1.elf.dir/Drivers/STM32F1xx_HAL_Driver/Src/stm32f1xx_hal_dma.c.obj
 .debug_abbrev  0x00001ea0      0x1e6 CMakeFiles/pro1.elf.dir/Drivers/STM32F1xx_HAL_Driver/Src/stm32f1xx_hal_gpio.c.obj
 .debug_abbrev  0x00002086      0x27a CMakeFiles/pro1.elf.dir/Drivers/STM32F1xx_HAL_Driver/Src/stm32f1xx_hal_rcc.c.obj
 .debug_abbrev  0x00002300      0x1d2 CMakeFiles/pro1.elf.dir/Drivers/STM32F1xx_HAL_Driver/Src/stm32f1xx_hal_rcc_ex.c.obj
 .debug_abbrev  0x000024d2      0x245 CMakeFiles/pro1.elf.dir/Drivers/STM32F1xx_HAL_Driver/Src/stm32f1xx_hal_tim.c.obj
 .debug_abbrev  0x00002717      0x248 CMakeFiles/pro1.elf.dir/Drivers/STM32F1xx_HAL_Driver/Src/stm32f1xx_hal_tim_ex.c.obj
 .debug_abbrev  0x0000295f      0x2dd CMakeFiles/pro1.elf.dir/Drivers/STM32F1xx_HAL_Driver/Src/stm32f1xx_hal_uart.c.obj

.debug_loc      0x00000000     0xef7d
 .debug_loc     0x00000000       0x71 CMakeFiles/pro1.elf.dir/Core/Src/adc.c.obj
 .debug_loc     0x00000071       0x23 CMakeFiles/pro1.elf.dir/Core/Src/main.c.obj
 .debug_loc     0x00000094       0xba CMakeFiles/pro1.elf.dir/Core/Src/retarget.c.obj
 .debug_loc     0x0000014e       0x15 CMakeFiles/pro1.elf.dir/Core/Src/stm32f1xx_hal_msp.c.obj
 .debug_loc     0x00000163       0x42 CMakeFiles/pro1.elf.dir/Core/Src/stm32f1xx_it.c.obj
 .debug_loc     0x000001a5      0x37b CMakeFiles/pro1.elf.dir/Core/Src/syscalls.c.obj
 .debug_loc     0x00000520       0x64 CMakeFiles/pro1.elf.dir/Core/Src/sysmem.c.obj
 .debug_loc     0x00000584       0xff CMakeFiles/pro1.elf.dir/Core/Src/system_stm32f1xx.c.obj
 .debug_loc     0x00000683       0x67 CMakeFiles/pro1.elf.dir/Core/Src/tim.c.obj
 .debug_loc     0x000006ea       0x84 CMakeFiles/pro1.elf.dir/Core/Src/usart.c.obj
 .debug_loc     0x0000076e      0x141 CMakeFiles/pro1.elf.dir/Drivers/STM32F1xx_HAL_Driver/Src/stm32f1xx_hal.c.obj
 .debug_loc     0x000008af      0xb03 CMakeFiles/pro1.elf.dir/Drivers/STM32F1xx_HAL_Driver/Src/stm32f1xx_hal_adc.c.obj
 .debug_loc     0x000013b2      0x801 CMakeFiles/pro1.elf.dir/Drivers/STM32F1xx_HAL_Driver/Src/stm32f1xx_hal_adc_ex.c.obj
 .debug_loc     0x00001bb3      0x71f CMakeFiles/pro1.elf.dir/Drivers/STM32F1xx_HAL_Driver/Src/stm32f1xx_hal_cortex.c.obj
 .debug_loc     0x000022d2      0x7d1 CMakeFiles/pro1.elf.dir/Drivers/STM32F1xx_HAL_Driver/Src/stm32f1xx_hal_dma.c.obj
 .debug_loc     0x00002aa3      0x47d CMakeFiles/pro1.elf.dir/Drivers/STM32F1xx_HAL_Driver/Src/stm32f1xx_hal_gpio.c.obj
 .debug_loc     0x00002f20      0x618 CMakeFiles/pro1.elf.dir/Drivers/STM32F1xx_HAL_Driver/Src/stm32f1xx_hal_rcc.c.obj
 .debug_loc     0x00003538      0x43d CMakeFiles/pro1.elf.dir/Drivers/STM32F1xx_HAL_Driver/Src/stm32f1xx_hal_rcc_ex.c.obj
 .debug_loc     0x00003975     0x50fa CMakeFiles/pro1.elf.dir/Drivers/STM32F1xx_HAL_Driver/Src/stm32f1xx_hal_tim.c.obj
 .debug_loc     0x00008a6f     0x1c93 CMakeFiles/pro1.elf.dir/Drivers/STM32F1xx_HAL_Driver/Src/stm32f1xx_hal_tim_ex.c.obj
 .debug_loc     0x0000a702     0x487b CMakeFiles/pro1.elf.dir/Drivers/STM32F1xx_HAL_Driver/Src/stm32f1xx_hal_uart.c.obj

.debug_aranges  0x00000000      0xe98
 .debug_aranges
                0x00000000       0x38 CMakeFiles/pro1.elf.dir/Core/Src/adc.c.obj
 .debug_aranges
                0x00000038       0x20 CMakeFiles/pro1.elf.dir/Core/Src/dma.c.obj
 .debug_aranges
                0x00000058       0x20 CMakeFiles/pro1.elf.dir/Core/Src/gpio.c.obj
 .debug_aranges
                0x00000078       0x38 CMakeFiles/pro1.elf.dir/Core/Src/main.c.obj
 .debug_aranges
                0x000000b0       0x30 CMakeFiles/pro1.elf.dir/Core/Src/retarget.c.obj
 .debug_aranges
                0x000000e0       0x20 CMakeFiles/pro1.elf.dir/Core/Src/stm32f1xx_hal_msp.c.obj
 .debug_aranges
                0x00000100       0x78 CMakeFiles/pro1.elf.dir/Core/Src/stm32f1xx_it.c.obj
 .debug_aranges
                0x00000178       0x98 CMakeFiles/pro1.elf.dir/Core/Src/syscalls.c.obj
 .debug_aranges
                0x00000210       0x20 CMakeFiles/pro1.elf.dir/Core/Src/sysmem.c.obj
 .debug_aranges
                0x00000230       0x28 CMakeFiles/pro1.elf.dir/Core/Src/system_stm32f1xx.c.obj
 .debug_aranges
                0x00000258       0x30 CMakeFiles/pro1.elf.dir/Core/Src/tim.c.obj
 .debug_aranges
                0x00000288       0x30 CMakeFiles/pro1.elf.dir/Core/Src/usart.c.obj
 .debug_aranges
                0x000002b8       0x28 CMakeFiles/pro1.elf.dir/Core/Startup/startup_stm32f103c8tx.s.obj
 .debug_aranges
                0x000002e0       0xe0 CMakeFiles/pro1.elf.dir/Drivers/STM32F1xx_HAL_Driver/Src/stm32f1xx_hal.c.obj
 .debug_aranges
                0x000003c0       0xf0 CMakeFiles/pro1.elf.dir/Drivers/STM32F1xx_HAL_Driver/Src/stm32f1xx_hal_adc.c.obj
 .debug_aranges
                0x000004b0       0x80 CMakeFiles/pro1.elf.dir/Drivers/STM32F1xx_HAL_Driver/Src/stm32f1xx_hal_adc_ex.c.obj
 .debug_aranges
                0x00000530       0x90 CMakeFiles/pro1.elf.dir/Drivers/STM32F1xx_HAL_Driver/Src/stm32f1xx_hal_cortex.c.obj
 .debug_aranges
                0x000005c0       0x80 CMakeFiles/pro1.elf.dir/Drivers/STM32F1xx_HAL_Driver/Src/stm32f1xx_hal_dma.c.obj
 .debug_aranges
                0x00000640       0x58 CMakeFiles/pro1.elf.dir/Drivers/STM32F1xx_HAL_Driver/Src/stm32f1xx_hal_gpio.c.obj
 .debug_aranges
                0x00000698       0x90 CMakeFiles/pro1.elf.dir/Drivers/STM32F1xx_HAL_Driver/Src/stm32f1xx_hal_rcc.c.obj
 .debug_aranges
                0x00000728       0x30 CMakeFiles/pro1.elf.dir/Drivers/STM32F1xx_HAL_Driver/Src/stm32f1xx_hal_rcc_ex.c.obj
 .debug_aranges
                0x00000758      0x3d0 CMakeFiles/pro1.elf.dir/Drivers/STM32F1xx_HAL_Driver/Src/stm32f1xx_hal_tim.c.obj
 .debug_aranges
                0x00000b28      0x168 CMakeFiles/pro1.elf.dir/Drivers/STM32F1xx_HAL_Driver/Src/stm32f1xx_hal_tim_ex.c.obj
 .debug_aranges
                0x00000c90      0x208 CMakeFiles/pro1.elf.dir/Drivers/STM32F1xx_HAL_Driver/Src/stm32f1xx_hal_uart.c.obj

.debug_ranges   0x00000000      0xdd0
 .debug_ranges  0x00000000       0x28 CMakeFiles/pro1.elf.dir/Core/Src/adc.c.obj
 .debug_ranges  0x00000028       0x10 CMakeFiles/pro1.elf.dir/Core/Src/dma.c.obj
 .debug_ranges  0x00000038       0x10 CMakeFiles/pro1.elf.dir/Core/Src/gpio.c.obj
 .debug_ranges  0x00000048       0x28 CMakeFiles/pro1.elf.dir/Core/Src/main.c.obj
 .debug_ranges  0x00000070       0x20 CMakeFiles/pro1.elf.dir/Core/Src/retarget.c.obj
 .debug_ranges  0x00000090       0x10 CMakeFiles/pro1.elf.dir/Core/Src/stm32f1xx_hal_msp.c.obj
 .debug_ranges  0x000000a0       0x68 CMakeFiles/pro1.elf.dir/Core/Src/stm32f1xx_it.c.obj
 .debug_ranges  0x00000108       0x88 CMakeFiles/pro1.elf.dir/Core/Src/syscalls.c.obj
 .debug_ranges  0x00000190       0x10 CMakeFiles/pro1.elf.dir/Core/Src/sysmem.c.obj
 .debug_ranges  0x000001a0       0x18 CMakeFiles/pro1.elf.dir/Core/Src/system_stm32f1xx.c.obj
 .debug_ranges  0x000001b8       0x20 CMakeFiles/pro1.elf.dir/Core/Src/tim.c.obj
 .debug_ranges  0x000001d8       0x20 CMakeFiles/pro1.elf.dir/Core/Src/usart.c.obj
 .debug_ranges  0x000001f8       0x20 CMakeFiles/pro1.elf.dir/Core/Startup/startup_stm32f103c8tx.s.obj
 .debug_ranges  0x00000218       0xd0 CMakeFiles/pro1.elf.dir/Drivers/STM32F1xx_HAL_Driver/Src/stm32f1xx_hal.c.obj
 .debug_ranges  0x000002e8       0xe0 CMakeFiles/pro1.elf.dir/Drivers/STM32F1xx_HAL_Driver/Src/stm32f1xx_hal_adc.c.obj
 .debug_ranges  0x000003c8       0x70 CMakeFiles/pro1.elf.dir/Drivers/STM32F1xx_HAL_Driver/Src/stm32f1xx_hal_adc_ex.c.obj
 .debug_ranges  0x00000438       0xe0 CMakeFiles/pro1.elf.dir/Drivers/STM32F1xx_HAL_Driver/Src/stm32f1xx_hal_cortex.c.obj
 .debug_ranges  0x00000518       0x70 CMakeFiles/pro1.elf.dir/Drivers/STM32F1xx_HAL_Driver/Src/stm32f1xx_hal_dma.c.obj
 .debug_ranges  0x00000588       0x48 CMakeFiles/pro1.elf.dir/Drivers/STM32F1xx_HAL_Driver/Src/stm32f1xx_hal_gpio.c.obj
 .debug_ranges  0x000005d0       0xa0 CMakeFiles/pro1.elf.dir/Drivers/STM32F1xx_HAL_Driver/Src/stm32f1xx_hal_rcc.c.obj
 .debug_ranges  0x00000670       0x38 CMakeFiles/pro1.elf.dir/Drivers/STM32F1xx_HAL_Driver/Src/stm32f1xx_hal_rcc_ex.c.obj
 .debug_ranges  0x000006a8      0x3c0 CMakeFiles/pro1.elf.dir/Drivers/STM32F1xx_HAL_Driver/Src/stm32f1xx_hal_tim.c.obj
 .debug_ranges  0x00000a68      0x158 CMakeFiles/pro1.elf.dir/Drivers/STM32F1xx_HAL_Driver/Src/stm32f1xx_hal_tim_ex.c.obj
 .debug_ranges  0x00000bc0      0x210 CMakeFiles/pro1.elf.dir/Drivers/STM32F1xx_HAL_Driver/Src/stm32f1xx_hal_uart.c.obj

.debug_line     0x00000000    0x11919
 .debug_line    0x00000000      0x3fa CMakeFiles/pro1.elf.dir/Core/Src/adc.c.obj
 .debug_line    0x000003fa      0x190 CMakeFiles/pro1.elf.dir/Core/Src/dma.c.obj
 .debug_line    0x0000058a      0x226 CMakeFiles/pro1.elf.dir/Core/Src/gpio.c.obj
 .debug_line    0x000007b0      0x4c3 CMakeFiles/pro1.elf.dir/Core/Src/main.c.obj
 .debug_line    0x00000c73      0x378 CMakeFiles/pro1.elf.dir/Core/Src/retarget.c.obj
 .debug_line    0x00000feb      0x1aa CMakeFiles/pro1.elf.dir/Core/Src/stm32f1xx_hal_msp.c.obj
 .debug_line    0x00001195      0x3a8 CMakeFiles/pro1.elf.dir/Core/Src/stm32f1xx_it.c.obj
 .debug_line    0x0000153d      0x3f0 CMakeFiles/pro1.elf.dir/Core/Src/syscalls.c.obj
 .debug_line    0x0000192d      0x1e5 CMakeFiles/pro1.elf.dir/Core/Src/sysmem.c.obj
 .debug_line    0x00001b12      0x274 CMakeFiles/pro1.elf.dir/Core/Src/system_stm32f1xx.c.obj
 .debug_line    0x00001d86      0x376 CMakeFiles/pro1.elf.dir/Core/Src/tim.c.obj
 .debug_line    0x000020fc      0x36d CMakeFiles/pro1.elf.dir/Core/Src/usart.c.obj
 .debug_line    0x00002469       0xa9 CMakeFiles/pro1.elf.dir/Core/Startup/startup_stm32f103c8tx.s.obj
 .debug_line    0x00002512      0x5a8 CMakeFiles/pro1.elf.dir/Drivers/STM32F1xx_HAL_Driver/Src/stm32f1xx_hal.c.obj
 .debug_line    0x00002aba      0xf41 CMakeFiles/pro1.elf.dir/Drivers/STM32F1xx_HAL_Driver/Src/stm32f1xx_hal_adc.c.obj
 .debug_line    0x000039fb      0xc29 CMakeFiles/pro1.elf.dir/Drivers/STM32F1xx_HAL_Driver/Src/stm32f1xx_hal_adc_ex.c.obj
 .debug_line    0x00004624      0x68d CMakeFiles/pro1.elf.dir/Drivers/STM32F1xx_HAL_Driver/Src/stm32f1xx_hal_cortex.c.obj
 .debug_line    0x00004cb1      0xaae CMakeFiles/pro1.elf.dir/Drivers/STM32F1xx_HAL_Driver/Src/stm32f1xx_hal_dma.c.obj
 .debug_line    0x0000575f      0x635 CMakeFiles/pro1.elf.dir/Drivers/STM32F1xx_HAL_Driver/Src/stm32f1xx_hal_gpio.c.obj
 .debug_line    0x00005d94      0xc72 CMakeFiles/pro1.elf.dir/Drivers/STM32F1xx_HAL_Driver/Src/stm32f1xx_hal_rcc.c.obj
 .debug_line    0x00006a06      0x4e7 CMakeFiles/pro1.elf.dir/Drivers/STM32F1xx_HAL_Driver/Src/stm32f1xx_hal_rcc_ex.c.obj
 .debug_line    0x00006eed     0x49cd CMakeFiles/pro1.elf.dir/Drivers/STM32F1xx_HAL_Driver/Src/stm32f1xx_hal_tim.c.obj
 .debug_line    0x0000b8ba     0x1c42 CMakeFiles/pro1.elf.dir/Drivers/STM32F1xx_HAL_Driver/Src/stm32f1xx_hal_tim_ex.c.obj
 .debug_line    0x0000d4fc     0x441d CMakeFiles/pro1.elf.dir/Drivers/STM32F1xx_HAL_Driver/Src/stm32f1xx_hal_uart.c.obj

.debug_str      0x00000000     0x4887
 .debug_str     0x00000000      0x618 CMakeFiles/pro1.elf.dir/Core/Src/adc.c.obj
                                0x6db (size before relaxing)
 .debug_str     0x00000618       0x41 CMakeFiles/pro1.elf.dir/Core/Src/dma.c.obj
                                0x227 (size before relaxing)
 .debug_str     0x00000659       0x71 CMakeFiles/pro1.elf.dir/Core/Src/gpio.c.obj
                                0x2c1 (size before relaxing)
 .debug_str     0x000006ca      0x760 CMakeFiles/pro1.elf.dir/Core/Src/main.c.obj
                                0xce6 (size before relaxing)
 .debug_str     0x00000e2a      0x3f9 CMakeFiles/pro1.elf.dir/Core/Src/retarget.c.obj
                                0x9d4 (size before relaxing)
 .debug_str     0x00001223       0x7d CMakeFiles/pro1.elf.dir/Core/Src/stm32f1xx_hal_msp.c.obj
                                0x263 (size before relaxing)
 .debug_str     0x000012a0      0x178 CMakeFiles/pro1.elf.dir/Core/Src/stm32f1xx_it.c.obj
                                0x811 (size before relaxing)
 .debug_str     0x00001418      0x205 CMakeFiles/pro1.elf.dir/Core/Src/syscalls.c.obj
                                0x421 (size before relaxing)
 .debug_str     0x0000161d       0x98 CMakeFiles/pro1.elf.dir/Core/Src/sysmem.c.obj
                                0x25c (size before relaxing)
 .debug_str     0x000016b5       0xa1 CMakeFiles/pro1.elf.dir/Core/Src/system_stm32f1xx.c.obj
                                0x298 (size before relaxing)
 .debug_str     0x00001756      0x470 CMakeFiles/pro1.elf.dir/Core/Src/tim.c.obj
                                0xb5d (size before relaxing)
 .debug_str     0x00001bc6       0x74 CMakeFiles/pro1.elf.dir/Core/Src/usart.c.obj
                                0x704 (size before relaxing)
 .debug_str     0x00001c3a       0x59 CMakeFiles/pro1.elf.dir/Core/Startup/startup_stm32f103c8tx.s.obj
                                 0x91 (size before relaxing)
 .debug_str     0x00001c93      0x32c CMakeFiles/pro1.elf.dir/Drivers/STM32F1xx_HAL_Driver/Src/stm32f1xx_hal.c.obj
                                0x868 (size before relaxing)
 .debug_str     0x00001fbf      0x2fc CMakeFiles/pro1.elf.dir/Drivers/STM32F1xx_HAL_Driver/Src/stm32f1xx_hal_adc.c.obj
                                0x91e (size before relaxing)
 .debug_str     0x000022bb      0x298 CMakeFiles/pro1.elf.dir/Drivers/STM32F1xx_HAL_Driver/Src/stm32f1xx_hal_adc_ex.c.obj
                                0x8d0 (size before relaxing)
 .debug_str     0x00002553      0x3c1 CMakeFiles/pro1.elf.dir/Drivers/STM32F1xx_HAL_Driver/Src/stm32f1xx_hal_cortex.c.obj
                                0x917 (size before relaxing)
 .debug_str     0x00002914      0x214 CMakeFiles/pro1.elf.dir/Drivers/STM32F1xx_HAL_Driver/Src/stm32f1xx_hal_dma.c.obj
                                0x641 (size before relaxing)
 .debug_str     0x00002b28      0x125 CMakeFiles/pro1.elf.dir/Drivers/STM32F1xx_HAL_Driver/Src/stm32f1xx_hal_gpio.c.obj
                                0x444 (size before relaxing)
 .debug_str     0x00002c4d      0x208 CMakeFiles/pro1.elf.dir/Drivers/STM32F1xx_HAL_Driver/Src/stm32f1xx_hal_rcc.c.obj
                                0x66f (size before relaxing)
 .debug_str     0x00002e55       0xa7 CMakeFiles/pro1.elf.dir/Drivers/STM32F1xx_HAL_Driver/Src/stm32f1xx_hal_rcc_ex.c.obj
                                0x417 (size before relaxing)
 .debug_str     0x00002efc      0xe23 CMakeFiles/pro1.elf.dir/Drivers/STM32F1xx_HAL_Driver/Src/stm32f1xx_hal_tim.c.obj
                               0x1683 (size before relaxing)
 .debug_str     0x00003d1f      0x547 CMakeFiles/pro1.elf.dir/Drivers/STM32F1xx_HAL_Driver/Src/stm32f1xx_hal_tim_ex.c.obj
                                0xe84 (size before relaxing)
 .debug_str     0x00004266      0x621 CMakeFiles/pro1.elf.dir/Drivers/STM32F1xx_HAL_Driver/Src/stm32f1xx_hal_uart.c.obj
                                0xd38 (size before relaxing)

.comment        0x00000000       0x49
 .comment       0x00000000       0x49 CMakeFiles/pro1.elf.dir/Core/Src/adc.c.obj
                                 0x4a (size before relaxing)
 .comment       0x00000049       0x4a CMakeFiles/pro1.elf.dir/Core/Src/dma.c.obj
 .comment       0x00000049       0x4a CMakeFiles/pro1.elf.dir/Core/Src/gpio.c.obj
 .comment       0x00000049       0x4a CMakeFiles/pro1.elf.dir/Core/Src/main.c.obj
 .comment       0x00000049       0x4a CMakeFiles/pro1.elf.dir/Core/Src/retarget.c.obj
 .comment       0x00000049       0x4a CMakeFiles/pro1.elf.dir/Core/Src/stm32f1xx_hal_msp.c.obj
 .comment       0x00000049       0x4a CMakeFiles/pro1.elf.dir/Core/Src/stm32f1xx_it.c.obj
 .comment       0x00000049       0x4a CMakeFiles/pro1.elf.dir/Core/Src/syscalls.c.obj
 .comment       0x00000049       0x4a CMakeFiles/pro1.elf.dir/Core/Src/sysmem.c.obj
 .comment       0x00000049       0x4a CMakeFiles/pro1.elf.dir/Core/Src/system_stm32f1xx.c.obj
 .comment       0x00000049       0x4a CMakeFiles/pro1.elf.dir/Core/Src/tim.c.obj
 .comment       0x00000049       0x4a CMakeFiles/pro1.elf.dir/Core/Src/usart.c.obj
 .comment       0x00000049       0x4a CMakeFiles/pro1.elf.dir/Drivers/STM32F1xx_HAL_Driver/Src/stm32f1xx_hal.c.obj
 .comment       0x00000049       0x4a CMakeFiles/pro1.elf.dir/Drivers/STM32F1xx_HAL_Driver/Src/stm32f1xx_hal_adc.c.obj
 .comment       0x00000049       0x4a CMakeFiles/pro1.elf.dir/Drivers/STM32F1xx_HAL_Driver/Src/stm32f1xx_hal_adc_ex.c.obj
 .comment       0x00000049       0x4a CMakeFiles/pro1.elf.dir/Drivers/STM32F1xx_HAL_Driver/Src/stm32f1xx_hal_cortex.c.obj
 .comment       0x00000049       0x4a CMakeFiles/pro1.elf.dir/Drivers/STM32F1xx_HAL_Driver/Src/stm32f1xx_hal_dma.c.obj
 .comment       0x00000049       0x4a CMakeFiles/pro1.elf.dir/Drivers/STM32F1xx_HAL_Driver/Src/stm32f1xx_hal_gpio.c.obj
 .comment       0x00000049       0x4a CMakeFiles/pro1.elf.dir/Drivers/STM32F1xx_HAL_Driver/Src/stm32f1xx_hal_rcc.c.obj
 .comment       0x00000049       0x4a CMakeFiles/pro1.elf.dir/Drivers/STM32F1xx_HAL_Driver/Src/stm32f1xx_hal_rcc_ex.c.obj
 .comment       0x00000049       0x4a CMakeFiles/pro1.elf.dir/Drivers/STM32F1xx_HAL_Driver/Src/stm32f1xx_hal_tim.c.obj
 .comment       0x00000049       0x4a CMakeFiles/pro1.elf.dir/Drivers/STM32F1xx_HAL_Driver/Src/stm32f1xx_hal_tim_ex.c.obj
 .comment       0x00000049       0x4a CMakeFiles/pro1.elf.dir/Drivers/STM32F1xx_HAL_Driver/Src/stm32f1xx_hal_uart.c.obj

.debug_frame    0x00000000     0x2fb4
 .debug_frame   0x00000000       0x80 CMakeFiles/pro1.elf.dir/Core/Src/adc.c.obj
 .debug_frame   0x00000080       0x28 CMakeFiles/pro1.elf.dir/Core/Src/dma.c.obj
 .debug_frame   0x000000a8       0x30 CMakeFiles/pro1.elf.dir/Core/Src/gpio.c.obj
 .debug_frame   0x000000d8       0x78 CMakeFiles/pro1.elf.dir/Core/Src/main.c.obj
 .debug_frame   0x00000150       0x58 CMakeFiles/pro1.elf.dir/Core/Src/retarget.c.obj
 .debug_frame   0x000001a8       0x28 CMakeFiles/pro1.elf.dir/Core/Src/stm32f1xx_hal_msp.c.obj
 .debug_frame   0x000001d0       0xf0 CMakeFiles/pro1.elf.dir/Core/Src/stm32f1xx_it.c.obj
 .debug_frame   0x000002c0      0x170 CMakeFiles/pro1.elf.dir/Core/Src/syscalls.c.obj
 .debug_frame   0x00000430       0x28 CMakeFiles/pro1.elf.dir/Core/Src/sysmem.c.obj
 .debug_frame   0x00000458       0x30 CMakeFiles/pro1.elf.dir/Core/Src/system_stm32f1xx.c.obj
 .debug_frame   0x00000488       0x64 CMakeFiles/pro1.elf.dir/Core/Src/tim.c.obj
 .debug_frame   0x000004ec       0x60 CMakeFiles/pro1.elf.dir/Core/Src/usart.c.obj
 .debug_frame   0x0000054c      0x1cc CMakeFiles/pro1.elf.dir/Drivers/STM32F1xx_HAL_Driver/Src/stm32f1xx_hal.c.obj
 .debug_frame   0x00000718      0x2c8 CMakeFiles/pro1.elf.dir/Drivers/STM32F1xx_HAL_Driver/Src/stm32f1xx_hal_adc.c.obj
 .debug_frame   0x000009e0      0x19c CMakeFiles/pro1.elf.dir/Drivers/STM32F1xx_HAL_Driver/Src/stm32f1xx_hal_adc_ex.c.obj
 .debug_frame   0x00000b7c      0x118 CMakeFiles/pro1.elf.dir/Drivers/STM32F1xx_HAL_Driver/Src/stm32f1xx_hal_cortex.c.obj
 .debug_frame   0x00000c94      0x144 CMakeFiles/pro1.elf.dir/Drivers/STM32F1xx_HAL_Driver/Src/stm32f1xx_hal_dma.c.obj
 .debug_frame   0x00000dd8       0xe4 CMakeFiles/pro1.elf.dir/Drivers/STM32F1xx_HAL_Driver/Src/stm32f1xx_hal_gpio.c.obj
 .debug_frame   0x00000ebc      0x184 CMakeFiles/pro1.elf.dir/Drivers/STM32F1xx_HAL_Driver/Src/stm32f1xx_hal_rcc.c.obj
 .debug_frame   0x00001040       0x5c CMakeFiles/pro1.elf.dir/Drivers/STM32F1xx_HAL_Driver/Src/stm32f1xx_hal_rcc_ex.c.obj
 .debug_frame   0x0000109c      0xb18 CMakeFiles/pro1.elf.dir/Drivers/STM32F1xx_HAL_Driver/Src/stm32f1xx_hal_tim.c.obj
 .debug_frame   0x00001bb4      0x40c CMakeFiles/pro1.elf.dir/Drivers/STM32F1xx_HAL_Driver/Src/stm32f1xx_hal_tim_ex.c.obj
 .debug_frame   0x00001fc0      0x5d8 CMakeFiles/pro1.elf.dir/Drivers/STM32F1xx_HAL_Driver/Src/stm32f1xx_hal_uart.c.obj
 .debug_frame   0x00002598       0x20 e:/workspace/clion/gcc-arm-none-eabi-10.3-2021.10/bin/../lib/gcc/arm-none-eabi/10.3.1/../../../../arm-none-eabi/lib/thumb/v7-m/nofp\libg.a(lib_a-errno.o)
 .debug_frame   0x000025b8       0x2c e:/workspace/clion/gcc-arm-none-eabi-10.3-2021.10/bin/../lib/gcc/arm-none-eabi/10.3.1/../../../../arm-none-eabi/lib/thumb/v7-m/nofp\libg.a(lib_a-init.o)
 .debug_frame   0x000025e4       0x2c e:/workspace/clion/gcc-arm-none-eabi-10.3-2021.10/bin/../lib/gcc/arm-none-eabi/10.3.1/../../../../arm-none-eabi/lib/thumb/v7-m/nofp\libg.a(lib_a-memset.o)
 .debug_frame   0x00002610       0x48 e:/workspace/clion/gcc-arm-none-eabi-10.3-2021.10/bin/../lib/gcc/arm-none-eabi/10.3.1/../../../../arm-none-eabi/lib/thumb/v7-m/nofp\libg.a(lib_a-puts.o)
 .debug_frame   0x00002658       0x48 e:/workspace/clion/gcc-arm-none-eabi-10.3-2021.10/bin/../lib/gcc/arm-none-eabi/10.3.1/../../../../arm-none-eabi/lib/thumb/v7-m/nofp\libg.a(lib_a-setvbuf.o)
 .debug_frame   0x000026a0       0x20 e:/workspace/clion/gcc-arm-none-eabi-10.3-2021.10/bin/../lib/gcc/arm-none-eabi/10.3.1/../../../../arm-none-eabi/lib/thumb/v7-m/nofp\libg.a(lib_a-strlen-stub.o)
 .debug_frame   0x000026c0       0x5c e:/workspace/clion/gcc-arm-none-eabi-10.3-2021.10/bin/../lib/gcc/arm-none-eabi/10.3.1/../../../../arm-none-eabi/lib/thumb/v7-m/nofp\libg.a(lib_a-__call_atexit.o)
 .debug_frame   0x0000271c       0x20 e:/workspace/clion/gcc-arm-none-eabi-10.3-2021.10/bin/../lib/gcc/arm-none-eabi/10.3.1/../../../../arm-none-eabi/lib/thumb/v7-m/nofp\libg.a(lib_a-atexit.o)
 .debug_frame   0x0000273c       0x70 e:/workspace/clion/gcc-arm-none-eabi-10.3-2021.10/bin/../lib/gcc/arm-none-eabi/10.3.1/../../../../arm-none-eabi/lib/thumb/v7-m/nofp\libg.a(lib_a-fflush.o)
 .debug_frame   0x000027ac      0x154 e:/workspace/clion/gcc-arm-none-eabi-10.3-2021.10/bin/../lib/gcc/arm-none-eabi/10.3.1/../../../../arm-none-eabi/lib/thumb/v7-m/nofp\libg.a(lib_a-findfp.o)
 .debug_frame   0x00002900       0x34 e:/workspace/clion/gcc-arm-none-eabi-10.3-2021.10/bin/../lib/gcc/arm-none-eabi/10.3.1/../../../../arm-none-eabi/lib/thumb/v7-m/nofp\libg.a(lib_a-fini.o)
 .debug_frame   0x00002934       0x8c e:/workspace/clion/gcc-arm-none-eabi-10.3-2021.10/bin/../lib/gcc/arm-none-eabi/10.3.1/../../../../arm-none-eabi/lib/thumb/v7-m/nofp\libg.a(lib_a-freer.o)
 .debug_frame   0x000029c0       0x64 e:/workspace/clion/gcc-arm-none-eabi-10.3-2021.10/bin/../lib/gcc/arm-none-eabi/10.3.1/../../../../arm-none-eabi/lib/thumb/v7-m/nofp\libg.a(lib_a-fvwrite.o)
 .debug_frame   0x00002a24       0x54 e:/workspace/clion/gcc-arm-none-eabi-10.3-2021.10/bin/../lib/gcc/arm-none-eabi/10.3.1/../../../../arm-none-eabi/lib/thumb/v7-m/nofp\libg.a(lib_a-fwalk.o)
 .debug_frame   0x00002a78       0xb0 e:/workspace/clion/gcc-arm-none-eabi-10.3-2021.10/bin/../lib/gcc/arm-none-eabi/10.3.1/../../../../arm-none-eabi/lib/thumb/v7-m/nofp\libg.a(lib_a-lock.o)
 .debug_frame   0x00002b28       0x70 e:/workspace/clion/gcc-arm-none-eabi-10.3-2021.10/bin/../lib/gcc/arm-none-eabi/10.3.1/../../../../arm-none-eabi/lib/thumb/v7-m/nofp\libg.a(lib_a-makebuf.o)
 .debug_frame   0x00002b98       0x30 e:/workspace/clion/gcc-arm-none-eabi-10.3-2021.10/bin/../lib/gcc/arm-none-eabi/10.3.1/../../../../arm-none-eabi/lib/thumb/v7-m/nofp\libg.a(lib_a-malloc.o)
 .debug_frame   0x00002bc8       0x4c e:/workspace/clion/gcc-arm-none-eabi-10.3-2021.10/bin/../lib/gcc/arm-none-eabi/10.3.1/../../../../arm-none-eabi/lib/thumb/v7-m/nofp\libg.a(lib_a-mallocr.o)
 .debug_frame   0x00002c14       0x28 e:/workspace/clion/gcc-arm-none-eabi-10.3-2021.10/bin/../lib/gcc/arm-none-eabi/10.3.1/../../../../arm-none-eabi/lib/thumb/v7-m/nofp\libg.a(lib_a-memchr-stub.o)
 .debug_frame   0x00002c3c       0x40 e:/workspace/clion/gcc-arm-none-eabi-10.3-2021.10/bin/../lib/gcc/arm-none-eabi/10.3.1/../../../../arm-none-eabi/lib/thumb/v7-m/nofp\libg.a(lib_a-memmove.o)
 .debug_frame   0x00002c7c       0x30 e:/workspace/clion/gcc-arm-none-eabi-10.3-2021.10/bin/../lib/gcc/arm-none-eabi/10.3.1/../../../../arm-none-eabi/lib/thumb/v7-m/nofp\libg.a(lib_a-mlock.o)
 .debug_frame   0x00002cac       0x48 e:/workspace/clion/gcc-arm-none-eabi-10.3-2021.10/bin/../lib/gcc/arm-none-eabi/10.3.1/../../../../arm-none-eabi/lib/thumb/v7-m/nofp\libg.a(lib_a-reallocr.o)
 .debug_frame   0x00002cf4       0x2c e:/workspace/clion/gcc-arm-none-eabi-10.3-2021.10/bin/../lib/gcc/arm-none-eabi/10.3.1/../../../../arm-none-eabi/lib/thumb/v7-m/nofp\libg.a(lib_a-sbrkr.o)
 .debug_frame   0x00002d20       0x8c e:/workspace/clion/gcc-arm-none-eabi-10.3-2021.10/bin/../lib/gcc/arm-none-eabi/10.3.1/../../../../arm-none-eabi/lib/thumb/v7-m/nofp\libg.a(lib_a-stdio.o)
 .debug_frame   0x00002dac       0x2c e:/workspace/clion/gcc-arm-none-eabi-10.3-2021.10/bin/../lib/gcc/arm-none-eabi/10.3.1/../../../../arm-none-eabi/lib/thumb/v7-m/nofp\libg.a(lib_a-writer.o)
 .debug_frame   0x00002dd8       0x2c e:/workspace/clion/gcc-arm-none-eabi-10.3-2021.10/bin/../lib/gcc/arm-none-eabi/10.3.1/../../../../arm-none-eabi/lib/thumb/v7-m/nofp\libg.a(lib_a-wsetup.o)
 .debug_frame   0x00002e04       0x34 e:/workspace/clion/gcc-arm-none-eabi-10.3-2021.10/bin/../lib/gcc/arm-none-eabi/10.3.1/../../../../arm-none-eabi/lib/thumb/v7-m/nofp\libg.a(lib_a-__atexit.o)
 .debug_frame   0x00002e38       0x2c e:/workspace/clion/gcc-arm-none-eabi-10.3-2021.10/bin/../lib/gcc/arm-none-eabi/10.3.1/../../../../arm-none-eabi/lib/thumb/v7-m/nofp\libg.a(lib_a-closer.o)
 .debug_frame   0x00002e64       0x3c e:/workspace/clion/gcc-arm-none-eabi-10.3-2021.10/bin/../lib/gcc/arm-none-eabi/10.3.1/../../../../arm-none-eabi/lib/thumb/v7-m/nofp\libg.a(lib_a-fclose.o)
 .debug_frame   0x00002ea0       0x2c e:/workspace/clion/gcc-arm-none-eabi-10.3-2021.10/bin/../lib/gcc/arm-none-eabi/10.3.1/../../../../arm-none-eabi/lib/thumb/v7-m/nofp\libg.a(lib_a-fstatr.o)
 .debug_frame   0x00002ecc       0x2c e:/workspace/clion/gcc-arm-none-eabi-10.3-2021.10/bin/../lib/gcc/arm-none-eabi/10.3.1/../../../../arm-none-eabi/lib/thumb/v7-m/nofp\libg.a(lib_a-isattyr.o)
 .debug_frame   0x00002ef8       0x2c e:/workspace/clion/gcc-arm-none-eabi-10.3-2021.10/bin/../lib/gcc/arm-none-eabi/10.3.1/../../../../arm-none-eabi/lib/thumb/v7-m/nofp\libg.a(lib_a-lseekr.o)
 .debug_frame   0x00002f24       0x2c e:/workspace/clion/gcc-arm-none-eabi-10.3-2021.10/bin/../lib/gcc/arm-none-eabi/10.3.1/../../../../arm-none-eabi/lib/thumb/v7-m/nofp\libg.a(lib_a-readr.o)
 .debug_frame   0x00002f50       0x64 e:/workspace/clion/gcc-arm-none-eabi-10.3-2021.10/bin/../lib/gcc/arm-none-eabi/10.3.1/../../../../arm-none-eabi/lib/thumb/v7-m/nofp\libg.a(lib_a-reent.o)
